Archive member included to satisfy reference by file (symbol)

c:/st/stm32cubeide_1.8.0/stm32cubeide/plugins/com.st.stm32cube.ide.mcu.externaltools.gnu-tools-for-stm32.9-2020-q2-update.win32_2.0.0.202105311346/tools/bin/../lib/gcc/arm-none-eabi/9.3.1/../../../../arm-none-eabi/lib/thumb/v7e-m+fp/hard\libc_nano.a(lib_a-errno.o)
                              ./Core/Src/syscalls.o (__errno)
c:/st/stm32cubeide_1.8.0/stm32cubeide/plugins/com.st.stm32cube.ide.mcu.externaltools.gnu-tools-for-stm32.9-2020-q2-update.win32_2.0.0.202105311346/tools/bin/../lib/gcc/arm-none-eabi/9.3.1/../../../../arm-none-eabi/lib/thumb/v7e-m+fp/hard\libc_nano.a(lib_a-exit.o)
                              c:/st/stm32cubeide_1.8.0/stm32cubeide/plugins/com.st.stm32cube.ide.mcu.externaltools.gnu-tools-for-stm32.9-2020-q2-update.win32_2.0.0.202105311346/tools/bin/../lib/gcc/arm-none-eabi/9.3.1/../../../../arm-none-eabi/lib/thumb/v7e-m+fp/hard/crt0.o (exit)
c:/st/stm32cubeide_1.8.0/stm32cubeide/plugins/com.st.stm32cube.ide.mcu.externaltools.gnu-tools-for-stm32.9-2020-q2-update.win32_2.0.0.202105311346/tools/bin/../lib/gcc/arm-none-eabi/9.3.1/../../../../arm-none-eabi/lib/thumb/v7e-m+fp/hard\libc_nano.a(lib_a-impure.o)
                              c:/st/stm32cubeide_1.8.0/stm32cubeide/plugins/com.st.stm32cube.ide.mcu.externaltools.gnu-tools-for-stm32.9-2020-q2-update.win32_2.0.0.202105311346/tools/bin/../lib/gcc/arm-none-eabi/9.3.1/../../../../arm-none-eabi/lib/thumb/v7e-m+fp/hard\libc_nano.a(lib_a-exit.o) (_global_impure_ptr)
c:/st/stm32cubeide_1.8.0/stm32cubeide/plugins/com.st.stm32cube.ide.mcu.externaltools.gnu-tools-for-stm32.9-2020-q2-update.win32_2.0.0.202105311346/tools/bin/../lib/gcc/arm-none-eabi/9.3.1/../../../../arm-none-eabi/lib/thumb/v7e-m+fp/hard\libc_nano.a(lib_a-init.o)
                              c:/st/stm32cubeide_1.8.0/stm32cubeide/plugins/com.st.stm32cube.ide.mcu.externaltools.gnu-tools-for-stm32.9-2020-q2-update.win32_2.0.0.202105311346/tools/bin/../lib/gcc/arm-none-eabi/9.3.1/../../../../arm-none-eabi/lib/thumb/v7e-m+fp/hard/crt0.o (__libc_init_array)
c:/st/stm32cubeide_1.8.0/stm32cubeide/plugins/com.st.stm32cube.ide.mcu.externaltools.gnu-tools-for-stm32.9-2020-q2-update.win32_2.0.0.202105311346/tools/bin/../lib/gcc/arm-none-eabi/9.3.1/../../../../arm-none-eabi/lib/thumb/v7e-m+fp/hard\libc_nano.a(lib_a-memset.o)
                              c:/st/stm32cubeide_1.8.0/stm32cubeide/plugins/com.st.stm32cube.ide.mcu.externaltools.gnu-tools-for-stm32.9-2020-q2-update.win32_2.0.0.202105311346/tools/bin/../lib/gcc/arm-none-eabi/9.3.1/../../../../arm-none-eabi/lib/thumb/v7e-m+fp/hard/crt0.o (memset)
c:/st/stm32cubeide_1.8.0/stm32cubeide/plugins/com.st.stm32cube.ide.mcu.externaltools.gnu-tools-for-stm32.9-2020-q2-update.win32_2.0.0.202105311346/tools/bin/../lib/gcc/arm-none-eabi/9.3.1/../../../../arm-none-eabi/lib/thumb/v7e-m+fp/hard\libc_nano.a(lib_a-sprintf.o)
                              ./Core/Src/examples/ex_01a_simple_tx/ex_01a_main.o (sprintf)
c:/st/stm32cubeide_1.8.0/stm32cubeide/plugins/com.st.stm32cube.ide.mcu.externaltools.gnu-tools-for-stm32.9-2020-q2-update.win32_2.0.0.202105311346/tools/bin/../lib/gcc/arm-none-eabi/9.3.1/../../../../arm-none-eabi/lib/thumb/v7e-m+fp/hard\libc_nano.a(lib_a-strlen.o)
                              ./Core/Src/platform/stdio_d.o (strlen)
c:/st/stm32cubeide_1.8.0/stm32cubeide/plugins/com.st.stm32cube.ide.mcu.externaltools.gnu-tools-for-stm32.9-2020-q2-update.win32_2.0.0.202105311346/tools/bin/../lib/gcc/arm-none-eabi/9.3.1/../../../../arm-none-eabi/lib/thumb/v7e-m+fp/hard\libc_nano.a(lib_a-nano-svfprintf.o)
                              c:/st/stm32cubeide_1.8.0/stm32cubeide/plugins/com.st.stm32cube.ide.mcu.externaltools.gnu-tools-for-stm32.9-2020-q2-update.win32_2.0.0.202105311346/tools/bin/../lib/gcc/arm-none-eabi/9.3.1/../../../../arm-none-eabi/lib/thumb/v7e-m+fp/hard\libc_nano.a(lib_a-sprintf.o) (_svfprintf_r)
c:/st/stm32cubeide_1.8.0/stm32cubeide/plugins/com.st.stm32cube.ide.mcu.externaltools.gnu-tools-for-stm32.9-2020-q2-update.win32_2.0.0.202105311346/tools/bin/../lib/gcc/arm-none-eabi/9.3.1/../../../../arm-none-eabi/lib/thumb/v7e-m+fp/hard\libc_nano.a(lib_a-nano-vfprintf_i.o)
                              c:/st/stm32cubeide_1.8.0/stm32cubeide/plugins/com.st.stm32cube.ide.mcu.externaltools.gnu-tools-for-stm32.9-2020-q2-update.win32_2.0.0.202105311346/tools/bin/../lib/gcc/arm-none-eabi/9.3.1/../../../../arm-none-eabi/lib/thumb/v7e-m+fp/hard\libc_nano.a(lib_a-nano-svfprintf.o) (_printf_i)
c:/st/stm32cubeide_1.8.0/stm32cubeide/plugins/com.st.stm32cube.ide.mcu.externaltools.gnu-tools-for-stm32.9-2020-q2-update.win32_2.0.0.202105311346/tools/bin/../lib/gcc/arm-none-eabi/9.3.1/../../../../arm-none-eabi/lib/thumb/v7e-m+fp/hard\libc_nano.a(lib_a-memchr.o)
[...]
Memory Configuration

Name             Origin             Length             Attributes
RAM              0x0000000020000000 0x0000000000010000 xrw
RAM2             0x0000000010000000 0x0000000000004000 xrw
FLASH            0x0000000008000000 0x0000000000040000 xr
*default*        0x0000000000000000 0xffffffffffffffff

Linker script and memory map

LOAD c:/st/stm32cubeide_1.8.0/stm32cubeide/plugins/com.st.stm32cube.ide.mcu.externaltools.gnu-tools-for-stm32.9-2020-q2-update.win32_2.0.0.202105311346/tools/bin/../lib/gcc/arm-none-eabi/9.3.1/thumb/v7e-m+fp/hard/crti.o
LOAD c:/st/stm32cubeide_1.8.0/stm32cubeide/plugins/com.st.stm32cube.ide.mcu.externaltools.gnu-tools-for-stm32.9-2020-q2-update.win32_2.0.0.202105311346/tools/bin/../lib/gcc/arm-none-eabi/9.3.1/thumb/v7e-m+fp/hard/crtbegin.o
LOAD c:/st/stm32cubeide_1.8.0/stm32cubeide/plugins/com.st.stm32cube.ide.mcu.externaltools.gnu-tools-for-stm32.9-2020-q2-update.win32_2.0.0.202105311346/tools/bin/../lib/gcc/arm-none-eabi/9.3.1/../../../../arm-none-eabi/lib/thumb/v7e-m+fp/hard/crt0.o
LOAD ./Core/Src/decadriver/deca_device.o
LOAD ./Core/Src/decadriver/deca_params_init.o
LOAD ./Core/Src/examples/ex_01a_simple_tx/ex_01a_main.o
LOAD ./Core/Src/examples/ex_01b_tx_sleep/ex_01b_main.o
LOAD ./Core/Src/examples/ex_01c_tx_sleep_auto/ex_01c_main.o
LOAD ./Core/Src/examples/ex_01d_tx_timed_sleep/ex_01d_main.o
LOAD ./Core/Src/examples/ex_01e_tx_with_cca/ex_01e_tx_with_cca.o
LOAD ./Core/Src/examples/ex_02a_simple_rx/ex_02a_main.o
LOAD ./Core/Src/examples/ex_02b_rx_preamble_64/ex_02b_main.o
LOAD ./Core/Src/examples/ex_02c_rx_diagnostics/ex_02c_main.o
LOAD ./Core/Src/examples/ex_02d_rx_sniff/ex_02d_main.o
LOAD ./Core/Src/examples/ex_02e_rx_dbl_buff/ex_02e_main.o
LOAD ./Core/Src/examples/ex_02f_rx_with_crystal_trim/ex_02f_rx_with_xtal_trim.o
LOAD ./Core/Src/examples/ex_03a_tx_wait_resp/ex_03a_main.o
LOAD ./Core/Src/examples/ex_03b_rx_send_resp/ex_03b_main.o
LOAD ./Core/Src/examples/ex_03c_tx_wait_resp_leds/ex_03c_main.o
LOAD ./Core/Src/examples/ex_03d_tx_wait_resp_interrupts/ex_03d_main.o
LOAD ./Core/Src/examples/ex_04a_cont_wave/ex_04a_main.o
LOAD ./Core/Src/examples/ex_04b_cont_frame/ex_04b_main.o
LOAD ./Core/Src/examples/ex_05a_ds_twr_init/ex_05a_main.o
LOAD ./Core/Src/examples/ex_05b_ds_twr_resp/ex_05b_main.o
LOAD ./Core/Src/examples/ex_06a_ss_twr_init/ex_06a_main.o
LOAD ./Core/Src/examples/ex_06b_ss_twr_resp/ex_06b_main.o
LOAD ./Core/Src/examples/ex_07a_ack_data_tx/ex_07a_main.o
LOAD ./Core/Src/examples/ex_07b_ack_data_rx/ex_07b_main.o
LOAD ./Core/Src/examples/ex_09a_bandwidth_power_ref_meas/ex_09a_main.o
LOAD ./Core/Src/examples/ex_09b_bandwidth_power_comp/ex_09b_main.o
LOAD ./Core/Src/examples/ex_10a_gpio/ex_10a_main.o
LOAD ./Core/Src/main.o
LOAD ./Core/Src/stm32l4xx_hal_msp.o
LOAD ./Core/Src/stm32l4xx_it.o
LOAD ./Core/Src/syscalls.o
LOAD ./Core/Src/sysmem.o
LOAD ./Core/Src/system_stm32l4xx.o
LOAD ./Core/Src/platform/deca_mutex.o
LOAD ./Core/Src/platform/deca_range_tables.o
LOAD ./Core/Src/platform/deca_sleep.o
LOAD ./Core/Src/platform/deca_spi.o
LOAD ./Core/Src/platform/port.o
LOAD ./Core/Src/platform/stdio_d.o
LOAD ./Core/Startup/startup_stm32l432kcux.o
LOAD ./Drivers/STM32L4xx_HAL_Driver/Src/stm32l4xx_hal.o
LOAD ./Drivers/STM32L4xx_HAL_Driver/Src/stm32l4xx_hal_cortex.o
LOAD ./Drivers/STM32L4xx_HAL_Driver/Src/stm32l4xx_hal_dma.o
LOAD ./Drivers/STM32L4xx_HAL_Driver/Src/stm32l4xx_hal_dma_ex.o
LOAD ./Drivers/STM32L4xx_HAL_Driver/Src/stm32l4xx_hal_exti.o
LOAD ./Drivers/STM32L4xx_HAL_Driver/Src/stm32l4xx_hal_flash.o
LOAD ./Drivers/STM32L4xx_HAL_Driver/Src/stm32l4xx_hal_flash_ex.o
LOAD ./Drivers/STM32L4xx_HAL_Driver/Src/stm32l4xx_hal_flash_ramfunc.o
LOAD ./Drivers/STM32L4xx_HAL_Driver/Src/stm32l4xx_hal_gpio.o
LOAD ./Drivers/STM32L4xx_HAL_Driver/Src/stm32l4xx_hal_i2c.o
LOAD ./Drivers/STM32L4xx_HAL_Driver/Src/stm32l4xx_hal_i2c_ex.o
LOAD ./Drivers/STM32L4xx_HAL_Driver/Src/stm32l4xx_hal_pwr.o
LOAD ./Drivers/STM32L4xx_HAL_Driver/Src/stm32l4xx_hal_pwr_ex.o
LOAD ./Drivers/STM32L4xx_HAL_Driver/Src/stm32l4xx_hal_rcc.o
LOAD ./Drivers/STM32L4xx_HAL_Driver/Src/stm32l4xx_hal_rcc_ex.o
LOAD ./Drivers/STM32L4xx_HAL_Driver/Src/stm32l4xx_hal_spi.o
LOAD ./Drivers/STM32L4xx_HAL_Driver/Src/stm32l4xx_hal_spi_ex.o
LOAD ./Drivers/STM32L4xx_HAL_Driver/Src/stm32l4xx_hal_tim.o
LOAD ./Drivers/STM32L4xx_HAL_Driver/Src/stm32l4xx_hal_tim_ex.o
LOAD ./Drivers/STM32L4xx_HAL_Driver/Src/stm32l4xx_hal_uart.o
LOAD ./Drivers/STM32L4xx_HAL_Driver/Src/stm32l4xx_hal_uart_ex.o
START GROUP
LOAD c:/st/stm32cubeide_1.8.0/stm32cubeide/plugins/com.st.stm32cube.ide.mcu.externaltools.gnu-tools-for-stm32.9-2020-q2-update.win32_2.0.0.202105311346/tools/bin/../lib/gcc/arm-none-eabi/9.3.1/../../../../arm-none-eabi/lib/thumb/v7e-m+fp/hard\libc_nano.a
LOAD c:/st/stm32cubeide_1.8.0/stm32cubeide/plugins/com.st.stm32cube.ide.mcu.externaltools.gnu-tools-for-stm32.9-2020-q2-update.win32_2.0.0.202105311346/tools/bin/../lib/gcc/arm-none-eabi/9.3.1/../../../../arm-none-eabi/lib/thumb/v7e-m+fp/hard\libm.a
END GROUP
START GROUP
LOAD c:/st/stm32cubeide_1.8.0/stm32cubeide/plugins/com.st.stm32cube.ide.mcu.externaltools.gnu-tools-for-stm32.9-2020-q2-update.win32_2.0.0.202105311346/tools/bin/../lib/gcc/arm-none-eabi/9.3.1/thumb/v7e-m+fp/hard\libgcc.a
LOAD c:/st/stm32cubeide_1.8.0/stm32cubeide/plugins/com.st.stm32cube.ide.mcu.externaltools.gnu-tools-for-stm32.9-2020-q2-update.win32_2.0.0.202105311346/tools/bin/../lib/gcc/arm-none-eabi/9.3.1/../../../../arm-none-eabi/lib/thumb/v7e-m+fp/hard\libc_nano.a
END GROUP
START GROUP
LOAD c:/st/stm32cubeide_1.8.0/stm32cubeide/plugins/com.st.stm32cube.ide.mcu.externaltools.gnu-tools-for-stm32.9-2020-q2-update.win32_2.0.0.202105311346/tools/bin/../lib/gcc/arm-none-eabi/9.3.1/thumb/v7e-m+fp/hard\libgcc.a
LOAD c:/st/stm32cubeide_1.8.0/stm32cubeide/plugins/com.st.stm32cube.ide.mcu.externaltools.gnu-tools-for-stm32.9-2020-q2-update.win32_2.0.0.202105311346/tools/bin/../lib/gcc/arm-none-eabi/9.3.1/../../../../arm-none-eabi/lib/thumb/v7e-m+fp/hard\libc_nano.a
LOAD c:/st/stm32cubeide_1.8.0/stm32cubeide/plugins/com.st.stm32cube.ide.mcu.externaltools.gnu-tools-for-stm32.9-2020-q2-update.win32_2.0.0.202105311346/tools/bin/../lib/gcc/arm-none-eabi/9.3.1/../../../../arm-none-eabi/lib/thumb/v7e-m+fp/hard\libnosys.a
END GROUP
START GROUP
LOAD c:/st/stm32cubeide_1.8.0/stm32cubeide/plugins/com.st.stm32cube.ide.mcu.externaltools.gnu-tools-for-stm32.9-2020-q2-update.win32_2.0.0.202105311346/tools/bin/../lib/gcc/arm-none-eabi/9.3.1/thumb/v7e-m+fp/hard\libgcc.a
LOAD c:/st/stm32cubeide_1.8.0/stm32cubeide/plugins/com.st.stm32cube.ide.mcu.externaltools.gnu-tools-for-stm32.9-2020-q2-update.win32_2.0.0.202105311346/tools/bin/../lib/gcc/arm-none-eabi/9.3.1/../../../../arm-none-eabi/lib/thumb/v7e-m+fp/hard\libc_nano.a
LOAD c:/st/stm32cubeide_1.8.0/stm32cubeide/plugins/com.st.stm32cube.ide.mcu.externaltools.gnu-tools-for-stm32.9-2020-q2-update.win32_2.0.0.202105311346/tools/bin/../lib/gcc/arm-none-eabi/9.3.1/../../../../arm-none-eabi/lib/thumb/v7e-m+fp/hard\libnosys.a
END GROUP
LOAD c:/st/stm32cubeide_1.8.0/stm32cubeide/plugins/com.st.stm32cube.ide.mcu.externaltools.gnu-tools-for-stm32.9-2020-q2-update.win32_2.0.0.202105311346/tools/bin/../lib/gcc/arm-none-eabi/9.3.1/thumb/v7e-m+fp/hard/crtend.o
LOAD c:/st/stm32cubeide_1.8.0/stm32cubeide/plugins/com.st.stm32cube.ide.mcu.externaltools.gnu-tools-for-stm32.9-2020-q2-update.win32_2.0.0.202105311346/tools/bin/../lib/gcc/arm-none-eabi/9.3.1/thumb/v7e-m+fp/hard/crtn.o
                0x0000000020010000                _estack = (ORIGIN (RAM) + LENGTH (RAM))
                0x0000000000000200                _Min_Heap_Size = 0x200
                0x0000000000000400                _Min_Stack_Size = 0x400

.isr_vector     0x0000000008000000      0x18c
                0x0000000008000000                . = ALIGN (0x4)
 *(.isr_vector)
 .isr_vector    0x0000000008000000      0x18c ./Core/Startup/startup_stm32l432kcux.o
                0x0000000008000000                g_pfnVectors
                0x000000000800018c                . = ALIGN (0x4)

.text           0x0000000008000190     0x4d18
                0x0000000008000190                . = ALIGN (0x4)
 *(.text)
 .text          0x0000000008000190       0x40 c:/st/stm32cubeide_1.8.0/stm32cubeide/plugins/com.st.stm32cube.ide.mcu.externaltools.gnu-tools-for-stm32.9-2020-q2-update.win32_2.0.0.202105311346/tools/bin/../lib/gcc/arm-none-eabi/9.3.1/thumb/v7e-m+fp/hard/crtbegin.o
 .text          0x00000000080001d0       0x10 c:/st/stm32cubeide_1.8.0/stm32cubeide/plugins/com.st.stm32cube.ide.mcu.externaltools.gnu-tools-for-stm32.9-2020-q2-update.win32_2.0.0.202105311346/tools/bin/../lib/gcc/arm-none-eabi/9.3.1/../../../../arm-none-eabi/lib/thumb/v7e-m+fp/hard\libc_nano.a(lib_a-strlen.o)
                0x00000000080001d0                strlen
 .text          0x00000000080001e0       0xa0 c:/st/stm32cubeide_1.8.0/stm32cubeide/plugins/com.st.stm32cube.ide.mcu.externaltools.gnu-tools-for-stm32.9-2020-q2-update.win32_2.0.0.202105311346/tools/bin/../lib/gcc/arm-none-eabi/9.3.1/../../../../arm-none-eabi/lib/thumb/v7e-m+fp/hard\libc_nano.a(lib_a-memchr.o)
                0x00000000080001e0                memchr
 .text          0x0000000008000280       0x30 c:/st/stm32cubeide_1.8.0/stm32cubeide/plugins/com.st.stm32cube.ide.mcu.externaltools.gnu-tools-for-stm32.9-2020-q2-update.win32_2.0.0.202105311346/tools/bin/../lib/gcc/arm-none-eabi/9.3.1/thumb/v7e-m+fp/hard\libgcc.a(_aeabi_uldivmod.o)
                0x0000000008000280                __aeabi_uldivmod
 .text          0x00000000080002b0      0x2c4 c:/st/stm32cubeide_1.8.0/stm32cubeide/plugins/com.st.stm32cube.ide.mcu.externaltools.gnu-tools-for-stm32.9-2020-q2-update.win32_2.0.0.202105311346/tools/bin/../lib/gcc/arm-none-eabi/9.3.1/thumb/v7e-m+fp/hard\libgcc.a(_udivmoddi4.o)
                0x00000000080002b0                __udivmoddi4
 .text          0x0000000008000574        0x4 c:/st/stm32cubeide_1.8.0/stm32cubeide/plugins/com.st.stm32cube.ide.mcu.externaltools.gnu-tools-for-stm32.9-2020-q2-update.win32_2.0.0.202105311346/tools/bin/../lib/gcc/arm-none-eabi/9.3.1/thumb/v7e-m+fp/hard\libgcc.a(_dvmd_tls.o)
                0x0000000008000574                __aeabi_idiv0
                0x0000000008000574                __aeabi_ldiv0
 *(.text*)
 .text.dwt_initialise
                0x0000000008000578      0x298 ./Core/Src/decadriver/deca_device.o
                0x0000000008000578                dwt_initialise
 .text.dwt_readdevid
                0x0000000008000810       0x12 ./Core/Src/decadriver/deca_device.o
                0x0000000008000810                dwt_readdevid
 *fill*         0x0000000008000822        0x2 
 .text.dwt_configure
                0x0000000008000824      0x2d4 ./Core/Src/decadriver/deca_device.o
                0x0000000008000824                dwt_configure
 .text.dwt_writetxdata
                0x0000000008000af8       0x3c ./Core/Src/decadriver/deca_device.o
                0x0000000008000af8                dwt_writetxdata
 .text.dwt_writetxfctrl
                0x0000000008000b34       0x40 ./Core/Src/decadriver/deca_device.o
                0x0000000008000b34                dwt_writetxfctrl
 .text.dwt_writetodevice
                0x0000000008000b74       0xb8 ./Core/Src/decadriver/deca_device.o
                0x0000000008000b74                dwt_writetodevice
 .text.dwt_readfromdevice
                0x0000000008000c2c       0xb2 ./Core/Src/decadriver/deca_device.o
                0x0000000008000c2c                dwt_readfromdevice
 .text.dwt_read32bitoffsetreg
                0x0000000008000cde       0x4e ./Core/Src/decadriver/deca_device.o
                0x0000000008000cde                dwt_read32bitoffsetreg
 .text.dwt_read16bitoffsetreg
                0x0000000008000d2c       0x3a ./Core/Src/decadriver/deca_device.o
                0x0000000008000d2c                dwt_read16bitoffsetreg
 .text.dwt_write8bitoffsetreg
                0x0000000008000d66       0x26 ./Core/Src/decadriver/deca_device.o
                0x0000000008000d66                dwt_write8bitoffsetreg
 .text.dwt_write16bitoffsetreg
                0x0000000008000d8c       0x38 ./Core/Src/decadriver/deca_device.o
                0x0000000008000d8c                dwt_write16bitoffsetreg
 .text.dwt_write32bitoffsetreg
                0x0000000008000dc4       0x4e ./Core/Src/decadriver/deca_device.o
                0x0000000008000dc4                dwt_write32bitoffsetreg
 .text._dwt_otpread
                0x0000000008000e12       0x3e ./Core/Src/decadriver/deca_device.o
                0x0000000008000e12                _dwt_otpread
 .text._dwt_aonarrayupload
                0x0000000008000e50       0x1c ./Core/Src/decadriver/deca_device.o
                0x0000000008000e50                _dwt_aonarrayupload
 .text._dwt_configlde
                0x0000000008000e6c       0x40 ./Core/Src/decadriver/deca_device.o
                0x0000000008000e6c                _dwt_configlde
 .text._dwt_loaducodefromrom
                0x0000000008000eac       0x26 ./Core/Src/decadriver/deca_device.o
                0x0000000008000eac                _dwt_loaducodefromrom
 *fill*         0x0000000008000ed2        0x2 
 .text._dwt_enableclocks
                0x0000000008000ed4      0x134 ./Core/Src/decadriver/deca_device.o
                0x0000000008000ed4                _dwt_enableclocks
 .text._dwt_disablesequencing
                0x0000000008001008       0x18 ./Core/Src/decadriver/deca_device.o
                0x0000000008001008                _dwt_disablesequencing
 .text.dwt_starttx
                0x0000000008001020       0x9c ./Core/Src/decadriver/deca_device.o
                0x0000000008001020                dwt_starttx
 .text.dwt_softreset
                0x00000000080010bc       0x4c ./Core/Src/decadriver/deca_device.o
                0x00000000080010bc                dwt_softreset
 .text.dwt_setxtaltrim
                0x0000000008001108       0x30 ./Core/Src/decadriver/deca_device.o
                0x0000000008001108                dwt_setxtaltrim
 .text.dw_main  0x0000000008001138       0xf8 ./Core/Src/examples/ex_01a_simple_tx/ex_01a_main.o
                0x0000000008001138                dw_main
 .text.main     0x0000000008001230       0x38 ./Core/Src/main.o
                0x0000000008001230                main
 .text.SystemClock_Config
                0x0000000008001268       0xa4 ./Core/Src/main.o
                0x0000000008001268                SystemClock_Config
 .text.MX_SPI1_Init
                0x000000000800130c       0x7c ./Core/Src/main.o
 .text.MX_USART1_UART_Init
                0x0000000008001388       0x60 ./Core/Src/main.o
 .text.MX_GPIO_Init
                0x00000000080013e8      0x140 ./Core/Src/main.o
 .text.Error_Handler
                0x0000000008001528        0xa ./Core/Src/main.o
                0x0000000008001528                Error_Handler
 *fill*         0x0000000008001532        0x2 
 .text.HAL_MspInit
                0x0000000008001534       0x48 ./Core/Src/stm32l4xx_hal_msp.o
                0x0000000008001534                HAL_MspInit
 .text.HAL_SPI_MspInit
                0x000000000800157c       0x84 ./Core/Src/stm32l4xx_hal_msp.o
                0x000000000800157c                HAL_SPI_MspInit
 .text.HAL_UART_MspInit
                0x0000000008001600       0xb0 ./Core/Src/stm32l4xx_hal_msp.o
                0x0000000008001600                HAL_UART_MspInit
 .text.NMI_Handler
                0x00000000080016b0        0x6 ./Core/Src/stm32l4xx_it.o
                0x00000000080016b0                NMI_Handler
 .text.HardFault_Handler
                0x00000000080016b6        0x6 ./Core/Src/stm32l4xx_it.o
                0x00000000080016b6                HardFault_Handler
 .text.MemManage_Handler
                0x00000000080016bc        0x6 ./Core/Src/stm32l4xx_it.o
                0x00000000080016bc                MemManage_Handler
 .text.BusFault_Handler
                0x00000000080016c2        0x6 ./Core/Src/stm32l4xx_it.o
                0x00000000080016c2                BusFault_Handler
 .text.UsageFault_Handler
                0x00000000080016c8        0x6 ./Core/Src/stm32l4xx_it.o
                0x00000000080016c8                UsageFault_Handler
 .text.SVC_Handler
                0x00000000080016ce        0xe ./Core/Src/stm32l4xx_it.o
                0x00000000080016ce                SVC_Handler
 .text.DebugMon_Handler
                0x00000000080016dc        0xe ./Core/Src/stm32l4xx_it.o
                0x00000000080016dc                DebugMon_Handler
 .text.PendSV_Handler
                0x00000000080016ea        0xe ./Core/Src/stm32l4xx_it.o
                0x00000000080016ea                PendSV_Handler
 .text.SysTick_Handler
                0x00000000080016f8        0xc ./Core/Src/stm32l4xx_it.o
                0x00000000080016f8                SysTick_Handler
 .text._sbrk    0x0000000008001704       0x6c ./Core/Src/sysmem.o
                0x0000000008001704                _sbrk
 .text.SystemInit
                0x0000000008001770       0x24 ./Core/Src/system_stm32l4xx.o
                0x0000000008001770                SystemInit
 .text.decamutexon
                0x0000000008001794       0x22 ./Core/Src/platform/deca_mutex.o
                0x0000000008001794                decamutexon
 .text.decamutexoff
                0x00000000080017b6       0x1a ./Core/Src/platform/deca_mutex.o
                0x00000000080017b6                decamutexoff
 .text.deca_sleep
                0x00000000080017d0       0x16 ./Core/Src/platform/deca_sleep.o
                0x00000000080017d0                deca_sleep
 *fill*         0x00000000080017e6        0x2 
 .text.writetospi
                0x00000000080017e8       0x68 ./Core/Src/platform/deca_spi.o
                0x00000000080017e8                writetospi
 .text.readfromspi
                0x0000000008001850       0x94 ./Core/Src/platform/deca_spi.o
                0x0000000008001850                readfromspi
 .text.__NVIC_EnableIRQ
                0x00000000080018e4       0x3c ./Core/Src/platform/port.o
 .text.__NVIC_DisableIRQ
                0x0000000008001920       0x48 ./Core/Src/platform/port.o
 .text.usleep   0x0000000008001968       0x54 ./Core/Src/platform/port.o
                0x0000000008001968                usleep
 .text.Sleep    0x00000000080019bc       0x16 ./Core/Src/platform/port.o
                0x00000000080019bc                Sleep
 *fill*         0x00000000080019d2        0x2 
 .text.EXTI_GetITEnStatus
                0x00000000080019d4       0x3c ./Core/Src/platform/port.o
                0x00000000080019d4                EXTI_GetITEnStatus
 .text.reset_DW1000
                0x0000000008001a10       0x44 ./Core/Src/platform/port.o
                0x0000000008001a10                reset_DW1000
 .text.setup_DW1000RSTnIRQ
                0x0000000008001a54       0x74 ./Core/Src/platform/port.o
                0x0000000008001a54                setup_DW1000RSTnIRQ
 .text.port_set_dw1000_slowrate
                0x0000000008001ac8       0x18 ./Core/Src/platform/port.o
                0x0000000008001ac8                port_set_dw1000_slowrate
 .text.port_set_dw1000_fastrate
                0x0000000008001ae0       0x18 ./Core/Src/platform/port.o
                0x0000000008001ae0                port_set_dw1000_fastrate
 .text.port_DisableEXT_IRQ
                0x0000000008001af8        0xe ./Core/Src/platform/port.o
                0x0000000008001af8                port_DisableEXT_IRQ
 .text.port_EnableEXT_IRQ
                0x0000000008001b06        0xe ./Core/Src/platform/port.o
                0x0000000008001b06                port_EnableEXT_IRQ
 .text.port_GetEXT_IRQStatus
                0x0000000008001b14       0x10 ./Core/Src/platform/port.o
                0x0000000008001b14                port_GetEXT_IRQStatus
 .text.stdio_init
                0x0000000008001b24       0x20 ./Core/Src/platform/stdio_d.o
                0x0000000008001b24                stdio_init
 .text.stdio_write
                0x0000000008001b44       0x3c ./Core/Src/platform/stdio_d.o
                0x0000000008001b44                stdio_write
 .text.Reset_Handler
                0x0000000008001b80       0x50 ./Core/Startup/startup_stm32l432kcux.o
                0x0000000008001b80                Reset_Handler
 .text.Default_Handler
                0x0000000008001bd0        0x2 ./Core/Startup/startup_stm32l432kcux.o
                0x0000000008001bd0                RTC_Alarm_IRQHandler
                0x0000000008001bd0                EXTI2_IRQHandler
                0x0000000008001bd0                TIM1_CC_IRQHandler
                0x0000000008001bd0                TSC_IRQHandler
                0x0000000008001bd0                TAMP_STAMP_IRQHandler
                0x0000000008001bd0                EXTI3_IRQHandler
                0x0000000008001bd0                LPTIM2_IRQHandler
                0x0000000008001bd0                I2C3_ER_IRQHandler
                0x0000000008001bd0                EXTI0_IRQHandler
                0x0000000008001bd0                CAN1_RX0_IRQHandler
                0x0000000008001bd0                FPU_IRQHandler
                0x0000000008001bd0                TIM1_UP_TIM16_IRQHandler
                0x0000000008001bd0                SPI1_IRQHandler
                0x0000000008001bd0                TIM6_DAC_IRQHandler
                0x0000000008001bd0                DMA2_Channel2_IRQHandler
                0x0000000008001bd0                DMA1_Channel4_IRQHandler
                0x0000000008001bd0                ADC1_IRQHandler
                0x0000000008001bd0                DMA1_Channel7_IRQHandler
                0x0000000008001bd0                CAN1_RX1_IRQHandler
                0x0000000008001bd0                DMA2_Channel1_IRQHandler
                0x0000000008001bd0                QUADSPI_IRQHandler
                0x0000000008001bd0                I2C1_EV_IRQHandler
                0x0000000008001bd0                DMA1_Channel6_IRQHandler
                0x0000000008001bd0                DMA2_Channel4_IRQHandler
                0x0000000008001bd0                RCC_IRQHandler
                0x0000000008001bd0                TIM1_TRG_COM_IRQHandler
                0x0000000008001bd0                DMA1_Channel1_IRQHandler
                0x0000000008001bd0                Default_Handler
                0x0000000008001bd0                DMA2_Channel7_IRQHandler
                0x0000000008001bd0                EXTI15_10_IRQHandler
                0x0000000008001bd0                TIM7_IRQHandler
                0x0000000008001bd0                I2C3_EV_IRQHandler
                0x0000000008001bd0                USB_IRQHandler
                0x0000000008001bd0                EXTI9_5_IRQHandler
                0x0000000008001bd0                RTC_WKUP_IRQHandler
                0x0000000008001bd0                PVD_PVM_IRQHandler
                0x0000000008001bd0                CAN1_TX_IRQHandler
                0x0000000008001bd0                DMA2_Channel5_IRQHandler
                0x0000000008001bd0                CRS_IRQHandler
                0x0000000008001bd0                DMA1_Channel5_IRQHandler
                0x0000000008001bd0                EXTI4_IRQHandler
                0x0000000008001bd0                RNG_IRQHandler
                0x0000000008001bd0                DMA1_Channel3_IRQHandler
                0x0000000008001bd0                COMP_IRQHandler
                0x0000000008001bd0                WWDG_IRQHandler
                0x0000000008001bd0                LPUART1_IRQHandler
                0x0000000008001bd0                DMA2_Channel6_IRQHandler
                0x0000000008001bd0                TIM2_IRQHandler
                0x0000000008001bd0                EXTI1_IRQHandler
                0x0000000008001bd0                USART2_IRQHandler
                0x0000000008001bd0                DMA1_Channel2_IRQHandler
                0x0000000008001bd0                CAN1_SCE_IRQHandler
                0x0000000008001bd0                FLASH_IRQHandler
                0x0000000008001bd0                USART1_IRQHandler
                0x0000000008001bd0                SPI3_IRQHandler
                0x0000000008001bd0                I2C1_ER_IRQHandler
                0x0000000008001bd0                SWPMI1_IRQHandler
                0x0000000008001bd0                LPTIM1_IRQHandler
                0x0000000008001bd0                SAI1_IRQHandler
                0x0000000008001bd0                DMA2_Channel3_IRQHandler
                0x0000000008001bd0                TIM1_BRK_TIM15_IRQHandler
 .text.HAL_Init
                0x0000000008001bd2       0x30 ./Drivers/STM32L4xx_HAL_Driver/Src/stm32l4xx_hal.o
                0x0000000008001bd2                HAL_Init
 *fill*         0x0000000008001c02        0x2 
 .text.HAL_InitTick
                0x0000000008001c04       0x78 ./Drivers/STM32L4xx_HAL_Driver/Src/stm32l4xx_hal.o
                0x0000000008001c04                HAL_InitTick
 .text.HAL_IncTick
                0x0000000008001c7c       0x28 ./Drivers/STM32L4xx_HAL_Driver/Src/stm32l4xx_hal.o
                0x0000000008001c7c                HAL_IncTick
 .text.HAL_GetTick
                0x0000000008001ca4       0x18 ./Drivers/STM32L4xx_HAL_Driver/Src/stm32l4xx_hal.o
                0x0000000008001ca4                HAL_GetTick
 .text.HAL_Delay
                0x0000000008001cbc       0x48 ./Drivers/STM32L4xx_HAL_Driver/Src/stm32l4xx_hal.o
                0x0000000008001cbc                HAL_Delay
 .text.__NVIC_SetPriorityGrouping
                0x0000000008001d04       0x48 ./Drivers/STM32L4xx_HAL_Driver/Src/stm32l4xx_hal_cortex.o
 .text.__NVIC_GetPriorityGrouping
                0x0000000008001d4c       0x1c ./Drivers/STM32L4xx_HAL_Driver/Src/stm32l4xx_hal_cortex.o
 .text.__NVIC_EnableIRQ
                0x0000000008001d68       0x3c ./Drivers/STM32L4xx_HAL_Driver/Src/stm32l4xx_hal_cortex.o
 .text.__NVIC_DisableIRQ
                0x0000000008001da4       0x48 ./Drivers/STM32L4xx_HAL_Driver/Src/stm32l4xx_hal_cortex.o
 .text.__NVIC_SetPriority
                0x0000000008001dec       0x54 ./Drivers/STM32L4xx_HAL_Driver/Src/stm32l4xx_hal_cortex.o
 .text.NVIC_EncodePriority
                0x0000000008001e40       0x66 ./Drivers/STM32L4xx_HAL_Driver/Src/stm32l4xx_hal_cortex.o
 *fill*         0x0000000008001ea6        0x2 
 .text.SysTick_Config
                0x0000000008001ea8       0x44 ./Drivers/STM32L4xx_HAL_Driver/Src/stm32l4xx_hal_cortex.o
 .text.HAL_NVIC_SetPriorityGrouping
                0x0000000008001eec       0x16 ./Drivers/STM32L4xx_HAL_Driver/Src/stm32l4xx_hal_cortex.o
                0x0000000008001eec                HAL_NVIC_SetPriorityGrouping
 .text.HAL_NVIC_SetPriority
                0x0000000008001f02       0x38 ./Drivers/STM32L4xx_HAL_Driver/Src/stm32l4xx_hal_cortex.o
                0x0000000008001f02                HAL_NVIC_SetPriority
 .text.HAL_NVIC_EnableIRQ
                0x0000000008001f3a       0x1c ./Drivers/STM32L4xx_HAL_Driver/Src/stm32l4xx_hal_cortex.o
                0x0000000008001f3a                HAL_NVIC_EnableIRQ
 .text.HAL_NVIC_DisableIRQ
                0x0000000008001f56       0x1c ./Drivers/STM32L4xx_HAL_Driver/Src/stm32l4xx_hal_cortex.o
                0x0000000008001f56                HAL_NVIC_DisableIRQ
 .text.HAL_SYSTICK_Config
                0x0000000008001f72       0x18 ./Drivers/STM32L4xx_HAL_Driver/Src/stm32l4xx_hal_cortex.o
                0x0000000008001f72                HAL_SYSTICK_Config
 *fill*         0x0000000008001f8a        0x2 
 .text.HAL_GPIO_Init
                0x0000000008001f8c      0x2d4 ./Drivers/STM32L4xx_HAL_Driver/Src/stm32l4xx_hal_gpio.o
                0x0000000008001f8c                HAL_GPIO_Init
 .text.HAL_GPIO_WritePin
                0x0000000008002260       0x30 ./Drivers/STM32L4xx_HAL_Driver/Src/stm32l4xx_hal_gpio.o
                0x0000000008002260                HAL_GPIO_WritePin
 .text.HAL_PWREx_GetVoltageRange
                0x0000000008002290       0x1c ./Drivers/STM32L4xx_HAL_Driver/Src/stm32l4xx_hal_pwr_ex.o
                0x0000000008002290                HAL_PWREx_GetVoltageRange
 .text.HAL_PWREx_ControlVoltageScaling
                0x00000000080022ac       0xac ./Drivers/STM32L4xx_HAL_Driver/Src/stm32l4xx_hal_pwr_ex.o
                0x00000000080022ac                HAL_PWREx_ControlVoltageScaling
 .text.HAL_RCC_OscConfig
                0x0000000008002358      0x824 ./Drivers/STM32L4xx_HAL_Driver/Src/stm32l4xx_hal_rcc.o
                0x0000000008002358                HAL_RCC_OscConfig
 .text.HAL_RCC_ClockConfig
                0x0000000008002b7c      0x200 ./Drivers/STM32L4xx_HAL_Driver/Src/stm32l4xx_hal_rcc.o
                0x0000000008002b7c                HAL_RCC_ClockConfig
 .text.HAL_RCC_GetSysClockFreq
                0x0000000008002d7c      0x118 ./Drivers/STM32L4xx_HAL_Driver/Src/stm32l4xx_hal_rcc.o
                0x0000000008002d7c                HAL_RCC_GetSysClockFreq
 .text.HAL_RCC_GetHCLKFreq
                0x0000000008002e94       0x18 ./Drivers/STM32L4xx_HAL_Driver/Src/stm32l4xx_hal_rcc.o
                0x0000000008002e94                HAL_RCC_GetHCLKFreq
 .text.HAL_RCC_GetPCLK1Freq
                0x0000000008002eac       0x2c ./Drivers/STM32L4xx_HAL_Driver/Src/stm32l4xx_hal_rcc.o
                0x0000000008002eac                HAL_RCC_GetPCLK1Freq
 .text.HAL_RCC_GetPCLK2Freq
                0x0000000008002ed8       0x2c ./Drivers/STM32L4xx_HAL_Driver/Src/stm32l4xx_hal_rcc.o
                0x0000000008002ed8                HAL_RCC_GetPCLK2Freq
 .text.RCC_SetFlashLatencyFromMSIRange
                0x0000000008002f04       0xc0 ./Drivers/STM32L4xx_HAL_Driver/Src/stm32l4xx_hal_rcc.o
 .text.HAL_RCCEx_PeriphCLKConfig
                0x0000000008002fc4      0x3e8 ./Drivers/STM32L4xx_HAL_Driver/Src/stm32l4xx_hal_rcc_ex.o
                0x0000000008002fc4                HAL_RCCEx_PeriphCLKConfig
 .text.RCCEx_PLLSAI1_Config
                0x00000000080033ac      0x1e4 ./Drivers/STM32L4xx_HAL_Driver/Src/stm32l4xx_hal_rcc_ex.o
 .text.HAL_SPI_Init
                0x0000000008003590      0x146 ./Drivers/STM32L4xx_HAL_Driver/Src/stm32l4xx_hal_spi.o
                0x0000000008003590                HAL_SPI_Init
 .text.HAL_SPI_Transmit
                0x00000000080036d6      0x2dc ./Drivers/STM32L4xx_HAL_Driver/Src/stm32l4xx_hal_spi.o
                0x00000000080036d6                HAL_SPI_Transmit
 .text.HAL_SPI_GetState
                0x00000000080039b2       0x1c ./Drivers/STM32L4xx_HAL_Driver/Src/stm32l4xx_hal_spi.o
                0x00000000080039b2                HAL_SPI_GetState
 *fill*         0x00000000080039ce        0x2 
 .text.SPI_WaitFlagStateUntilTimeout
                0x00000000080039d0      0x110 ./Drivers/STM32L4xx_HAL_Driver/Src/stm32l4xx_hal_spi.o
 .text.SPI_WaitFifoStateUntilTimeout
                0x0000000008003ae0      0x12c ./Drivers/STM32L4xx_HAL_Driver/Src/stm32l4xx_hal_spi.o
 .text.SPI_EndRxTxTransaction
                0x0000000008003c0c       0x8c ./Drivers/STM32L4xx_HAL_Driver/Src/stm32l4xx_hal_spi.o
 .text.HAL_UART_Init
                0x0000000008003c98       0x9c ./Drivers/STM32L4xx_HAL_Driver/Src/stm32l4xx_hal_uart.o
                0x0000000008003c98                HAL_UART_Init
 .text.HAL_UART_Transmit
                0x0000000008003d34      0x128 ./Drivers/STM32L4xx_HAL_Driver/Src/stm32l4xx_hal_uart.o
                0x0000000008003d34                HAL_UART_Transmit
 .text.UART_SetConfig
                0x0000000008003e5c      0x414 ./Drivers/STM32L4xx_HAL_Driver/Src/stm32l4xx_hal_uart.o
                0x0000000008003e5c                UART_SetConfig
 .text.UART_AdvFeatureConfig
                0x0000000008004270      0x144 ./Drivers/STM32L4xx_HAL_Driver/Src/stm32l4xx_hal_uart.o
                0x0000000008004270                UART_AdvFeatureConfig
 .text.UART_CheckIdleState
                0x00000000080043b4       0x92 ./Drivers/STM32L4xx_HAL_Driver/Src/stm32l4xx_hal_uart.o
                0x00000000080043b4                UART_CheckIdleState
 .text.UART_WaitOnFlagUntilTimeout
                0x0000000008004446      0x188 ./Drivers/STM32L4xx_HAL_Driver/Src/stm32l4xx_hal_uart.o
                0x0000000008004446                UART_WaitOnFlagUntilTimeout
 *fill*         0x00000000080045ce        0x2 
 .text.__errno  0x00000000080045d0        0xc c:/st/stm32cubeide_1.8.0/stm32cubeide/plugins/com.st.stm32cube.ide.mcu.externaltools.gnu-tools-for-stm32.9-2020-q2-update.win32_2.0.0.202105311346/tools/bin/../lib/gcc/arm-none-eabi/9.3.1/../../../../arm-none-eabi/lib/thumb/v7e-m+fp/hard\libc_nano.a(lib_a-errno.o)
                0x00000000080045d0                __errno
 .text.__libc_init_array
                0x00000000080045dc       0x48 c:/st/stm32cubeide_1.8.0/stm32cubeide/plugins/com.st.stm32cube.ide.mcu.externaltools.gnu-tools-for-stm32.9-2020-q2-update.win32_2.0.0.202105311346/tools/bin/../lib/gcc/arm-none-eabi/9.3.1/../../../../arm-none-eabi/lib/thumb/v7e-m+fp/hard\libc_nano.a(lib_a-init.o)
                0x00000000080045dc                __libc_init_array
 .text.memset   0x0000000008004624       0x10 c:/st/stm32cubeide_1.8.0/stm32cubeide/plugins/com.st.stm32cube.ide.mcu.externaltools.gnu-tools-for-stm32.9-2020-q2-update.win32_2.0.0.202105311346/tools/bin/../lib/gcc/arm-none-eabi/9.3.1/../../../../arm-none-eabi/lib/thumb/v7e-m+fp/hard\libc_nano.a(lib_a-memset.o)
                0x0000000008004624                memset
 .text.sprintf  0x0000000008004634       0x40 c:/st/stm32cubeide_1.8.0/stm32cubeide/plugins/com.st.stm32cube.ide.mcu.externaltools.gnu-tools-for-stm32.9-2020-q2-update.win32_2.0.0.202105311346/tools/bin/../lib/gcc/arm-none-eabi/9.3.1/../../../../arm-none-eabi/lib/thumb/v7e-m+fp/hard\libc_nano.a(lib_a-sprintf.o)
                0x0000000008004634                siprintf
                0x0000000008004634                sprintf
 .text.__ssputs_r
                0x0000000008004674       0xb6 c:/st/stm32cubeide_1.8.0/stm32cubeide/plugins/com.st.stm32cube.ide.mcu.externaltools.gnu-tools-for-stm32.9-2020-q2-update.win32_2.0.0.202105311346/tools/bin/../lib/gcc/arm-none-eabi/9.3.1/../../../../arm-none-eabi/lib/thumb/v7e-m+fp/hard\libc_nano.a(lib_a-nano-svfprintf.o)
                0x0000000008004674                __ssputs_r
 *fill*         0x000000000800472a        0x2 
 .text._svfprintf_r
                0x000000000800472c      0x200 c:/st/stm32cubeide_1.8.0/stm32cubeide/plugins/com.st.stm32cube.ide.mcu.externaltools.gnu-tools-for-stm32.9-2020-q2-update.win32_2.0.0.202105311346/tools/bin/../lib/gcc/arm-none-eabi/9.3.1/../../../../arm-none-eabi/lib/thumb/v7e-m+fp/hard\libc_nano.a(lib_a-nano-svfprintf.o)
                0x000000000800472c                _svfiprintf_r
                0x000000000800472c                _svfprintf_r
 .text._printf_common
                0x000000000800492c       0xda c:/st/stm32cubeide_1.8.0/stm32cubeide/plugins/com.st.stm32cube.ide.mcu.externaltools.gnu-tools-for-stm32.9-2020-q2-update.win32_2.0.0.202105311346/tools/bin/../lib/gcc/arm-none-eabi/9.3.1/../../../../arm-none-eabi/lib/thumb/v7e-m+fp/hard\libc_nano.a(lib_a-nano-vfprintf_i.o)
                0x000000000800492c                _printf_common
 *fill*         0x0000000008004a06        0x2 
 .text._printf_i
                0x0000000008004a08      0x24c c:/st/stm32cubeide_1.8.0/stm32cubeide/plugins/com.st.stm32cube.ide.mcu.externaltools.gnu-tools-for-stm32.9-2020-q2-update.win32_2.0.0.202105311346/tools/bin/../lib/gcc/arm-none-eabi/9.3.1/../../../../arm-none-eabi/lib/thumb/v7e-m+fp/hard\libc_nano.a(lib_a-nano-vfprintf_i.o)
                0x0000000008004a08                _printf_i
 .text.memcpy   0x0000000008004c54       0x1c c:/st/stm32cubeide_1.8.0/stm32cubeide/plugins/com.st.stm32cube.ide.mcu.externaltools.gnu-tools-for-stm32.9-2020-q2-update.win32_2.0.0.202105311346/tools/bin/../lib/gcc/arm-none-eabi/9.3.1/../../../../arm-none-eabi/lib/thumb/v7e-m+fp/hard\libc_nano.a(lib_a-memcpy-stub.o)
                0x0000000008004c54                memcpy
 .text.memmove  0x0000000008004c70       0x34 c:/st/stm32cubeide_1.8.0/stm32cubeide/plugins/com.st.stm32cube.ide.mcu.externaltools.gnu-tools-for-stm32.9-2020-q2-update.win32_2.0.0.202105311346/tools/bin/../lib/gcc/arm-none-eabi/9.3.1/../../../../arm-none-eabi/lib/thumb/v7e-m+fp/hard\libc_nano.a(lib_a-memmove.o)
                0x0000000008004c70                memmove
 .text._free_r  0x0000000008004ca4       0xa0 c:/st/stm32cubeide_1.8.0/stm32cubeide/plugins/com.st.stm32cube.ide.mcu.externaltools.gnu-tools-for-stm32.9-2020-q2-update.win32_2.0.0.202105311346/tools/bin/../lib/gcc/arm-none-eabi/9.3.1/../../../../arm-none-eabi/lib/thumb/v7e-m+fp/hard\libc_nano.a(lib_a-nano-freer.o)
                0x0000000008004ca4                _free_r
 .text._malloc_r
                0x0000000008004d44       0xb4 c:/st/stm32cubeide_1.8.0/stm32cubeide/plugins/com.st.stm32cube.ide.mcu.externaltools.gnu-tools-for-stm32.9-2020-q2-update.win32_2.0.0.202105311346/tools/bin/../lib/gcc/arm-none-eabi/9.3.1/../../../../arm-none-eabi/lib/thumb/v7e-m+fp/hard\libc_nano.a(lib_a-nano-mallocr.o)
                0x0000000008004d44                _malloc_r
 .text._realloc_r
                0x0000000008004df8       0x4c c:/st/stm32cubeide_1.8.0/stm32cubeide/plugins/com.st.stm32cube.ide.mcu.externaltools.gnu-tools-for-stm32.9-2020-q2-update.win32_2.0.0.202105311346/tools/bin/../lib/gcc/arm-none-eabi/9.3.1/../../../../arm-none-eabi/lib/thumb/v7e-m+fp/hard\libc_nano.a(lib_a-nano-reallocr.o)
                0x0000000008004df8                _realloc_r
 .text._sbrk_r  0x0000000008004e44       0x20 c:/st/stm32cubeide_1.8.0/stm32cubeide/plugins/com.st.stm32cube.ide.mcu.externaltools.gnu-tools-for-stm32.9-2020-q2-update.win32_2.0.0.202105311346/tools/bin/../lib/gcc/arm-none-eabi/9.3.1/../../../../arm-none-eabi/lib/thumb/v7e-m+fp/hard\libc_nano.a(lib_a-sbrkr.o)
                0x0000000008004e44                _sbrk_r
 .text.__malloc_lock
                0x0000000008004e64        0xc c:/st/stm32cubeide_1.8.0/stm32cubeide/plugins/com.st.stm32cube.ide.mcu.externaltools.gnu-tools-for-stm32.9-2020-q2-update.win32_2.0.0.202105311346/tools/bin/../lib/gcc/arm-none-eabi/9.3.1/../../../../arm-none-eabi/lib/thumb/v7e-m+fp/hard\libc_nano.a(lib_a-mlock.o)
                0x0000000008004e64                __malloc_lock
 .text.__malloc_unlock
                0x0000000008004e70        0xc c:/st/stm32cubeide_1.8.0/stm32cubeide/plugins/com.st.stm32cube.ide.mcu.externaltools.gnu-tools-for-stm32.9-2020-q2-update.win32_2.0.0.202105311346/tools/bin/../lib/gcc/arm-none-eabi/9.3.1/../../../../arm-none-eabi/lib/thumb/v7e-m+fp/hard\libc_nano.a(lib_a-mlock.o)
                0x0000000008004e70                __malloc_unlock
 .text._malloc_usable_size_r
                0x0000000008004e7c       0x10 c:/st/stm32cubeide_1.8.0/stm32cubeide/plugins/com.st.stm32cube.ide.mcu.externaltools.gnu-tools-for-stm32.9-2020-q2-update.win32_2.0.0.202105311346/tools/bin/../lib/gcc/arm-none-eabi/9.3.1/../../../../arm-none-eabi/lib/thumb/v7e-m+fp/hard\libc_nano.a(lib_a-nano-msizer.o)
                0x0000000008004e7c                _malloc_usable_size_r
 .text.__retarget_lock_acquire_recursive
                0x0000000008004e8c        0x2 c:/st/stm32cubeide_1.8.0/stm32cubeide/plugins/com.st.stm32cube.ide.mcu.externaltools.gnu-tools-for-stm32.9-2020-q2-update.win32_2.0.0.202105311346/tools/bin/../lib/gcc/arm-none-eabi/9.3.1/../../../../arm-none-eabi/lib/thumb/v7e-m+fp/hard\libc_nano.a(lib_a-lock.o)
                0x0000000008004e8c                __retarget_lock_acquire_recursive
 .text.__retarget_lock_release_recursive
                0x0000000008004e8e        0x2 c:/st/stm32cubeide_1.8.0/stm32cubeide/plugins/com.st.stm32cube.ide.mcu.externaltools.gnu-tools-for-stm32.9-2020-q2-update.win32_2.0.0.202105311346/tools/bin/../lib/gcc/arm-none-eabi/9.3.1/../../../../arm-none-eabi/lib/thumb/v7e-m+fp/hard\libc_nano.a(lib_a-lock.o)
                0x0000000008004e8e                __retarget_lock_release_recursive
 *(.glue_7)
 .glue_7        0x0000000008004e90        0x0 linker stubs
 *(.glue_7t)
 .glue_7t       0x0000000008004e90        0x0 linker stubs
 *(.eh_frame)
 .eh_frame      0x0000000008004e90        0x0 c:/st/stm32cubeide_1.8.0/stm32cubeide/plugins/com.st.stm32cube.ide.mcu.externaltools.gnu-tools-for-stm32.9-2020-q2-update.win32_2.0.0.202105311346/tools/bin/../lib/gcc/arm-none-eabi/9.3.1/thumb/v7e-m+fp/hard/crtbegin.o
 *(.init)
 .init          0x0000000008004e90        0x4 c:/st/stm32cubeide_1.8.0/stm32cubeide/plugins/com.st.stm32cube.ide.mcu.externaltools.gnu-tools-for-stm32.9-2020-q2-update.win32_2.0.0.202105311346/tools/bin/../lib/gcc/arm-none-eabi/9.3.1/thumb/v7e-m+fp/hard/crti.o
                0x0000000008004e90                _init
 .init          0x0000000008004e94        0x8 c:/st/stm32cubeide_1.8.0/stm32cubeide/plugins/com.st.stm32cube.ide.mcu.externaltools.gnu-tools-for-stm32.9-2020-q2-update.win32_2.0.0.202105311346/tools/bin/../lib/gcc/arm-none-eabi/9.3.1/thumb/v7e-m+fp/hard/crtn.o
 *(.fini)
 .fini          0x0000000008004e9c        0x4 c:/st/stm32cubeide_1.8.0/stm32cubeide/plugins/com.st.stm32cube.ide.mcu.externaltools.gnu-tools-for-stm32.9-2020-q2-update.win32_2.0.0.202105311346/tools/bin/../lib/gcc/arm-none-eabi/9.3.1/thumb/v7e-m+fp/hard/crti.o
                0x0000000008004e9c                _fini
 .fini          0x0000000008004ea0        0x8 c:/st/stm32cubeide_1.8.0/stm32cubeide/plugins/com.st.stm32cube.ide.mcu.externaltools.gnu-tools-for-stm32.9-2020-q2-update.win32_2.0.0.202105311346/tools/bin/../lib/gcc/arm-none-eabi/9.3.1/thumb/v7e-m+fp/hard/crtn.o
                0x0000000008004ea8                . = ALIGN (0x4)
                0x0000000008004ea8                _etext = .

.vfp11_veneer   0x0000000008004ea8        0x0
 .vfp11_veneer  0x0000000008004ea8        0x0 linker stubs

.v4_bx          0x0000000008004ea8        0x0
 .v4_bx         0x0000000008004ea8        0x0 linker stubs

.iplt           0x0000000008004ea8        0x0
 .iplt          0x0000000008004ea8        0x0 c:/st/stm32cubeide_1.8.0/stm32cubeide/plugins/com.st.stm32cube.ide.mcu.externaltools.gnu-tools-for-stm32.9-2020-q2-update.win32_2.0.0.202105311346/tools/bin/../lib/gcc/arm-none-eabi/9.3.1/thumb/v7e-m+fp/hard/crtbegin.o

.rodata         0x0000000008004ea8      0x1a0
                0x0000000008004ea8                . = ALIGN (0x4)
 *(.rodata)
 .rodata        0x0000000008004ea8       0x5e ./Core/Src/examples/ex_01a_simple_tx/ex_01a_main.o
 *fill*         0x0000000008004f06        0x2 
 .rodata        0x0000000008004f08        0xf ./Core/Src/main.o
 *(.rodata*)
 *fill*         0x0000000008004f17        0x1 
 .rodata.chan_idx
                0x0000000008004f18        0x8 ./Core/Src/decadriver/deca_params_init.o
                0x0000000008004f18                chan_idx
 .rodata.tx_config
                0x0000000008004f20       0x18 ./Core/Src/decadriver/deca_params_init.o
                0x0000000008004f20                tx_config
 .rodata.fs_pll_cfg
                0x0000000008004f38       0x18 ./Core/Src/decadriver/deca_params_init.o
                0x0000000008004f38                fs_pll_cfg
 .rodata.fs_pll_tune
                0x0000000008004f50        0x6 ./Core/Src/decadriver/deca_params_init.o
                0x0000000008004f50                fs_pll_tune
 *fill*         0x0000000008004f56        0x2 
 .rodata.rx_config
                0x0000000008004f58        0x2 ./Core/Src/decadriver/deca_params_init.o
                0x0000000008004f58                rx_config
 *fill*         0x0000000008004f5a        0x2 
 .rodata.agc_config
                0x0000000008004f5c        0x8 ./Core/Src/decadriver/deca_params_init.o
                0x0000000008004f5c                agc_config
 .rodata.dwnsSFDlen
                0x0000000008004f64        0x3 ./Core/Src/decadriver/deca_params_init.o
                0x0000000008004f64                dwnsSFDlen
 *fill*         0x0000000008004f67        0x1 
 .rodata.sftsh  0x0000000008004f68        0xc ./Core/Src/decadriver/deca_params_init.o
                0x0000000008004f68                sftsh
 .rodata.dtune1
                0x0000000008004f74        0x4 ./Core/Src/decadriver/deca_params_init.o
                0x0000000008004f74                dtune1
 .rodata.digital_bb_config
                0x0000000008004f78       0x20 ./Core/Src/decadriver/deca_params_init.o
                0x0000000008004f78                digital_bb_config
 .rodata.lde_replicaCoeff
                0x0000000008004f98       0x32 ./Core/Src/decadriver/deca_params_init.o
                0x0000000008004f98                lde_replicaCoeff
 *fill*         0x0000000008004fca        0x2 
 .rodata.AHBPrescTable
                0x0000000008004fcc       0x10 ./Core/Src/system_stm32l4xx.o
                0x0000000008004fcc                AHBPrescTable
 .rodata.APBPrescTable
                0x0000000008004fdc        0x8 ./Core/Src/system_stm32l4xx.o
                0x0000000008004fdc                APBPrescTable
 .rodata.MSIRangeTable
                0x0000000008004fe4       0x30 ./Core/Src/system_stm32l4xx.o
                0x0000000008004fe4                MSIRangeTable
 .rodata._svfprintf_r.str1.1
                0x0000000008005014       0x11 c:/st/stm32cubeide_1.8.0/stm32cubeide/plugins/com.st.stm32cube.ide.mcu.externaltools.gnu-tools-for-stm32.9-2020-q2-update.win32_2.0.0.202105311346/tools/bin/../lib/gcc/arm-none-eabi/9.3.1/../../../../arm-none-eabi/lib/thumb/v7e-m+fp/hard\libc_nano.a(lib_a-nano-svfprintf.o)
 .rodata._printf_i.str1.1
                0x0000000008005025       0x22 c:/st/stm32cubeide_1.8.0/stm32cubeide/plugins/com.st.stm32cube.ide.mcu.externaltools.gnu-tools-for-stm32.9-2020-q2-update.win32_2.0.0.202105311346/tools/bin/../lib/gcc/arm-none-eabi/9.3.1/../../../../arm-none-eabi/lib/thumb/v7e-m+fp/hard\libc_nano.a(lib_a-nano-vfprintf_i.o)
                0x0000000008005048                . = ALIGN (0x4)
 *fill*         0x0000000008005047        0x1 

.ARM.extab      0x0000000008005048        0x0
                0x0000000008005048                . = ALIGN (0x4)
 *(.ARM.extab* .gnu.linkonce.armextab.*)
                0x0000000008005048                . = ALIGN (0x4)

.ARM            0x0000000008005048        0x8
                0x0000000008005048                . = ALIGN (0x4)
                0x0000000008005048                __exidx_start = .
 *(.ARM.exidx*)
 .ARM.exidx     0x0000000008005048        0x8 c:/st/stm32cubeide_1.8.0/stm32cubeide/plugins/com.st.stm32cube.ide.mcu.externaltools.gnu-tools-for-stm32.9-2020-q2-update.win32_2.0.0.202105311346/tools/bin/../lib/gcc/arm-none-eabi/9.3.1/thumb/v7e-m+fp/hard\libgcc.a(_udivmoddi4.o)
                0x0000000008005050                __exidx_end = .
                0x0000000008005050                . = ALIGN (0x4)

.rel.dyn        0x0000000008005050        0x0
 .rel.iplt      0x0000000008005050        0x0 c:/st/stm32cubeide_1.8.0/stm32cubeide/plugins/com.st.stm32cube.ide.mcu.externaltools.gnu-tools-for-stm32.9-2020-q2-update.win32_2.0.0.202105311346/tools/bin/../lib/gcc/arm-none-eabi/9.3.1/thumb/v7e-m+fp/hard/crtbegin.o

.preinit_array  0x0000000008005050        0x0
                0x0000000008005050                . = ALIGN (0x4)
                0x0000000008005050                PROVIDE (__preinit_array_start = .)
 *(.preinit_array*)
                0x0000000008005050                PROVIDE (__preinit_array_end = .)
                0x0000000008005050                . = ALIGN (0x4)

.init_array     0x0000000008005050        0x4
                0x0000000008005050                . = ALIGN (0x4)
                0x0000000008005050                PROVIDE (__init_array_start = .)
 *(SORT_BY_NAME(.init_array.*))
 *(.init_array*)
 .init_array    0x0000000008005050        0x4 c:/st/stm32cubeide_1.8.0/stm32cubeide/plugins/com.st.stm32cube.ide.mcu.externaltools.gnu-tools-for-stm32.9-2020-q2-update.win32_2.0.0.202105311346/tools/bin/../lib/gcc/arm-none-eabi/9.3.1/thumb/v7e-m+fp/hard/crtbegin.o
                0x0000000008005054                PROVIDE (__init_array_end = .)
                0x0000000008005054                . = ALIGN (0x4)

.fini_array     0x0000000008005054        0x4
                0x0000000008005054                . = ALIGN (0x4)
                [!provide]                        PROVIDE (__fini_array_start = .)
 *(SORT_BY_NAME(.fini_array.*))
 *(.fini_array*)
 .fini_array    0x0000000008005054        0x4 c:/st/stm32cubeide_1.8.0/stm32cubeide/plugins/com.st.stm32cube.ide.mcu.externaltools.gnu-tools-for-stm32.9-2020-q2-update.win32_2.0.0.202105311346/tools/bin/../lib/gcc/arm-none-eabi/9.3.1/thumb/v7e-m+fp/hard/crtbegin.o
                [!provide]                        PROVIDE (__fini_array_end = .)
                0x0000000008005058                . = ALIGN (0x4)
                0x0000000008005058                _sidata = LOADADDR (.data)

.data           0x0000000020000000       0x8c load address 0x0000000008005058
                0x0000000020000000                . = ALIGN (0x4)
                0x0000000020000000                _sdata = .
 *(.data)
 *(.data*)
 .data.pdw1000local
                0x0000000020000000        0x4 ./Core/Src/decadriver/deca_device.o
 .data.config   0x0000000020000004        0xc ./Core/Src/examples/ex_01a_simple_tx/ex_01a_main.o
 .data.tx_msg   0x0000000020000010        0xc ./Core/Src/examples/ex_01a_simple_tx/ex_01a_main.o
 .data.SystemCoreClock
                0x000000002000001c        0x4 ./Core/Src/system_stm32l4xx.o
                0x000000002000001c                SystemCoreClock
 .data.uwTickPrio
                0x0000000020000020        0x4 ./Drivers/STM32L4xx_HAL_Driver/Src/stm32l4xx_hal.o
                0x0000000020000020                uwTickPrio
 .data.uwTickFreq
                0x0000000020000024        0x1 ./Drivers/STM32L4xx_HAL_Driver/Src/stm32l4xx_hal.o
                0x0000000020000024                uwTickFreq
 *fill*         0x0000000020000025        0x3 
 .data._impure_ptr
                0x0000000020000028        0x4 c:/st/stm32cubeide_1.8.0/stm32cubeide/plugins/com.st.stm32cube.ide.mcu.externaltools.gnu-tools-for-stm32.9-2020-q2-update.win32_2.0.0.202105311346/tools/bin/../lib/gcc/arm-none-eabi/9.3.1/../../../../arm-none-eabi/lib/thumb/v7e-m+fp/hard\libc_nano.a(lib_a-impure.o)
                0x0000000020000028                _impure_ptr
 .data.impure_data
                0x000000002000002c       0x60 c:/st/stm32cubeide_1.8.0/stm32cubeide/plugins/com.st.stm32cube.ide.mcu.externaltools.gnu-tools-for-stm32.9-2020-q2-update.win32_2.0.0.202105311346/tools/bin/../lib/gcc/arm-none-eabi/9.3.1/../../../../arm-none-eabi/lib/thumb/v7e-m+fp/hard\libc_nano.a(lib_a-impure.o)
 *(.RamFunc)
 *(.RamFunc*)
                0x000000002000008c                . = ALIGN (0x4)
                0x000000002000008c                _edata = .

.igot.plt       0x000000002000008c        0x0 load address 0x00000000080050e4
 .igot.plt      0x000000002000008c        0x0 c:/st/stm32cubeide_1.8.0/stm32cubeide/plugins/com.st.stm32cube.ide.mcu.externaltools.gnu-tools-for-stm32.9-2020-q2-update.win32_2.0.0.202105311346/tools/bin/../lib/gcc/arm-none-eabi/9.3.1/thumb/v7e-m+fp/hard/crtbegin.o
                0x000000002000008c                . = ALIGN (0x4)

.bss            0x000000002000008c      0x224 load address 0x00000000080050e4
                0x000000002000008c                _sbss = .
                0x000000002000008c                __bss_start__ = _sbss
 *(.bss)
 .bss           0x000000002000008c       0x1c c:/st/stm32cubeide_1.8.0/stm32cubeide/plugins/com.st.stm32cube.ide.mcu.externaltools.gnu-tools-for-stm32.9-2020-q2-update.win32_2.0.0.202105311346/tools/bin/../lib/gcc/arm-none-eabi/9.3.1/thumb/v7e-m+fp/hard/crtbegin.o
 *(.bss*)
 .bss.dw1000local
                0x00000000200000a8       0x38 ./Core/Src/decadriver/deca_device.o
 .bss.__sbrk_heap_end
                0x00000000200000e0        0x4 ./Core/Src/sysmem.o
 .bss.uart      0x00000000200000e4        0x4 ./Core/Src/platform/stdio_d.o
 .bss.__malloc_free_list
                0x00000000200000e8        0x4 c:/st/stm32cubeide_1.8.0/stm32cubeide/plugins/com.st.stm32cube.ide.mcu.externaltools.gnu-tools-for-stm32.9-2020-q2-update.win32_2.0.0.202105311346/tools/bin/../lib/gcc/arm-none-eabi/9.3.1/../../../../arm-none-eabi/lib/thumb/v7e-m+fp/hard\libc_nano.a(lib_a-nano-mallocr.o)
                0x00000000200000e8                __malloc_free_list
 .bss.__malloc_sbrk_start
                0x00000000200000ec        0x4 c:/st/stm32cubeide_1.8.0/stm32cubeide/plugins/com.st.stm32cube.ide.mcu.externaltools.gnu-tools-for-stm32.9-2020-q2-update.win32_2.0.0.202105311346/tools/bin/../lib/gcc/arm-none-eabi/9.3.1/../../../../arm-none-eabi/lib/thumb/v7e-m+fp/hard\libc_nano.a(lib_a-nano-mallocr.o)
                0x00000000200000ec                __malloc_sbrk_start
 *(COMMON)
 COMMON         0x00000000200000f0      0x1aa ./Core/Src/main.o
                0x00000000200000f0                huart1
                0x0000000020000174                hspi1
                0x00000000200001d8                app
 *fill*         0x000000002000029a        0x2 
 COMMON         0x000000002000029c        0x4 ./Drivers/STM32L4xx_HAL_Driver/Src/stm32l4xx_hal.o
                0x000000002000029c                uwTick
 COMMON         0x00000000200002a0        0x4 c:/st/stm32cubeide_1.8.0/stm32cubeide/plugins/com.st.stm32cube.ide.mcu.externaltools.gnu-tools-for-stm32.9-2020-q2-update.win32_2.0.0.202105311346/tools/bin/../lib/gcc/arm-none-eabi/9.3.1/../../../../arm-none-eabi/lib/thumb/v7e-m+fp/hard\libc_nano.a(lib_a-reent.o)
                0x00000000200002a0                errno
 COMMON         0x00000000200002a4        0x9 c:/st/stm32cubeide_1.8.0/stm32cubeide/plugins/com.st.stm32cube.ide.mcu.externaltools.gnu-tools-for-stm32.9-2020-q2-update.win32_2.0.0.202105311346/tools/bin/../lib/gcc/arm-none-eabi/9.3.1/../../../../arm-none-eabi/lib/thumb/v7e-m+fp/hard\libc_nano.a(lib_a-lock.o)
                0x00000000200002a4                __lock___atexit_recursive_mutex
                0x00000000200002a5                __lock___arc4random_mutex
                0x00000000200002a6                __lock___env_recursive_mutex
                0x00000000200002a7                __lock___sinit_recursive_mutex
                0x00000000200002a8                __lock___malloc_recursive_mutex
                0x00000000200002a9                __lock___at_quick_exit_mutex
                0x00000000200002aa                __lock___dd_hash_mutex
                0x00000000200002ab                __lock___tz_mutex
                0x00000000200002ac                __lock___sfp_recursive_mutex
                0x00000000200002b0                . = ALIGN (0x4)
 *fill*         0x00000000200002ad        0x3 
                0x00000000200002b0                _ebss = .
                0x00000000200002b0                __bss_end__ = _ebss

._user_heap_stack
                0x00000000200002b0      0x600 load address 0x00000000080050e4
                0x00000000200002b0                . = ALIGN (0x8)
                [!provide]                        PROVIDE (end = .)
                0x00000000200002b0                PROVIDE (_end = .)
                0x00000000200004b0                . = (. + _Min_Heap_Size)
 *fill*         0x00000000200002b0      0x200 
                0x00000000200008b0                . = (. + _Min_Stack_Size)
 *fill*         0x00000000200004b0      0x400 
                0x00000000200008b0                . = ALIGN (0x8)

/DISCARD/
 libc.a(*)
 libm.a(*)
 libgcc.a(*)

.ARM.attributes
                0x0000000000000000       0x30
 *(.ARM.attributes)
 .ARM.attributes
                0x0000000000000000       0x1e c:/st/stm32cubeide_1.8.0/stm32cubeide/plugins/com.st.stm32cube.ide.mcu.externaltools.gnu-tools-for-stm32.9-2020-q2-update.win32_2.0.0.202105311346/tools/bin/../lib/gcc/arm-none-eabi/9.3.1/thumb/v7e-m+fp/hard/crti.o
 .ARM.attributes
                0x000000000000001e       0x34 c:/st/stm32cubeide_1.8.0/stm32cubeide/plugins/com.st.stm32cube.ide.mcu.externaltools.gnu-tools-for-stm32.9-2020-q2-update.win32_2.0.0.202105311346/tools/bin/../lib/gcc/arm-none-eabi/9.3.1/thumb/v7e-m+fp/hard/crtbegin.o
 .ARM.attributes
                0x0000000000000052       0x34 ./Core/Src/decadriver/deca_device.o
 .ARM.attributes
                0x0000000000000086       0x39 ./Core/Src/decadriver/deca_params_init.o
 .ARM.attributes
                0x00000000000000bf       0x34 ./Core/Src/examples/ex_01a_simple_tx/ex_01a_main.o
 .ARM.attributes
                0x00000000000000f3       0x34 ./Core/Src/main.o
 .ARM.attributes
                0x0000000000000127       0x34 ./Core/Src/stm32l4xx_hal_msp.o
 .ARM.attributes
                0x000000000000015b       0x34 ./Core/Src/stm32l4xx_it.o
 .ARM.attributes
                0x000000000000018f       0x34 ./Core/Src/sysmem.o
 .ARM.attributes
                0x00000000000001c3       0x34 ./Core/Src/system_stm32l4xx.o
 .ARM.attributes
                0x00000000000001f7       0x34 ./Core/Src/platform/deca_mutex.o
 .ARM.attributes
                0x000000000000022b       0x34 ./Core/Src/platform/deca_sleep.o
 .ARM.attributes
                0x000000000000025f       0x34 ./Core/Src/platform/deca_spi.o
 .ARM.attributes
                0x0000000000000293       0x34 ./Core/Src/platform/port.o
 .ARM.attributes
                0x00000000000002c7       0x34 ./Core/Src/platform/stdio_d.o
 .ARM.attributes
                0x00000000000002fb       0x21 ./Core/Startup/startup_stm32l432kcux.o
 .ARM.attributes
                0x000000000000031c       0x34 ./Drivers/STM32L4xx_HAL_Driver/Src/stm32l4xx_hal.o
 .ARM.attributes
                0x0000000000000350       0x34 ./Drivers/STM32L4xx_HAL_Driver/Src/stm32l4xx_hal_cortex.o
 .ARM.attributes
                0x0000000000000384       0x34 ./Drivers/STM32L4xx_HAL_Driver/Src/stm32l4xx_hal_gpio.o
 .ARM.attributes
                0x00000000000003b8       0x34 ./Drivers/STM32L4xx_HAL_Driver/Src/stm32l4xx_hal_pwr_ex.o
 .ARM.attributes
                0x00000000000003ec       0x34 ./Drivers/STM32L4xx_HAL_Driver/Src/stm32l4xx_hal_rcc.o
 .ARM.attributes
                0x0000000000000420       0x34 ./Drivers/STM32L4xx_HAL_Driver/Src/stm32l4xx_hal_rcc_ex.o
 .ARM.attributes
                0x0000000000000454       0x34 ./Drivers/STM32L4xx_HAL_Driver/Src/stm32l4xx_hal_spi.o
 .ARM.attributes
                0x0000000000000488       0x34 ./Drivers/STM32L4xx_HAL_Driver/Src/stm32l4xx_hal_uart.o
 .ARM.attributes
                0x00000000000004bc       0x34 c:/st/stm32cubeide_1.8.0/stm32cubeide/plugins/com.st.stm32cube.ide.mcu.externaltools.gnu-tools-for-stm32.9-2020-q2-update.win32_2.0.0.202105311346/tools/bin/../lib/gcc/arm-none-eabi/9.3.1/../../../../arm-none-eabi/lib/thumb/v7e-m+fp/hard\libc_nano.a(lib_a-errno.o)
 .ARM.attributes
                0x00000000000004f0       0x32 c:/st/stm32cubeide_1.8.0/stm32cubeide/plugins/com.st.stm32cube.ide.mcu.externaltools.gnu-tools-for-stm32.9-2020-q2-update.win32_2.0.0.202105311346/tools/bin/../lib/gcc/arm-none-eabi/9.3.1/../../../../arm-none-eabi/lib/thumb/v7e-m+fp/hard\libc_nano.a(lib_a-impure.o)
 .ARM.attributes
                0x0000000000000522       0x34 c:/st/stm32cubeide_1.8.0/stm32cubeide/plugins/com.st.stm32cube.ide.mcu.externaltools.gnu-tools-for-stm32.9-2020-q2-update.win32_2.0.0.202105311346/tools/bin/../lib/gcc/arm-none-eabi/9.3.1/../../../../arm-none-eabi/lib/thumb/v7e-m+fp/hard\libc_nano.a(lib_a-init.o)
 .ARM.attributes
                0x0000000000000556       0x34 c:/st/stm32cubeide_1.8.0/stm32cubeide/plugins/com.st.stm32cube.ide.mcu.externaltools.gnu-tools-for-stm32.9-2020-q2-update.win32_2.0.0.202105311346/tools/bin/../lib/gcc/arm-none-eabi/9.3.1/../../../../arm-none-eabi/lib/thumb/v7e-m+fp/hard\libc_nano.a(lib_a-memset.o)
 .ARM.attributes
                0x000000000000058a       0x34 c:/st/stm32cubeide_1.8.0/stm32cubeide/plugins/com.st.stm32cube.ide.mcu.externaltools.gnu-tools-for-stm32.9-2020-q2-update.win32_2.0.0.202105311346/tools/bin/../lib/gcc/arm-none-eabi/9.3.1/../../../../arm-none-eabi/lib/thumb/v7e-m+fp/hard\libc_nano.a(lib_a-sprintf.o)
 .ARM.attributes
                0x00000000000005be       0x17 c:/st/stm32cubeide_1.8.0/stm32cubeide/plugins/com.st.stm32cube.ide.mcu.externaltools.gnu-tools-for-stm32.9-2020-q2-update.win32_2.0.0.202105311346/tools/bin/../lib/gcc/arm-none-eabi/9.3.1/../../../../arm-none-eabi/lib/thumb/v7e-m+fp/hard\libc_nano.a(lib_a-strlen.o)
 .ARM.attributes
                0x00000000000005d5       0x34 c:/st/stm32cubeide_1.8.0/stm32cubeide/plugins/com.st.stm32cube.ide.mcu.externaltools.gnu-tools-for-stm32.9-2020-q2-update.win32_2.0.0.202105311346/tools/bin/../lib/gcc/arm-none-eabi/9.3.1/../../../../arm-none-eabi/lib/thumb/v7e-m+fp/hard\libc_nano.a(lib_a-nano-svfprintf.o)
 .ARM.attributes
                0x0000000000000609       0x34 c:/st/stm32cubeide_1.8.0/stm32cubeide/plugins/com.st.stm32cube.ide.mcu.externaltools.gnu-tools-for-stm32.9-2020-q2-update.win32_2.0.0.202105311346/tools/bin/../lib/gcc/arm-none-eabi/9.3.1/../../../../arm-none-eabi/lib/thumb/v7e-m+fp/hard\libc_nano.a(lib_a-nano-vfprintf_i.o)
 .ARM.attributes
                0x000000000000063d       0x1c c:/st/stm32cubeide_1.8.0/stm32cubeide/plugins/com.st.stm32cube.ide.mcu.externaltools.gnu-tools-for-stm32.9-2020-q2-update.win32_2.0.0.202105311346/tools/bin/../lib/gcc/arm-none-eabi/9.3.1/../../../../arm-none-eabi/lib/thumb/v7e-m+fp/hard\libc_nano.a(lib_a-memchr.o)
 .ARM.attributes
                0x0000000000000659       0x34 c:/st/stm32cubeide_1.8.0/stm32cubeide/plugins/com.st.stm32cube.ide.mcu.externaltools.gnu-tools-for-stm32.9-2020-q2-update.win32_2.0.0.202105311346/tools/bin/../lib/gcc/arm-none-eabi/9.3.1/../../../../arm-none-eabi/lib/thumb/v7e-m+fp/hard\libc_nano.a(lib_a-memcpy-stub.o)
 .ARM.attributes
                0x000000000000068d       0x34 c:/st/stm32cubeide_1.8.0/stm32cubeide/plugins/com.st.stm32cube.ide.mcu.externaltools.gnu-tools-for-stm32.9-2020-q2-update.win32_2.0.0.202105311346/tools/bin/../lib/gcc/arm-none-eabi/9.3.1/../../../../arm-none-eabi/lib/thumb/v7e-m+fp/hard\libc_nano.a(lib_a-memmove.o)
 .ARM.attributes
                0x00000000000006c1       0x34 c:/st/stm32cubeide_1.8.0/stm32cubeide/plugins/com.st.stm32cube.ide.mcu.externaltools.gnu-tools-for-stm32.9-2020-q2-update.win32_2.0.0.202105311346/tools/bin/../lib/gcc/arm-none-eabi/9.3.1/../../../../arm-none-eabi/lib/thumb/v7e-m+fp/hard\libc_nano.a(lib_a-nano-freer.o)
 .ARM.attributes
                0x00000000000006f5       0x34 c:/st/stm32cubeide_1.8.0/stm32cubeide/plugins/com.st.stm32cube.ide.mcu.externaltools.gnu-tools-for-stm32.9-2020-q2-update.win32_2.0.0.202105311346/tools/bin/../lib/gcc/arm-none-eabi/9.3.1/../../../../arm-none-eabi/lib/thumb/v7e-m+fp/hard\libc_nano.a(lib_a-nano-mallocr.o)
 .ARM.attributes
                0x0000000000000729       0x34 c:/st/stm32cubeide_1.8.0/stm32cubeide/plugins/com.st.stm32cube.ide.mcu.externaltools.gnu-tools-for-stm32.9-2020-q2-update.win32_2.0.0.202105311346/tools/bin/../lib/gcc/arm-none-eabi/9.3.1/../../../../arm-none-eabi/lib/thumb/v7e-m+fp/hard\libc_nano.a(lib_a-nano-reallocr.o)
 .ARM.attributes
                0x000000000000075d       0x34 c:/st/stm32cubeide_1.8.0/stm32cubeide/plugins/com.st.stm32cube.ide.mcu.externaltools.gnu-tools-for-stm32.9-2020-q2-update.win32_2.0.0.202105311346/tools/bin/../lib/gcc/arm-none-eabi/9.3.1/../../../../arm-none-eabi/lib/thumb/v7e-m+fp/hard\libc_nano.a(lib_a-sbrkr.o)
 .ARM.attributes
                0x0000000000000791       0x34 c:/st/stm32cubeide_1.8.0/stm32cubeide/plugins/com.st.stm32cube.ide.mcu.externaltools.gnu-tools-for-stm32.9-2020-q2-update.win32_2.0.0.202105311346/tools/bin/../lib/gcc/arm-none-eabi/9.3.1/../../../../arm-none-eabi/lib/thumb/v7e-m+fp/hard\libc_nano.a(lib_a-mlock.o)
 .ARM.attributes
                0x00000000000007c5       0x34 c:/st/stm32cubeide_1.8.0/stm32cubeide/plugins/com.st.stm32cube.ide.mcu.externaltools.gnu-tools-for-stm32.9-2020-q2-update.win32_2.0.0.202105311346/tools/bin/../lib/gcc/arm-none-eabi/9.3.1/../../../../arm-none-eabi/lib/thumb/v7e-m+fp/hard\libc_nano.a(lib_a-nano-msizer.o)
 .ARM.attributes
                0x00000000000007f9       0x34 c:/st/stm32cubeide_1.8.0/stm32cubeide/plugins/com.st.stm32cube.ide.mcu.externaltools.gnu-tools-for-stm32.9-2020-q2-update.win32_2.0.0.202105311346/tools/bin/../lib/gcc/arm-none-eabi/9.3.1/../../../../arm-none-eabi/lib/thumb/v7e-m+fp/hard\libc_nano.a(lib_a-reent.o)
 .ARM.attributes
                0x000000000000082d       0x34 c:/st/stm32cubeide_1.8.0/stm32cubeide/plugins/com.st.stm32cube.ide.mcu.externaltools.gnu-tools-for-stm32.9-2020-q2-update.win32_2.0.0.202105311346/tools/bin/../lib/gcc/arm-none-eabi/9.3.1/../../../../arm-none-eabi/lib/thumb/v7e-m+fp/hard\libc_nano.a(lib_a-lock.o)
 .ARM.attributes
                0x0000000000000861       0x1e c:/st/stm32cubeide_1.8.0/stm32cubeide/plugins/com.st.stm32cube.ide.mcu.externaltools.gnu-tools-for-stm32.9-2020-q2-update.win32_2.0.0.202105311346/tools/bin/../lib/gcc/arm-none-eabi/9.3.1/thumb/v7e-m+fp/hard\libgcc.a(_aeabi_uldivmod.o)
 .ARM.attributes
                0x000000000000087f       0x34 c:/st/stm32cubeide_1.8.0/stm32cubeide/plugins/com.st.stm32cube.ide.mcu.externaltools.gnu-tools-for-stm32.9-2020-q2-update.win32_2.0.0.202105311346/tools/bin/../lib/gcc/arm-none-eabi/9.3.1/thumb/v7e-m+fp/hard\libgcc.a(_udivmoddi4.o)
 .ARM.attributes
                0x00000000000008b3       0x1e c:/st/stm32cubeide_1.8.0/stm32cubeide/plugins/com.st.stm32cube.ide.mcu.externaltools.gnu-tools-for-stm32.9-2020-q2-update.win32_2.0.0.202105311346/tools/bin/../lib/gcc/arm-none-eabi/9.3.1/thumb/v7e-m+fp/hard\libgcc.a(_dvmd_tls.o)
 .ARM.attributes
                0x00000000000008d1       0x1e c:/st/stm32cubeide_1.8.0/stm32cubeide/plugins/com.st.stm32cube.ide.mcu.externaltools.gnu-tools-for-stm32.9-2020-q2-update.win32_2.0.0.202105311346/tools/bin/../lib/gcc/arm-none-eabi/9.3.1/thumb/v7e-m+fp/hard/crtn.o
OUTPUT(aaa_2.elf elf32-littlearm)
LOAD linker stubs
LOAD c:/st/stm32cubeide_1.8.0/stm32cubeide/plugins/com.st.stm32cube.ide.mcu.externaltools.gnu-tools-for-stm32.9-2020-q2-update.win32_2.0.0.202105311346/tools/bin/../lib/gcc/arm-none-eabi/9.3.1/../../../../arm-none-eabi/lib/thumb/v7e-m+fp/hard\libc.a
LOAD c:/st/stm32cubeide_1.8.0/stm32cubeide/plugins/com.st.stm32cube.ide.mcu.externaltools.gnu-tools-for-stm32.9-2020-q2-update.win32_2.0.0.202105311346/tools/bin/../lib/gcc/arm-none-eabi/9.3.1/../../../../arm-none-eabi/lib/thumb/v7e-m+fp/hard\libm.a
LOAD c:/st/stm32cubeide_1.8.0/stm32cubeide/plugins/com.st.stm32cube.ide.mcu.externaltools.gnu-tools-for-stm32.9-2020-q2-update.win32_2.0.0.202105311346/tools/bin/../lib/gcc/arm-none-eabi/9.3.1/thumb/v7e-m+fp/hard\libgcc.a

.debug_info     0x0000000000000000    0x180e3
 .debug_info    0x0000000000000000     0x2972 ./Core/Src/decadriver/deca_device.o
 .debug_info    0x0000000000002972      0xb7c ./Core/Src/decadriver/deca_params_init.o
 .debug_info    0x00000000000034ee      0xd7b ./Core/Src/examples/ex_01a_simple_tx/ex_01a_main.o
 .debug_info    0x0000000000004269     0x1a8e ./Core/Src/main.o
 .debug_info    0x0000000000005cf7     0x113c ./Core/Src/stm32l4xx_hal_msp.o
 .debug_info    0x0000000000006e33      0x373 ./Core/Src/stm32l4xx_it.o
 .debug_info    0x00000000000071a6      0xa25 ./Core/Src/sysmem.o
 .debug_info    0x0000000000007bcb      0x780 ./Core/Src/system_stm32l4xx.o
 .debug_info    0x000000000000834b      0xc91 ./Core/Src/platform/deca_mutex.o
 .debug_info    0x0000000000008fdc      0xc5e ./Core/Src/platform/deca_sleep.o
 .debug_info    0x0000000000009c3a     0x12f4 ./Core/Src/platform/deca_spi.o
 .debug_info    0x000000000000af2e     0x18aa ./Core/Src/platform/port.o
 .debug_info    0x000000000000c7d8     0x11a2 ./Core/Src/platform/stdio_d.o
 .debug_info    0x000000000000d97a       0x22 ./Core/Startup/startup_stm32l432kcux.o
 .debug_info    0x000000000000d99c      0xb5e ./Drivers/STM32L4xx_HAL_Driver/Src/stm32l4xx_hal.o
 .debug_info    0x000000000000e4fa      0xfb0 ./Drivers/STM32L4xx_HAL_Driver/Src/stm32l4xx_hal_cortex.o
 .debug_info    0x000000000000f4aa      0xa5e ./Drivers/STM32L4xx_HAL_Driver/Src/stm32l4xx_hal_gpio.o
 .debug_info    0x000000000000ff08      0xb7b ./Drivers/STM32L4xx_HAL_Driver/Src/stm32l4xx_hal_pwr_ex.o
 .debug_info    0x0000000000010a83      0xde1 ./Drivers/STM32L4xx_HAL_Driver/Src/stm32l4xx_hal_rcc.o
 .debug_info    0x0000000000011864     0x1108 ./Drivers/STM32L4xx_HAL_Driver/Src/stm32l4xx_hal_rcc_ex.o
 .debug_info    0x000000000001296c     0x1913 ./Drivers/STM32L4xx_HAL_Driver/Src/stm32l4xx_hal_spi.o
 .debug_info    0x000000000001427f     0x3e64 ./Drivers/STM32L4xx_HAL_Driver/Src/stm32l4xx_hal_uart.o

.debug_abbrev   0x0000000000000000     0x2f7e
 .debug_abbrev  0x0000000000000000      0x339 ./Core/Src/decadriver/deca_device.o
 .debug_abbrev  0x0000000000000339      0x185 ./Core/Src/decadriver/deca_params_init.o
 .debug_abbrev  0x00000000000004be      0x240 ./Core/Src/examples/ex_01a_simple_tx/ex_01a_main.o
 .debug_abbrev  0x00000000000006fe      0x2dd ./Core/Src/main.o
 .debug_abbrev  0x00000000000009db      0x1ac ./Core/Src/stm32l4xx_hal_msp.o
 .debug_abbrev  0x0000000000000b87       0xf2 ./Core/Src/stm32l4xx_it.o
 .debug_abbrev  0x0000000000000c79      0x1bf ./Core/Src/sysmem.o
 .debug_abbrev  0x0000000000000e38      0x165 ./Core/Src/system_stm32l4xx.o
 .debug_abbrev  0x0000000000000f9d      0x23b ./Core/Src/platform/deca_mutex.o
 .debug_abbrev  0x00000000000011d8      0x20c ./Core/Src/platform/deca_sleep.o
 .debug_abbrev  0x00000000000013e4      0x264 ./Core/Src/platform/deca_spi.o
 .debug_abbrev  0x0000000000001648      0x407 ./Core/Src/platform/port.o
 .debug_abbrev  0x0000000000001a4f      0x217 ./Core/Src/platform/stdio_d.o
 .debug_abbrev  0x0000000000001c66       0x12 ./Core/Startup/startup_stm32l432kcux.o
 .debug_abbrev  0x0000000000001c78      0x20b ./Drivers/STM32L4xx_HAL_Driver/Src/stm32l4xx_hal.o
 .debug_abbrev  0x0000000000001e83      0x33c ./Drivers/STM32L4xx_HAL_Driver/Src/stm32l4xx_hal_cortex.o
 .debug_abbrev  0x00000000000021bf      0x1e8 ./Drivers/STM32L4xx_HAL_Driver/Src/stm32l4xx_hal_gpio.o
 .debug_abbrev  0x00000000000023a7      0x1f3 ./Drivers/STM32L4xx_HAL_Driver/Src/stm32l4xx_hal_pwr_ex.o
 .debug_abbrev  0x000000000000259a      0x275 ./Drivers/STM32L4xx_HAL_Driver/Src/stm32l4xx_hal_rcc.o
 .debug_abbrev  0x000000000000280f      0x268 ./Drivers/STM32L4xx_HAL_Driver/Src/stm32l4xx_hal_rcc_ex.o
 .debug_abbrev  0x0000000000002a77      0x254 ./Drivers/STM32L4xx_HAL_Driver/Src/stm32l4xx_hal_spi.o
 .debug_abbrev  0x0000000000002ccb      0x2b3 ./Drivers/STM32L4xx_HAL_Driver/Src/stm32l4xx_hal_uart.o

.debug_aranges  0x0000000000000000      0xf88
 .debug_aranges
                0x0000000000000000      0x358 ./Core/Src/decadriver/deca_device.o
 .debug_aranges
                0x0000000000000358       0x18 ./Core/Src/decadriver/deca_params_init.o
 .debug_aranges
                0x0000000000000370       0x20 ./Core/Src/examples/ex_01a_simple_tx/ex_01a_main.o
 .debug_aranges
                0x0000000000000390       0x48 ./Core/Src/main.o
 .debug_aranges
                0x00000000000003d8       0x40 ./Core/Src/stm32l4xx_hal_msp.o
 .debug_aranges
                0x0000000000000418       0x60 ./Core/Src/stm32l4xx_it.o
 .debug_aranges
                0x0000000000000478       0x20 ./Core/Src/sysmem.o
 .debug_aranges
                0x0000000000000498       0x28 ./Core/Src/system_stm32l4xx.o
 .debug_aranges
                0x00000000000004c0       0x28 ./Core/Src/platform/deca_mutex.o
 .debug_aranges
                0x00000000000004e8       0x20 ./Core/Src/platform/deca_sleep.o
 .debug_aranges
                0x0000000000000508       0x38 ./Core/Src/platform/deca_spi.o
 .debug_aranges
                0x0000000000000540       0xd8 ./Core/Src/platform/port.o
 .debug_aranges
                0x0000000000000618       0x28 ./Core/Src/platform/stdio_d.o
 .debug_aranges
                0x0000000000000640       0x28 ./Core/Startup/startup_stm32l432kcux.o
 .debug_aranges
                0x0000000000000668      0x108 ./Drivers/STM32L4xx_HAL_Driver/Src/stm32l4xx_hal.o
 .debug_aranges
                0x0000000000000770      0x118 ./Drivers/STM32L4xx_HAL_Driver/Src/stm32l4xx_hal_cortex.o
 .debug_aranges
                0x0000000000000888       0x58 ./Drivers/STM32L4xx_HAL_Driver/Src/stm32l4xx_hal_gpio.o
 .debug_aranges
                0x00000000000008e0      0x128 ./Drivers/STM32L4xx_HAL_Driver/Src/stm32l4xx_hal_pwr_ex.o
 .debug_aranges
                0x0000000000000a08       0x90 ./Drivers/STM32L4xx_HAL_Driver/Src/stm32l4xx_hal_rcc.o
 .debug_aranges
                0x0000000000000a98       0xf0 ./Drivers/STM32L4xx_HAL_Driver/Src/stm32l4xx_hal_rcc_ex.o
 .debug_aranges
                0x0000000000000b88      0x1d8 ./Drivers/STM32L4xx_HAL_Driver/Src/stm32l4xx_hal_spi.o
 .debug_aranges
                0x0000000000000d60      0x228 ./Drivers/STM32L4xx_HAL_Driver/Src/stm32l4xx_hal_uart.o

.debug_ranges   0x0000000000000000      0xe58
 .debug_ranges  0x0000000000000000      0x348 ./Core/Src/decadriver/deca_device.o
 .debug_ranges  0x0000000000000348       0x10 ./Core/Src/examples/ex_01a_simple_tx/ex_01a_main.o
 .debug_ranges  0x0000000000000358       0x38 ./Core/Src/main.o
 .debug_ranges  0x0000000000000390       0x30 ./Core/Src/stm32l4xx_hal_msp.o
 .debug_ranges  0x00000000000003c0       0x50 ./Core/Src/stm32l4xx_it.o
 .debug_ranges  0x0000000000000410       0x10 ./Core/Src/sysmem.o
 .debug_ranges  0x0000000000000420       0x18 ./Core/Src/system_stm32l4xx.o
 .debug_ranges  0x0000000000000438       0x18 ./Core/Src/platform/deca_mutex.o
 .debug_ranges  0x0000000000000450       0x10 ./Core/Src/platform/deca_sleep.o
 .debug_ranges  0x0000000000000460       0x28 ./Core/Src/platform/deca_spi.o
 .debug_ranges  0x0000000000000488       0xc8 ./Core/Src/platform/port.o
 .debug_ranges  0x0000000000000550       0x18 ./Core/Src/platform/stdio_d.o
 .debug_ranges  0x0000000000000568       0x20 ./Core/Startup/startup_stm32l432kcux.o
 .debug_ranges  0x0000000000000588       0xf8 ./Drivers/STM32L4xx_HAL_Driver/Src/stm32l4xx_hal.o
 .debug_ranges  0x0000000000000680      0x108 ./Drivers/STM32L4xx_HAL_Driver/Src/stm32l4xx_hal_cortex.o
 .debug_ranges  0x0000000000000788       0x48 ./Drivers/STM32L4xx_HAL_Driver/Src/stm32l4xx_hal_gpio.o
 .debug_ranges  0x00000000000007d0      0x118 ./Drivers/STM32L4xx_HAL_Driver/Src/stm32l4xx_hal_pwr_ex.o
 .debug_ranges  0x00000000000008e8       0x80 ./Drivers/STM32L4xx_HAL_Driver/Src/stm32l4xx_hal_rcc.o
 .debug_ranges  0x0000000000000968       0xe0 ./Drivers/STM32L4xx_HAL_Driver/Src/stm32l4xx_hal_rcc_ex.o
 .debug_ranges  0x0000000000000a48      0x1c8 ./Drivers/STM32L4xx_HAL_Driver/Src/stm32l4xx_hal_spi.o
 .debug_ranges  0x0000000000000c10      0x248 ./Drivers/STM32L4xx_HAL_Driver/Src/stm32l4xx_hal_uart.o

.debug_macro    0x0000000000000000    0x24a42
 .debug_macro   0x0000000000000000      0x42d ./Core/Src/decadriver/deca_device.o
 .debug_macro   0x000000000000042d      0xaa8 ./Core/Src/decadriver/deca_device.o
 .debug_macro   0x0000000000000ed5       0x22 ./Core/Src/decadriver/deca_device.o
 .debug_macro   0x0000000000000ef7       0x8e ./Core/Src/decadriver/deca_device.o
 .debug_macro   0x0000000000000f85       0x51 ./Core/Src/decadriver/deca_device.o
 .debug_macro   0x0000000000000fd6      0x103 ./Core/Src/decadriver/deca_device.o
 .debug_macro   0x00000000000010d9       0x6a ./Core/Src/decadriver/deca_device.o
 .debug_macro   0x0000000000001143      0x1df ./Core/Src/decadriver/deca_device.o
 .debug_macro   0x0000000000001322      0x1ad ./Core/Src/decadriver/deca_device.o
 .debug_macro   0x00000000000014cf       0x2e ./Core/Src/decadriver/deca_device.o
 .debug_macro   0x00000000000014fd       0x28 ./Core/Src/decadriver/deca_device.o
 .debug_macro   0x0000000000001525       0x1c ./Core/Src/decadriver/deca_device.o
 .debug_macro   0x0000000000001541       0x22 ./Core/Src/decadriver/deca_device.o
 .debug_macro   0x0000000000001563      0x101 ./Core/Src/decadriver/deca_device.o
 .debug_macro   0x0000000000001664     0x1011 ./Core/Src/decadriver/deca_device.o
 .debug_macro   0x0000000000002675      0x11f ./Core/Src/decadriver/deca_device.o
 .debug_macro   0x0000000000002794    0x147a6 ./Core/Src/decadriver/deca_device.o
 .debug_macro   0x0000000000016f3a       0x6d ./Core/Src/decadriver/deca_device.o
 .debug_macro   0x0000000000016fa7     0x38e6 ./Core/Src/decadriver/deca_device.o
 .debug_macro   0x000000000001a88d      0x174 ./Core/Src/decadriver/deca_device.o
 .debug_macro   0x000000000001aa01       0x5c ./Core/Src/decadriver/deca_device.o
 .debug_macro   0x000000000001aa5d     0x11ca ./Core/Src/decadriver/deca_device.o
 .debug_macro   0x000000000001bc27      0x53c ./Core/Src/decadriver/deca_device.o
 .debug_macro   0x000000000001c163      0x1b9 ./Core/Src/decadriver/deca_device.o
 .debug_macro   0x000000000001c31c      0x122 ./Core/Src/decadriver/deca_device.o
 .debug_macro   0x000000000001c43e      0x26b ./Core/Src/decadriver/deca_device.o
 .debug_macro   0x000000000001c6a9      0x23d ./Core/Src/decadriver/deca_device.o
 .debug_macro   0x000000000001c8e6      0x241 ./Core/Src/decadriver/deca_device.o
 .debug_macro   0x000000000001cb27      0x375 ./Core/Src/decadriver/deca_device.o
 .debug_macro   0x000000000001ce9c       0xd6 ./Core/Src/decadriver/deca_device.o
 .debug_macro   0x000000000001cf72      0x22c ./Core/Src/decadriver/deca_device.o
 .debug_macro   0x000000000001d19e       0x61 ./Core/Src/decadriver/deca_device.o
 .debug_macro   0x000000000001d1ff       0xa5 ./Core/Src/decadriver/deca_device.o
 .debug_macro   0x000000000001d2a4      0x122 ./Core/Src/decadriver/deca_device.o
 .debug_macro   0x000000000001d3c6      0x356 ./Core/Src/decadriver/deca_device.o
 .debug_macro   0x000000000001d71c      0x2fe ./Core/Src/decadriver/deca_device.o
 .debug_macro   0x000000000001da1a      0x5ba ./Core/Src/decadriver/deca_device.o
 .debug_macro   0x000000000001dfd4       0x44 ./Core/Src/decadriver/deca_device.o
 .debug_macro   0x000000000001e018      0x220 ./Core/Src/decadriver/deca_device.o
 .debug_macro   0x000000000001e238       0x52 ./Core/Src/decadriver/deca_device.o
 .debug_macro   0x000000000001e28a       0x18 ./Core/Src/decadriver/deca_device.o
 .debug_macro   0x000000000001e2a2       0x3c ./Core/Src/decadriver/deca_device.o
 .debug_macro   0x000000000001e2de       0x34 ./Core/Src/decadriver/deca_device.o
 .debug_macro   0x000000000001e312       0x16 ./Core/Src/decadriver/deca_device.o
 .debug_macro   0x000000000001e328       0x35 ./Core/Src/decadriver/deca_device.o
 .debug_macro   0x000000000001e35d      0x333 ./Core/Src/decadriver/deca_device.o
 .debug_macro   0x000000000001e690       0x10 ./Core/Src/decadriver/deca_device.o
 .debug_macro   0x000000000001e6a0       0x16 ./Core/Src/decadriver/deca_device.o
 .debug_macro   0x000000000001e6b6       0x43 ./Core/Src/decadriver/deca_device.o
 .debug_macro   0x000000000001e6f9       0x34 ./Core/Src/decadriver/deca_device.o
 .debug_macro   0x000000000001e72d       0x10 ./Core/Src/decadriver/deca_device.o
 .debug_macro   0x000000000001e73d       0x58 ./Core/Src/decadriver/deca_device.o
 .debug_macro   0x000000000001e795       0x71 ./Core/Src/decadriver/deca_device.o
 .debug_macro   0x000000000001e806       0x1c ./Core/Src/decadriver/deca_device.o
 .debug_macro   0x000000000001e822      0x12a ./Core/Src/decadriver/deca_device.o
 .debug_macro   0x000000000001e94c       0x10 ./Core/Src/decadriver/deca_device.o
 .debug_macro   0x000000000001e95c       0x1c ./Core/Src/decadriver/deca_device.o
 .debug_macro   0x000000000001e978       0x52 ./Core/Src/decadriver/deca_device.o
 .debug_macro   0x000000000001e9ca       0x22 ./Core/Src/decadriver/deca_device.o
 .debug_macro   0x000000000001e9ec       0x10 ./Core/Src/decadriver/deca_device.o
 .debug_macro   0x000000000001e9fc       0x40 ./Core/Src/decadriver/deca_device.o
 .debug_macro   0x000000000001ea3c       0xd5 ./Core/Src/decadriver/deca_device.o
 .debug_macro   0x000000000001eb11       0x1c ./Core/Src/decadriver/deca_device.o
 .debug_macro   0x000000000001eb2d       0x3d ./Core/Src/decadriver/deca_device.o
 .debug_macro   0x000000000001eb6a       0x16 ./Core/Src/decadriver/deca_device.o
 .debug_macro   0x000000000001eb80      0x145 ./Core/Src/decadriver/deca_device.o
 .debug_macro   0x000000000001ecc5       0x16 ./Core/Src/decadriver/deca_device.o
 .debug_macro   0x000000000001ecdb       0x16 ./Core/Src/decadriver/deca_device.o
 .debug_macro   0x000000000001ecf1       0x16 ./Core/Src/decadriver/deca_device.o
 .debug_macro   0x000000000001ed07       0x29 ./Core/Src/decadriver/deca_device.o
 .debug_macro   0x000000000001ed30       0x2e ./Core/Src/decadriver/deca_device.o
 .debug_macro   0x000000000001ed5e       0x94 ./Core/Src/decadriver/deca_device.o
 .debug_macro   0x000000000001edf2       0x16 ./Core/Src/decadriver/deca_device.o
 .debug_macro   0x000000000001ee08     0x1863 ./Core/Src/decadriver/deca_device.o
 .debug_macro   0x000000000002066b      0x2d2 ./Core/Src/decadriver/deca_device.o
 .debug_macro   0x000000000002093d      0x20d ./Core/Src/decadriver/deca_params_init.o
 .debug_macro   0x0000000000020b4a       0x4c ./Core/Src/decadriver/deca_params_init.o
 .debug_macro   0x0000000000020b96       0x94 ./Core/Src/decadriver/deca_params_init.o
 .debug_macro   0x0000000000020c2a       0x57 ./Core/Src/decadriver/deca_params_init.o
 .debug_macro   0x0000000000020c81       0x97 ./Core/Src/decadriver/deca_params_init.o
 .debug_macro   0x0000000000020d18      0x339 ./Core/Src/decadriver/deca_params_init.o
 .debug_macro   0x0000000000021051       0xfd ./Core/Src/decadriver/deca_params_init.o
 .debug_macro   0x000000000002114e      0x2f6 ./Core/Src/decadriver/deca_params_init.o
 .debug_macro   0x0000000000021444       0x8e ./Core/Src/decadriver/deca_params_init.o
 .debug_macro   0x00000000000214d2      0x37f ./Core/Src/examples/ex_01a_simple_tx/ex_01a_main.o
 .debug_macro   0x0000000000021851       0x10 ./Core/Src/examples/ex_01a_simple_tx/ex_01a_main.o
 .debug_macro   0x0000000000021861       0x10 ./Core/Src/examples/ex_01a_simple_tx/ex_01a_main.o
 .debug_macro   0x0000000000021871       0x20 ./Core/Src/examples/ex_01a_simple_tx/ex_01a_main.o
 .debug_macro   0x0000000000021891       0xfb ./Core/Src/examples/ex_01a_simple_tx/ex_01a_main.o
 .debug_macro   0x000000000002198c       0x56 ./Core/Src/examples/ex_01a_simple_tx/ex_01a_main.o
 .debug_macro   0x00000000000219e2      0x1a9 ./Core/Src/examples/ex_01a_simple_tx/ex_01a_main.o
 .debug_macro   0x0000000000021b8b       0x22 ./Core/Src/examples/ex_01a_simple_tx/ex_01a_main.o
 .debug_macro   0x0000000000021bad       0x1c ./Core/Src/examples/ex_01a_simple_tx/ex_01a_main.o
 .debug_macro   0x0000000000021bc9       0xe6 ./Core/Src/examples/ex_01a_simple_tx/ex_01a_main.o
 .debug_macro   0x0000000000021caf      0x33c ./Core/Src/main.o
 .debug_macro   0x0000000000021feb       0x70 ./Core/Src/main.o
 .debug_macro   0x000000000002205b      0x1e9 ./Core/Src/stm32l4xx_hal_msp.o
 .debug_macro   0x0000000000022244      0x1f3 ./Core/Src/stm32l4xx_it.o
 .debug_macro   0x0000000000022437       0xff ./Core/Src/sysmem.o
 .debug_macro   0x0000000000022536      0x23b ./Core/Src/sysmem.o
 .debug_macro   0x0000000000022771      0x1da ./Core/Src/system_stm32l4xx.o
 .debug_macro   0x000000000002294b      0x336 ./Core/Src/platform/deca_mutex.o
 .debug_macro   0x0000000000022c81      0x340 ./Core/Src/platform/deca_sleep.o
 .debug_macro   0x0000000000022fc1      0x368 ./Core/Src/platform/deca_spi.o
 .debug_macro   0x0000000000023329       0x34 ./Core/Src/platform/deca_spi.o
 .debug_macro   0x000000000002335d       0x76 ./Core/Src/platform/deca_spi.o
 .debug_macro   0x00000000000233d3      0x3c6 ./Core/Src/platform/port.o
 .debug_macro   0x0000000000023799      0x2bb ./Core/Src/platform/stdio_d.o
 .debug_macro   0x0000000000023a54      0x222 ./Drivers/STM32L4xx_HAL_Driver/Src/stm32l4xx_hal.o
 .debug_macro   0x0000000000023c76      0x1da ./Drivers/STM32L4xx_HAL_Driver/Src/stm32l4xx_hal_cortex.o
 .debug_macro   0x0000000000023e50      0x1e1 ./Drivers/STM32L4xx_HAL_Driver/Src/stm32l4xx_hal_gpio.o
 .debug_macro   0x0000000000024031      0x1fe ./Drivers/STM32L4xx_HAL_Driver/Src/stm32l4xx_hal_pwr_ex.o
 .debug_macro   0x000000000002422f      0x21c ./Drivers/STM32L4xx_HAL_Driver/Src/stm32l4xx_hal_rcc.o
 .debug_macro   0x000000000002444b      0x210 ./Drivers/STM32L4xx_HAL_Driver/Src/stm32l4xx_hal_rcc_ex.o
 .debug_macro   0x000000000002465b      0x1e2 ./Drivers/STM32L4xx_HAL_Driver/Src/stm32l4xx_hal_spi.o
 .debug_macro   0x000000000002483d      0x205 ./Drivers/STM32L4xx_HAL_Driver/Src/stm32l4xx_hal_uart.o

.debug_line     0x0000000000000000    0x12cb9
 .debug_line    0x0000000000000000     0x203c ./Core/Src/decadriver/deca_device.o
 .debug_line    0x000000000000203c      0x5d1 ./Core/Src/decadriver/deca_params_init.o
 .debug_line    0x000000000000260d      0xa3f ./Core/Src/examples/ex_01a_simple_tx/ex_01a_main.o
 .debug_line    0x000000000000304c      0xab7 ./Core/Src/main.o
 .debug_line    0x0000000000003b03      0x7a4 ./Core/Src/stm32l4xx_hal_msp.o
 .debug_line    0x00000000000042a7      0x7bb ./Core/Src/stm32l4xx_it.o
 .debug_line    0x0000000000004a62      0x4f8 ./Core/Src/sysmem.o
 .debug_line    0x0000000000004f5a      0x78e ./Core/Src/system_stm32l4xx.o
 .debug_line    0x00000000000056e8      0x9b9 ./Core/Src/platform/deca_mutex.o
 .debug_line    0x00000000000060a1      0x99d ./Core/Src/platform/deca_sleep.o
 .debug_line    0x0000000000006a3e      0xa7f ./Core/Src/platform/deca_spi.o
 .debug_line    0x00000000000074bd      0xd96 ./Core/Src/platform/port.o
 .debug_line    0x0000000000008253      0x8cd ./Core/Src/platform/stdio_d.o
 .debug_line    0x0000000000008b20       0x88 ./Core/Startup/startup_stm32l432kcux.o
 .debug_line    0x0000000000008ba8      0xa55 ./Drivers/STM32L4xx_HAL_Driver/Src/stm32l4xx_hal.o
 .debug_line    0x00000000000095fd      0xc8f ./Drivers/STM32L4xx_HAL_Driver/Src/stm32l4xx_hal_cortex.o
 .debug_line    0x000000000000a28c      0xadf ./Drivers/STM32L4xx_HAL_Driver/Src/stm32l4xx_hal_gpio.o
 .debug_line    0x000000000000ad6b      0xbdb ./Drivers/STM32L4xx_HAL_Driver/Src/stm32l4xx_hal_pwr_ex.o
 .debug_line    0x000000000000b946      0xf9f ./Drivers/STM32L4xx_HAL_Driver/Src/stm32l4xx_hal_rcc.o
 .debug_line    0x000000000000c8e5     0x12ba ./Drivers/STM32L4xx_HAL_Driver/Src/stm32l4xx_hal_rcc_ex.o
 .debug_line    0x000000000000db9f     0x1f22 ./Drivers/STM32L4xx_HAL_Driver/Src/stm32l4xx_hal_spi.o
 .debug_line    0x000000000000fac1     0x31f8 ./Drivers/STM32L4xx_HAL_Driver/Src/stm32l4xx_hal_uart.o

.debug_str      0x0000000000000000    0xcbd6e
 .debug_str     0x0000000000000000    0xc6f35 ./Core/Src/decadriver/deca_device.o
                                      0xc74b4 (size before relaxing)
 .debug_str     0x00000000000c6f35       0x3d ./Core/Src/decadriver/deca_params_init.o
                                       0xdc8d (size before relaxing)
 .debug_str     0x00000000000c6f72      0xf88 ./Core/Src/examples/ex_01a_simple_tx/ex_01a_main.o
                                      0xc6319 (size before relaxing)
 .debug_str     0x00000000000c7efa      0xa05 ./Core/Src/main.o
                                      0xc0aaa (size before relaxing)
 .debug_str     0x00000000000c88ff      0x21b ./Core/Src/stm32l4xx_hal_msp.o
                                      0xbc96a (size before relaxing)
 .debug_str     0x00000000000c8b1a       0xbd ./Core/Src/stm32l4xx_it.o
                                      0xbc0db (size before relaxing)
 .debug_str     0x00000000000c8bd7      0x4e9 ./Core/Src/sysmem.o
                                       0x629d (size before relaxing)
 .debug_str     0x00000000000c90c0       0xb8 ./Core/Src/system_stm32l4xx.o
                                      0xbc08a (size before relaxing)
 .debug_str     0x00000000000c9178       0x3b ./Core/Src/platform/deca_mutex.o
                                      0xc0a65 (size before relaxing)
 .debug_str     0x00000000000c91b3       0x40 ./Core/Src/platform/deca_sleep.o
                                      0xc0a5a (size before relaxing)
 .debug_str     0x00000000000c91f3       0x9d ./Core/Src/platform/deca_spi.o
                                      0xc109f (size before relaxing)
 .debug_str     0x00000000000c9290      0x5b5 ./Core/Src/platform/port.o
                                      0xc1f74 (size before relaxing)
 .debug_str     0x00000000000c9845       0x36 ./Core/Src/platform/stdio_d.o
                                      0xbf688 (size before relaxing)
 .debug_str     0x00000000000c987b       0x36 ./Core/Startup/startup_stm32l432kcux.o
                                         0x6e (size before relaxing)
 .debug_str     0x00000000000c98b1      0x4d5 ./Drivers/STM32L4xx_HAL_Driver/Src/stm32l4xx_hal.o
                                      0xbc983 (size before relaxing)
 .debug_str     0x00000000000c9d86      0x34b ./Drivers/STM32L4xx_HAL_Driver/Src/stm32l4xx_hal_cortex.o
                                      0xbc7e0 (size before relaxing)
 .debug_str     0x00000000000ca0d1      0x141 ./Drivers/STM32L4xx_HAL_Driver/Src/stm32l4xx_hal_gpio.o
                                      0xbc24a (size before relaxing)
 .debug_str     0x00000000000ca212      0x45a ./Drivers/STM32L4xx_HAL_Driver/Src/stm32l4xx_hal_pwr_ex.o
                                      0xbc548 (size before relaxing)
 .debug_str     0x00000000000ca66c      0x3ac ./Drivers/STM32L4xx_HAL_Driver/Src/stm32l4xx_hal_rcc.o
                                      0xbc63e (size before relaxing)
 .debug_str     0x00000000000caa18      0x527 ./Drivers/STM32L4xx_HAL_Driver/Src/stm32l4xx_hal_rcc_ex.o
                                      0xbc899 (size before relaxing)
 .debug_str     0x00000000000caf3f      0x594 ./Drivers/STM32L4xx_HAL_Driver/Src/stm32l4xx_hal_spi.o
                                      0xbc85f (size before relaxing)
 .debug_str     0x00000000000cb4d3      0x89b ./Drivers/STM32L4xx_HAL_Driver/Src/stm32l4xx_hal_uart.o
                                      0xbcd0c (size before relaxing)

.comment        0x0000000000000000       0x53
 .comment       0x0000000000000000       0x53 ./Core/Src/decadriver/deca_device.o
                                         0x54 (size before relaxing)
 .comment       0x0000000000000053       0x54 ./Core/Src/decadriver/deca_params_init.o
 .comment       0x0000000000000053       0x54 ./Core/Src/examples/ex_01a_simple_tx/ex_01a_main.o
 .comment       0x0000000000000053       0x54 ./Core/Src/main.o
 .comment       0x0000000000000053       0x54 ./Core/Src/stm32l4xx_hal_msp.o
 .comment       0x0000000000000053       0x54 ./Core/Src/stm32l4xx_it.o
 .comment       0x0000000000000053       0x54 ./Core/Src/sysmem.o
 .comment       0x0000000000000053       0x54 ./Core/Src/system_stm32l4xx.o
 .comment       0x0000000000000053       0x54 ./Core/Src/platform/deca_mutex.o
 .comment       0x0000000000000053       0x54 ./Core/Src/platform/deca_sleep.o
 .comment       0x0000000000000053       0x54 ./Core/Src/platform/deca_spi.o
 .comment       0x0000000000000053       0x54 ./Core/Src/platform/port.o
 .comment       0x0000000000000053       0x54 ./Core/Src/platform/stdio_d.o
 .comment       0x0000000000000053       0x54 ./Drivers/STM32L4xx_HAL_Driver/Src/stm32l4xx_hal.o
 .comment       0x0000000000000053       0x54 ./Drivers/STM32L4xx_HAL_Driver/Src/stm32l4xx_hal_cortex.o
 .comment       0x0000000000000053       0x54 ./Drivers/STM32L4xx_HAL_Driver/Src/stm32l4xx_hal_gpio.o
 .comment       0x0000000000000053       0x54 ./Drivers/STM32L4xx_HAL_Driver/Src/stm32l4xx_hal_pwr_ex.o
 .comment       0x0000000000000053       0x54 ./Drivers/STM32L4xx_HAL_Driver/Src/stm32l4xx_hal_rcc.o
 .comment       0x0000000000000053       0x54 ./Drivers/STM32L4xx_HAL_Driver/Src/stm32l4xx_hal_rcc_ex.o
 .comment       0x0000000000000053       0x54 ./Drivers/STM32L4xx_HAL_Driver/Src/stm32l4xx_hal_spi.o
 .comment       0x0000000000000053       0x54 ./Drivers/STM32L4xx_HAL_Driver/Src/stm32l4xx_hal_uart.o

.debug_frame    0x0000000000000000     0x4178
 .debug_frame   0x0000000000000000      0xe40 ./Core/Src/decadriver/deca_device.o
 .debug_frame   0x0000000000000e40       0x30 ./Core/Src/examples/ex_01a_simple_tx/ex_01a_main.o
 .debug_frame   0x0000000000000e70       0xc4 ./Core/Src/main.o
 .debug_frame   0x0000000000000f34       0xcc ./Core/Src/stm32l4xx_hal_msp.o
 .debug_frame   0x0000000000001000      0x104 ./Core/Src/stm32l4xx_it.o
 .debug_frame   0x0000000000001104       0x34 ./Core/Src/sysmem.o
 .debug_frame   0x0000000000001138       0x58 ./Core/Src/system_stm32l4xx.o
 .debug_frame   0x0000000000001190       0x58 ./Core/Src/platform/deca_mutex.o
 .debug_frame   0x00000000000011e8       0x34 ./Core/Src/platform/deca_sleep.o
 .debug_frame   0x000000000000121c       0x98 ./Core/Src/platform/deca_spi.o
 .debug_frame   0x00000000000012b4      0x328 ./Core/Src/platform/port.o
 .debug_frame   0x00000000000015dc       0x5c ./Core/Src/platform/stdio_d.o
 .debug_frame   0x0000000000001638      0x3dc ./Drivers/STM32L4xx_HAL_Driver/Src/stm32l4xx_hal.o
 .debug_frame   0x0000000000001a14      0x498 ./Drivers/STM32L4xx_HAL_Driver/Src/stm32l4xx_hal_cortex.o
 .debug_frame   0x0000000000001eac      0x14c ./Drivers/STM32L4xx_HAL_Driver/Src/stm32l4xx_hal_gpio.o
 .debug_frame   0x0000000000001ff8      0x4a4 ./Drivers/STM32L4xx_HAL_Driver/Src/stm32l4xx_hal_pwr_ex.o
 .debug_frame   0x000000000000249c      0x21c ./Drivers/STM32L4xx_HAL_Driver/Src/stm32l4xx_hal_rcc.o
 .debug_frame   0x00000000000026b8      0x3d0 ./Drivers/STM32L4xx_HAL_Driver/Src/stm32l4xx_hal_rcc_ex.o
 .debug_frame   0x0000000000002a88      0x860 ./Drivers/STM32L4xx_HAL_Driver/Src/stm32l4xx_hal_spi.o
 .debug_frame   0x00000000000032e8      0x9ec ./Drivers/STM32L4xx_HAL_Driver/Src/stm32l4xx_hal_uart.o
 .debug_frame   0x0000000000003cd4       0x20 c:/st/stm32cubeide_1.8.0/stm32cubeide/plugins/com.st.stm32cube.ide.mcu.externaltools.gnu-tools-for-stm32.9-2020-q2-update.win32_2.0.0.202105311346/tools/bin/../lib/gcc/arm-none-eabi/9.3.1/../../../../arm-none-eabi/lib/thumb/v7e-m+fp/hard\libc_nano.a(lib_a-errno.o)
 .debug_frame   0x0000000000003cf4       0x2c c:/st/stm32cubeide_1.8.0/stm32cubeide/plugins/com.st.stm32cube.ide.mcu.externaltools.gnu-tools-for-stm32.9-2020-q2-update.win32_2.0.0.202105311346/tools/bin/../lib/gcc/arm-none-eabi/9.3.1/../../../../arm-none-eabi/lib/thumb/v7e-m+fp/hard\libc_nano.a(lib_a-init.o)
 .debug_frame   0x0000000000003d20       0x20 c:/st/stm32cubeide_1.8.0/stm32cubeide/plugins/com.st.stm32cube.ide.mcu.externaltools.gnu-tools-for-stm32.9-2020-q2-update.win32_2.0.0.202105311346/tools/bin/../lib/gcc/arm-none-eabi/9.3.1/../../../../arm-none-eabi/lib/thumb/v7e-m+fp/hard\libc_nano.a(lib_a-memset.o)