deca_device.c:101:7:dwt_apiversion	0	static
deca_device.c:118:5:dwt_setlocaldataptr	0	static
deca_device.c:342:7:dwt_otprevision	0	static
deca_device.c:432:6:dwt_setgpiodirection	24	static
deca_device.c:457:6:dwt_setgpiovalue	24	static
deca_device.c:501:7:dwt_geticrefvolt	0	static
deca_device.c:522:7:dwt_geticreftemp	0	static
deca_device.c:543:8:dwt_getpartid	0	static
deca_device.c:565:8:dwt_getlotid	0	static
deca_device.c:960:7:dwt_readcarrierintegrator	16	static
deca_device.c:1021:6:dwt_readtxtimestamp	16	static
deca_device.c:1070:6:dwt_readrxtimestamp	16	static
deca_device.c:1136:6:dwt_readsystime	16	static
deca_device.c:1164:6:dwt_writetodevice	16	static
deca_device.c:844:5:dwt_writetxdata	8	static
deca_device.c:630:6:dwt_configurefor64plen	24	static
deca_device.c:359:6:dwt_setfinegraintxseq	16	static
deca_device.c:799:6:dwt_setrxantennadelay	16	static
deca_device.c:818:6:dwt_settxantennadelay	16	static
deca_device.c:604:6:dwt_configuretxrf	16	static
deca_device.c:881:6:dwt_writetxfctrl	16	static
deca_device.c:1228:6:dwt_readfromdevice	16	static
deca_device.c:911:6:dwt_readrxdata	4	static
deca_device.c:482:5:dwt_getgpiovalue	32	static
deca_device.c:585:8:dwt_readdevid	24	static
deca_device.c:1037:8:dwt_readtxtimestamphi32	24	static
deca_device.c:1053:8:dwt_readtxtimestamplo32	24	static
deca_device.c:1086:8:dwt_readrxtimestamphi32	24	static
deca_device.c:1102:8:dwt_readrxtimestamplo32	24	static
deca_device.c:1118:8:dwt_readsystimestamphi32	24	static
deca_device.c:993:6:dwt_readdiagnostics	24	static
deca_device.c:387:6:dwt_setlnapamode	32	static
deca_device.c:413:6:dwt_enablegpioclocks	24	static
deca_device.c:1284:8:dwt_read32bitoffsetreg	24	static
deca_device.c:1313:8:dwt_read16bitoffsetreg	16	static
deca_device.c:1338:7:dwt_read8bitoffsetreg	16	static
deca_device.c:1361:6:dwt_write8bitoffsetreg	16	static
deca_device.c:1380:6:dwt_write16bitoffsetreg	16	static
deca_device.c:1404:6:dwt_write32bitoffsetreg	16	static
deca_device.c:1438:6:dwt_enableframefilter	24	static
deca_device.c:1469:6:dwt_setpanid	16	static
deca_device.c:1487:6:dwt_setaddress16	16	static
deca_device.c:1505:6:dwt_seteui	16	static
deca_device.c:1522:6:dwt_geteui	16	static
deca_device.c:1569:8:_dwt_otpread	24	static
deca_device.c:1607:8:_dwt_otpsetmrregs	56	static
deca_device.c:1748:8:_dwt_otpprogword32	32	static
deca_device.c:1856:6:_dwt_aonconfigupload	16	static
deca_device.c:1874:6:_dwt_aonarrayupload	16	static
deca_device.c:1892:6:dwt_entersleep	0	static
deca_device.c:2037:6:dwt_configuresleep	24	static
deca_device.c:2062:6:dwt_entersleepaftertx	32	static
deca_device.c:2101:5:dwt_spicswakeup	32	static
deca_device.c:2137:6:_dwt_configlde	24	static
deca_device.c:660:6:dwt_configure	40	static
deca_device.c:2218:6:dwt_setsmarttxpower	40	static
deca_device.c:2251:6:dwt_enableautoack	16	static
deca_device.c:2272:6:dwt_setdblrxbuffmode	16	static
deca_device.c:2302:6:dwt_setrxaftertxdelay	24	static
deca_device.c:2331:6:dwt_setcallbacks	4	static
deca_device.c:2350:7:dwt_checkirq	16	static
deca_device.c:2586:6:dwt_setleds	24	static
deca_device.c:2639:6:_dwt_enableclocks	24	static
deca_device.c:933:6:dwt_readaccdata	24	static
deca_device.c:1541:6:dwt_otpread	16	static
deca_device.c:1801:5:dwt_otpwriteandverify	16	static
deca_device.c:1912:6:dwt_configuresleepcnt	24	static
deca_device.c:1950:8:dwt_calibratesleepcnt	32	static
deca_device.c:2163:6:_dwt_loaducodefromrom	16	static
deca_device.c:2192:6:dwt_loadopsettabfromotp	24	static
deca_device.c:2719:6:_dwt_disablesequencing	16	static
deca_device.c:2739:6:dwt_setdelayedtrxtime	16	static
deca_device.c:2761:5:dwt_starttx	24	static
deca_device.c:2854:6:dwt_syncrxbufptrs	16	static
deca_device.c:2812:6:dwt_forcetrxoff	32	static
deca_device.c:2886:6:dwt_setsniffmode	24	static
deca_device.c:2938:6:dwt_setlowpowerlistening	32	static
deca_device.c:2516:6:dwt_lowpowerlistenisr	32	static
deca_device.c:2968:6:dwt_setsnoozetime	16	static
deca_device.c:2992:5:dwt_rxenable	24	static
deca_device.c:3043:6:dwt_setrxtimeout	24	static
deca_device.c:3085:6:dwt_setpreambledetecttimeout	16	static
deca_device.c:3115:6:dwt_setinterrupt	40	static
deca_device.c:3155:6:dwt_configeventcounters	24	static
deca_device.c:3178:6:dwt_readeventcounters	24	static
deca_device.c:3219:6:dwt_rxreset	16	static
deca_device.c:2379:6:dwt_isr	32	static
deca_device.c:3239:6:dwt_softreset	24	static
deca_device.c:173:5:dwt_initialise	40	static
deca_device.c:3275:6:dwt_setxtaltrim	16	static
deca_device.c:3294:7:dwt_getxtaltrim	16	static
deca_device.c:3311:6:dwt_configcwmode	16	static
deca_device.c:3363:6:dwt_configcontinuousframemode	24	static
deca_device.c:3412:8:dwt_readtempvbat	24	static
deca_device.c:3478:7:dwt_convertrawtemperature	8	static
deca_device.c:3504:7:dwt_convertdegtemptoraw	0	static
deca_device.c:3539:7:dwt_convertrawvoltage	8	static
deca_device.c:3566:7:dwt_convertvoltstoraw	16	static
deca_device.c:3591:7:dwt_readwakeuptemp	16	static
deca_device.c:3609:7:dwt_readwakeupvbat	16	static
deca_device.c:3630:8:dwt_calcbandwidthtempadj	56	static
deca_device.c:3731:8:_dwt_computetxpowersetting	32	static
deca_device.c:3804:9:dwt_calcpowertempadj	4	static
deca_device.c:3856:8:dwt_calcpgcount	40	static
