port.c:57:6:usleep	24	static,ignoring_inline_asm
port.c:77:1:Sleep	16	static
port.c:96:5:peripherals_init	4	static
port.c:105:6:spi_peripheral_init	4	static
port.c:121:10:EXTI_GetITEnStatus	16	static
port.c:144:6:reset_DW1000	32	static
port.c:172:6:setup_DW1000RSTnIRQ	40	static
port.c:207:5:port_is_boot1_low	8	static
port.c:216:5:port_is_boot1_on	16	static
port.c:226:5:port_is_switch_on	16	static
port.c:234:6:port_wakeup_dw1000	8	static
port.c:247:6:port_wakeup_dw1000_fast	16	static
port.c:279:6:port_set_dw1000_slowrate	8	static
port.c:289:6:port_set_dw1000_fastrate	8	static
port.c:313:6:HAL_GPIO_EXTI_Callback	16	static
port.c:333:15:process_deca_irq	8	static
port.c:348:15:port_DisableEXT_IRQ	8	static
port.c:357:15:port_EnableEXT_IRQ	8	static
port.c:366:19:port_GetEXT_IRQStatus	8	static
port.c:375:19:port_CheckEXT_IRQ	8	static
port.c:404:6:port_set_deca_isr	24	static
core_cm4.h:1688:22:__NVIC_EnableIRQ	0	static
core_cm4.h:1724:22:__NVIC_DisableIRQ	0	static,ignoring_inline_asm
port.c:47:1:portGetTickCnt	0	static
