Archive member included to satisfy reference by file (symbol)

/usr/lib/gcc/arm-none-eabi/12.2.0/../../../../arm-none-eabi/lib/thumb/v7e-m+fp/hard/libc_nano.a(lib_a-atexit.o)
                              /usr/lib/gcc/arm-none-eabi/12.2.0/../../../../arm-none-eabi/lib/thumb/v7e-m+fp/hard/crt0.o (atexit)
/usr/lib/gcc/arm-none-eabi/12.2.0/../../../../arm-none-eabi/lib/thumb/v7e-m+fp/hard/libc_nano.a(lib_a-errno.o)
                              ./Core/Src/syscalls.o (__errno)
/usr/lib/gcc/arm-none-eabi/12.2.0/../../../../arm-none-eabi/lib/thumb/v7e-m+fp/hard/libc_nano.a(lib_a-exit.o)
                              /usr/lib/gcc/arm-none-eabi/12.2.0/../../../../arm-none-eabi/lib/thumb/v7e-m+fp/hard/crt0.o (exit)
/usr/lib/gcc/arm-none-eabi/12.2.0/../../../../arm-none-eabi/lib/thumb/v7e-m+fp/hard/libc_nano.a(lib_a-fini.o)
                              /usr/lib/gcc/arm-none-eabi/12.2.0/../../../../arm-none-eabi/lib/thumb/v7e-m+fp/hard/crt0.o (__libc_fini_array)
/usr/lib/gcc/arm-none-eabi/12.2.0/../../../../arm-none-eabi/lib/thumb/v7e-m+fp/hard/libc_nano.a(lib_a-impure.o)
                              /usr/lib/gcc/arm-none-eabi/12.2.0/../../../../arm-none-eabi/lib/thumb/v7e-m+fp/hard/libc_nano.a(lib_a-exit.o) (_global_impure_ptr)
/usr/lib/gcc/arm-none-eabi/12.2.0/../../../../arm-none-eabi/lib/thumb/v7e-m+fp/hard/libc_nano.a(lib_a-init.o)
                              /usr/lib/gcc/arm-none-eabi/12.2.0/../../../../arm-none-eabi/lib/thumb/v7e-m+fp/hard/crt0.o (__libc_init_array)
/usr/lib/gcc/arm-none-eabi/12.2.0/../../../../arm-none-eabi/lib/thumb/v7e-m+fp/hard/libc_nano.a(lib_a-memcmp.o)
                              ./Core/Src/ranging.o (memcmp)
/usr/lib/gcc/arm-none-eabi/12.2.0/../../../../arm-none-eabi/lib/thumb/v7e-m+fp/hard/libc_nano.a(lib_a-memcpy-stub.o)
                              ./Core/Src/aes.o (memcpy)
/usr/lib/gcc/arm-none-eabi/12.2.0/../../../../arm-none-eabi/lib/thumb/v7e-m+fp/hard/libc_nano.a(lib_a-memset.o)
                              /usr/lib/gcc/arm-none-eabi/12.2.0/../../../../arm-none-eabi/lib/thumb/v7e-m+fp/hard/crt0.o (memset)
/usr/lib/gcc/arm-none-eabi/12.2.0/../../../../arm-none-eabi/lib/thumb/v7e-m+fp/hard/libc_nano.a(lib_a-snprintf.o)
                              ./Core/Src/dw_helpers.o (snprintf)
/usr/lib/gcc/arm-none-eabi/12.2.0/../../../../arm-none-eabi/lib/thumb/v7e-m+fp/hard/libc_nano.a(lib_a-sprintf.o)
                              ./Core/Src/rid_auth.o (sprintf)
/usr/lib/gcc/arm-none-eabi/12.2.0/../../../../arm-none-eabi/lib/thumb/v7e-m+fp/hard/libc_nano.a(lib_a-strcat.o)
                              ./Core/Src/rid_auth.o (strcat)
/usr/lib/gcc/arm-none-eabi/12.2.0/../../../../arm-none-eabi/lib/thumb/v7e-m+fp/hard/libc_nano.a(lib_a-strlen.o)
                              ./Core/Src/rid_auth.o (strlen)
/usr/lib/gcc/arm-none-eabi/12.2.0/../../../../arm-none-eabi/lib/thumb/v7e-m+fp/hard/libc_nano.a(lib_a-__atexit.o)
                              /usr/lib/gcc/arm-none-eabi/12.2.0/../../../../arm-none-eabi/lib/thumb/v7e-m+fp/hard/libc_nano.a(lib_a-atexit.o) (__register_exitproc)
/usr/lib/gcc/arm-none-eabi/12.2.0/../../../../arm-none-eabi/lib/thumb/v7e-m+fp/hard/libc_nano.a(lib_a-__call_atexit.o)
                              /usr/lib/gcc/arm-none-eabi/12.2.0/../../../../arm-none-eabi/lib/thumb/v7e-m+fp/hard/libc_nano.a(lib_a-__atexit.o) (__call_exitprocs)
/usr/lib/gcc/arm-none-eabi/12.2.0/../../../../arm-none-eabi/lib/thumb/v7e-m+fp/hard/libc_nano.a(lib_a-lock.o)
                              /usr/lib/gcc/arm-none-eabi/12.2.0/../../../../arm-none-eabi/lib/thumb/v7e-m+fp/hard/libc_nano.a(lib_a-__atexit.o) (__retarget_lock_acquire_recursive)
/usr/lib/gcc/arm-none-eabi/12.2.0/../../../../arm-none-eabi/lib/thumb/v7e-m+fp/hard/libc_nano.a(lib_a-nano-svfprintf.o)
                              /usr/lib/gcc/arm-none-eabi/12.2.0/../../../../arm-none-eabi/lib/thumb/v7e-m+fp/hard/libc_nano.a(lib_a-snprintf.o) (_svfprintf_r)
/usr/lib/gcc/arm-none-eabi/12.2.0/../../../../arm-none-eabi/lib/thumb/v7e-m+fp/hard/libc_nano.a(lib_a-nano-vfprintf_i.o)
                              /usr/lib/gcc/arm-none-eabi/12.2.0/../../../../arm-none-eabi/lib/thumb/v7e-m+fp/hard/libc_nano.a(lib_a-nano-svfprintf.o) (_printf_i)
/usr/lib/gcc/arm-none-eabi/12.2.0/../../../../arm-none-eabi/lib/thumb/v7e-m+fp/hard/libc_nano.a(lib_a-memchr.o)
                              /usr/lib/gcc/arm-none-eabi/12.2.0/../../../../arm-none-eabi/lib/thumb/v7e-m+fp/hard/libc_nano.a(lib_a-nano-svfprintf.o) (memchr)
/usr/lib/gcc/arm-none-eabi/12.2.0/../../../../arm-none-eabi/lib/thumb/v7e-m+fp/hard/libc_nano.a(lib_a-memmove.o)
                              /usr/lib/gcc/arm-none-eabi/12.2.0/../../../../arm-none-eabi/lib/thumb/v7e-m+fp/hard/libc_nano.a(lib_a-nano-svfprintf.o) (memmove)
/usr/lib/gcc/arm-none-eabi/12.2.0/../../../../arm-none-eabi/lib/thumb/v7e-m+fp/hard/libc_nano.a(lib_a-nano-freer.o)
[...]
Memory Configuration

Name             Origin             Length             Attributes
CCMRAM           0x0000000010000000 0x0000000000004000 xrw
RAM              0x0000000020000000 0x0000000000010000 xrw
FLASH            0x0000000008000000 0x0000000000080000 xr
*default*        0x0000000000000000 0xffffffffffffffff

Linker script and memory map

LOAD /usr/lib/gcc/arm-none-eabi/12.2.0/thumb/v7e-m+fp/hard/crti.o
LOAD /usr/lib/gcc/arm-none-eabi/12.2.0/thumb/v7e-m+fp/hard/crtbegin.o
LOAD /usr/lib/gcc/arm-none-eabi/12.2.0/../../../../arm-none-eabi/lib/thumb/v7e-m+fp/hard/crt0.o
LOAD ./Core/Src/aes.o
LOAD ./Core/Src/dw_config.o
LOAD ./Core/Src/dw_helpers.o
LOAD ./Core/Src/dw_utils.o
LOAD ./Core/Src/main.o
LOAD ./Core/Src/ranging.o
LOAD ./Core/Src/rid.o
LOAD ./Core/Src/rid_auth.o
LOAD ./Core/Src/stm32f3xx_hal_msp.o
LOAD ./Core/Src/stm32f3xx_it.o
LOAD ./Core/Src/syscalls.o
LOAD ./Core/Src/sysmem.o
LOAD ./Core/Src/system_stm32f3xx.o
LOAD ./Core/Src/decadriver/deca_device.o
LOAD ./Core/Src/decadriver/deca_params_init.o
LOAD ./Core/Src/platform/deca_mutex.o
LOAD ./Core/Src/platform/deca_range_tables.o
LOAD ./Core/Src/platform/deca_sleep.o
LOAD ./Core/Src/platform/deca_spi.o
LOAD ./Core/Src/platform/port.o
LOAD ./Core/Src/platform/stdio_d.o
LOAD ./Core/Startup/startup_stm32f303retx.o
LOAD ./Core/examples/ex_01a_simple_tx/ex_01a_main.o
LOAD ./Core/examples/ex_01b_tx_sleep/ex_01b_main.o
LOAD ./Core/examples/ex_01c_tx_sleep_auto/ex_01c_main.o
LOAD ./Core/examples/ex_01d_tx_timed_sleep/ex_01d_main.o
LOAD ./Core/examples/ex_01e_tx_with_cca/ex_01e_tx_with_cca.o
LOAD ./Core/examples/ex_02a_simple_rx/ex_02a_main.o
LOAD ./Core/examples/ex_02b_rx_preamble_64/ex_02b_main.o
LOAD ./Core/examples/ex_02c_rx_diagnostics/ex_02c_main.o
LOAD ./Core/examples/ex_02d_rx_sniff/ex_02d_main.o
LOAD ./Core/examples/ex_02e_rx_dbl_buff/ex_02e_main.o
LOAD ./Core/examples/ex_02f_rx_with_crystal_trim/ex_02f_rx_with_xtal_trim.o
LOAD ./Core/examples/ex_03a_tx_wait_resp/ex_03a_main.o
LOAD ./Core/examples/ex_03b_rx_send_resp/ex_03b_main.o
LOAD ./Core/examples/ex_03c_tx_wait_resp_leds/ex_03c_main.o
LOAD ./Core/examples/ex_03d_tx_wait_resp_interrupts/ex_03d_main.o
LOAD ./Core/examples/ex_04a_cont_wave/ex_04a_main.o
LOAD ./Core/examples/ex_04b_cont_frame/ex_04b_main.o
LOAD ./Core/examples/ex_05a_ds_twr_init/ex_05a_main.o
LOAD ./Core/examples/ex_05b_ds_twr_resp/ex_05b_main.o
LOAD ./Core/examples/ex_06a_ss_twr_init/ex_06a_main.o
LOAD ./Core/examples/ex_06b_ss_twr_resp/ex_06b_main.o
LOAD ./Core/examples/ex_07a_ack_data_tx/ex_07a_main.o
LOAD ./Core/examples/ex_07b_ack_data_rx/ex_07b_main.o
LOAD ./Core/examples/ex_09a_bandwidth_power_ref_meas/ex_09a_main.o
LOAD ./Core/examples/ex_09b_bandwidth_power_comp/ex_09b_main.o
LOAD ./Core/examples/ex_10a_gpio/ex_10a_main.o
LOAD ./Drivers/STM32F3xx_HAL_Driver/Src/stm32f3xx_hal.o
LOAD ./Drivers/STM32F3xx_HAL_Driver/Src/stm32f3xx_hal_cortex.o
LOAD ./Drivers/STM32F3xx_HAL_Driver/Src/stm32f3xx_hal_dma.o
LOAD ./Drivers/STM32F3xx_HAL_Driver/Src/stm32f3xx_hal_exti.o
LOAD ./Drivers/STM32F3xx_HAL_Driver/Src/stm32f3xx_hal_flash.o
LOAD ./Drivers/STM32F3xx_HAL_Driver/Src/stm32f3xx_hal_flash_ex.o
LOAD ./Drivers/STM32F3xx_HAL_Driver/Src/stm32f3xx_hal_gpio.o
LOAD ./Drivers/STM32F3xx_HAL_Driver/Src/stm32f3xx_hal_i2c.o
LOAD ./Drivers/STM32F3xx_HAL_Driver/Src/stm32f3xx_hal_i2c_ex.o
LOAD ./Drivers/STM32F3xx_HAL_Driver/Src/stm32f3xx_hal_pwr.o
LOAD ./Drivers/STM32F3xx_HAL_Driver/Src/stm32f3xx_hal_pwr_ex.o
LOAD ./Drivers/STM32F3xx_HAL_Driver/Src/stm32f3xx_hal_rcc.o
LOAD ./Drivers/STM32F3xx_HAL_Driver/Src/stm32f3xx_hal_rcc_ex.o
LOAD ./Drivers/STM32F3xx_HAL_Driver/Src/stm32f3xx_hal_spi.o
LOAD ./Drivers/STM32F3xx_HAL_Driver/Src/stm32f3xx_hal_spi_ex.o
LOAD ./Drivers/STM32F3xx_HAL_Driver/Src/stm32f3xx_hal_tim.o
LOAD ./Drivers/STM32F3xx_HAL_Driver/Src/stm32f3xx_hal_tim_ex.o
LOAD ./Drivers/STM32F3xx_HAL_Driver/Src/stm32f3xx_hal_uart.o
LOAD ./Drivers/STM32F3xx_HAL_Driver/Src/stm32f3xx_hal_uart_ex.o
START GROUP
LOAD /usr/lib/gcc/arm-none-eabi/12.2.0/../../../../arm-none-eabi/lib/thumb/v7e-m+fp/hard/libc_nano.a
LOAD /usr/lib/gcc/arm-none-eabi/12.2.0/../../../../arm-none-eabi/lib/thumb/v7e-m+fp/hard/libm.a
END GROUP
START GROUP
LOAD /usr/lib/gcc/arm-none-eabi/12.2.0/thumb/v7e-m+fp/hard/libgcc.a
LOAD /usr/lib/gcc/arm-none-eabi/12.2.0/../../../../arm-none-eabi/lib/thumb/v7e-m+fp/hard/libc_nano.a
END GROUP
START GROUP
LOAD /usr/lib/gcc/arm-none-eabi/12.2.0/thumb/v7e-m+fp/hard/libgcc.a
LOAD /usr/lib/gcc/arm-none-eabi/12.2.0/../../../../arm-none-eabi/lib/thumb/v7e-m+fp/hard/libc_nano.a
LOAD /usr/lib/gcc/arm-none-eabi/12.2.0/../../../../arm-none-eabi/lib/thumb/v7e-m+fp/hard/libnosys.a
END GROUP
START GROUP
LOAD /usr/lib/gcc/arm-none-eabi/12.2.0/thumb/v7e-m+fp/hard/libgcc.a
LOAD /usr/lib/gcc/arm-none-eabi/12.2.0/../../../../arm-none-eabi/lib/thumb/v7e-m+fp/hard/libc_nano.a
LOAD /usr/lib/gcc/arm-none-eabi/12.2.0/../../../../arm-none-eabi/lib/thumb/v7e-m+fp/hard/libnosys.a
END GROUP
LOAD /usr/lib/gcc/arm-none-eabi/12.2.0/thumb/v7e-m+fp/hard/crtend.o
LOAD /usr/lib/gcc/arm-none-eabi/12.2.0/thumb/v7e-m+fp/hard/crtn.o
                0x0000000020010000                _estack = (ORIGIN (RAM) + LENGTH (RAM))
                0x0000000000000200                _Min_Heap_Size = 0x200
                0x0000000000000400                _Min_Stack_Size = 0x400

.isr_vector     0x0000000008000000      0x194
                0x0000000008000000                . = ALIGN (0x4)
 *(.isr_vector)
 .isr_vector    0x0000000008000000      0x194 ./Core/Startup/startup_stm32f303retx.o
                0x0000000008000000                g_pfnVectors
                0x0000000008000194                . = ALIGN (0x4)

.text           0x0000000008000194     0x6384
                0x0000000008000194                . = ALIGN (0x4)
 *(.text)
 .text          0x0000000008000194       0x10 /usr/lib/gcc/arm-none-eabi/12.2.0/../../../../arm-none-eabi/lib/thumb/v7e-m+fp/hard/libc_nano.a(lib_a-strlen.o)
                0x0000000008000194                strlen
 *(.text*)
 .text.__do_global_dtors_aux
                0x00000000080001a4       0x24 /usr/lib/gcc/arm-none-eabi/12.2.0/thumb/v7e-m+fp/hard/crtbegin.o
 .text.frame_dummy
                0x00000000080001c8       0x1c /usr/lib/gcc/arm-none-eabi/12.2.0/thumb/v7e-m+fp/hard/crtbegin.o
 .text.KeyExpansion
                0x00000000080001e4      0x1a0 ./Core/Src/aes.o
 .text.AES_init_ctx
                0x0000000008000384       0x1c ./Core/Src/aes.o
                0x0000000008000384                AES_init_ctx
 .text.AES_ctx_set_iv
                0x00000000080003a0       0x20 ./Core/Src/aes.o
                0x00000000080003a0                AES_ctx_set_iv
 .text.AddRoundKey
                0x00000000080003c0       0x78 ./Core/Src/aes.o
 .text.SubBytes
                0x0000000008000438       0x64 ./Core/Src/aes.o
 .text.ShiftRows
                0x000000000800049c       0x84 ./Core/Src/aes.o
 .text.xtime    0x0000000008000520       0x3c ./Core/Src/aes.o
 .text.MixColumns
                0x000000000800055c      0x16a ./Core/Src/aes.o
 .text.InvMixColumns
                0x00000000080006c6      0x698 ./Core/Src/aes.o
 *fill*         0x0000000008000d5e        0x2 
 .text.InvSubBytes
                0x0000000008000d60       0x64 ./Core/Src/aes.o
 .text.InvShiftRows
                0x0000000008000dc4       0x84 ./Core/Src/aes.o
 .text.Cipher   0x0000000008000e48       0x5c ./Core/Src/aes.o
 .text.InvCipher
                0x0000000008000ea4       0x52 ./Core/Src/aes.o
 .text.XorWithIv
                0x0000000008000ef6       0x46 ./Core/Src/aes.o
 .text.AES_CBC_encrypt_buffer
                0x0000000008000f3c       0x58 ./Core/Src/aes.o
                0x0000000008000f3c                AES_CBC_encrypt_buffer
 .text.AES_CBC_decrypt_buffer
                0x0000000008000f94       0x6a ./Core/Src/aes.o
                0x0000000008000f94                AES_CBC_decrypt_buffer
 *fill*         0x0000000008000ffe        0x2 
 .text.print_timeout_errors
                0x0000000008001000       0x38 ./Core/Src/dw_helpers.o
                0x0000000008001000                print_timeout_errors
 .text.print_status_errors
                0x0000000008001038       0x88 ./Core/Src/dw_helpers.o
                0x0000000008001038                print_status_errors
 .text.main     0x00000000080010c0       0x2c ./Core/Src/main.o
                0x00000000080010c0                main
 .text.SystemClock_Config
                0x00000000080010ec       0xbc ./Core/Src/main.o
                0x00000000080010ec                SystemClock_Config
 .text.MX_SPI1_Init
                0x00000000080011a8       0x7c ./Core/Src/main.o
 .text.MX_USART1_UART_Init
                0x0000000008001224       0x60 ./Core/Src/main.o
 .text.MX_GPIO_Init
                0x0000000008001284       0xe0 ./Core/Src/main.o
 .text.Error_Handler
                0x0000000008001364        0xc ./Core/Src/main.o
                0x0000000008001364                Error_Handler
 .text.is_ranging_init_msg
                0x0000000008001370       0x34 ./Core/Src/ranging.o
                0x0000000008001370                is_ranging_init_msg
 .text.receive_ranging_init_msg
                0x00000000080013a4       0xd0 ./Core/Src/ranging.o
                0x00000000080013a4                receive_ranging_init_msg
 .text.send_poll_msg
                0x0000000008001474       0x74 ./Core/Src/ranging.o
                0x0000000008001474                send_poll_msg
 .text.receive_response_msg
                0x00000000080014e8       0xb0 ./Core/Src/ranging.o
                0x00000000080014e8                receive_response_msg
 .text.send_final_msg
                0x0000000008001598      0x138 ./Core/Src/ranging.o
                0x0000000008001598                send_final_msg
 .text.get_tx_timestamp_u64
                0x00000000080016d0       0x76 ./Core/Src/ranging.o
 .text.get_rx_timestamp_u64
                0x0000000008001746       0x76 ./Core/Src/ranging.o
 .text.final_msg_set_ts
                0x00000000080017bc       0x4e ./Core/Src/ranging.o
 *fill*         0x000000000800180a        0x2 
 .text.rid_main
                0x000000000800180c       0xd4 ./Core/Src/rid.o
                0x000000000800180c                rid_main
 .text.update_state
                0x00000000080018e0       0x34 ./Core/Src/rid.o
                0x00000000080018e0                update_state
 .text.print_state_if_changed
                0x0000000008001914       0x28 ./Core/Src/rid.o
                0x0000000008001914                print_state_if_changed
 .text.init_dw1000
                0x000000000800193c       0x4c ./Core/Src/rid.o
                0x000000000800193c                init_dw1000
 .text.setup_frame_filtering
                0x0000000008001988       0x48 ./Core/Src/rid.o
                0x0000000008001988                setup_frame_filtering
 .text.perform_blink
                0x00000000080019d0       0x7c ./Core/Src/rid.o
                0x00000000080019d0                perform_blink
 .text.perform_ranging
                0x0000000008001a4c      0x100 ./Core/Src/rid.o
                0x0000000008001a4c                perform_ranging
 .text.perform_authentication
                0x0000000008001b4c      0x144 ./Core/Src/rid.o
                0x0000000008001b4c                perform_authentication
 .text.is_auth_request_msg
                0x0000000008001c90       0x38 ./Core/Src/rid_auth.o
                0x0000000008001c90                is_auth_request_msg
 .text.is_auth_ack_msg
                0x0000000008001cc8       0x38 ./Core/Src/rid_auth.o
                0x0000000008001cc8                is_auth_ack_msg
 .text.receive_auth_request
                0x0000000008001d00       0xb0 ./Core/Src/rid_auth.o
                0x0000000008001d00                receive_auth_request
 .text.send_auth_reply
                0x0000000008001db0       0x7c ./Core/Src/rid_auth.o
                0x0000000008001db0                send_auth_reply
 .text.receive_auth_ack
                0x0000000008001e2c       0xb0 ./Core/Src/rid_auth.o
                0x0000000008001e2c                receive_auth_ack
 .text.HAL_MspInit
                0x0000000008001edc       0x48 ./Core/Src/stm32f3xx_hal_msp.o
                0x0000000008001edc                HAL_MspInit
 .text.HAL_SPI_MspInit
                0x0000000008001f24       0x84 ./Core/Src/stm32f3xx_hal_msp.o
                0x0000000008001f24                HAL_SPI_MspInit
 .text.HAL_UART_MspInit
                0x0000000008001fa8       0x88 ./Core/Src/stm32f3xx_hal_msp.o
                0x0000000008001fa8                HAL_UART_MspInit
 .text.NMI_Handler
                0x0000000008002030        0x8 ./Core/Src/stm32f3xx_it.o
                0x0000000008002030                NMI_Handler
 .text.HardFault_Handler
                0x0000000008002038        0x8 ./Core/Src/stm32f3xx_it.o
                0x0000000008002038                HardFault_Handler
 .text.MemManage_Handler
                0x0000000008002040        0x8 ./Core/Src/stm32f3xx_it.o
                0x0000000008002040                MemManage_Handler
 .text.BusFault_Handler
                0x0000000008002048        0x8 ./Core/Src/stm32f3xx_it.o
                0x0000000008002048                BusFault_Handler
 .text.UsageFault_Handler
                0x0000000008002050        0x8 ./Core/Src/stm32f3xx_it.o
                0x0000000008002050                UsageFault_Handler
 .text.SVC_Handler
                0x0000000008002058        0xe ./Core/Src/stm32f3xx_it.o
                0x0000000008002058                SVC_Handler
 .text.DebugMon_Handler
                0x0000000008002066        0xe ./Core/Src/stm32f3xx_it.o
                0x0000000008002066                DebugMon_Handler
 .text.PendSV_Handler
                0x0000000008002074        0xe ./Core/Src/stm32f3xx_it.o
                0x0000000008002074                PendSV_Handler
 .text.SysTick_Handler
                0x0000000008002082        0xc ./Core/Src/stm32f3xx_it.o
                0x0000000008002082                SysTick_Handler
 *fill*         0x000000000800208e        0x2 
 .text.SystemInit
                0x0000000008002090       0x24 ./Core/Src/system_stm32f3xx.o
                0x0000000008002090                SystemInit
 .text.dwt_initialise
                0x00000000080020b4      0x2a0 ./Core/Src/decadriver/deca_device.o
                0x00000000080020b4                dwt_initialise
 .text.dwt_readdevid
                0x0000000008002354       0x12 ./Core/Src/decadriver/deca_device.o
                0x0000000008002354                dwt_readdevid
 *fill*         0x0000000008002366        0x2 
 .text.dwt_configure
                0x0000000008002368      0x2d4 ./Core/Src/decadriver/deca_device.o
                0x0000000008002368                dwt_configure
 .text.dwt_setrxantennadelay
                0x000000000800263c       0x20 ./Core/Src/decadriver/deca_device.o
                0x000000000800263c                dwt_setrxantennadelay
 .text.dwt_settxantennadelay
                0x000000000800265c       0x1e ./Core/Src/decadriver/deca_device.o
                0x000000000800265c                dwt_settxantennadelay
 .text.dwt_writetxdata
                0x000000000800267a       0x3c ./Core/Src/decadriver/deca_device.o
                0x000000000800267a                dwt_writetxdata
 *fill*         0x00000000080026b6        0x2 
 .text.dwt_writetxfctrl
                0x00000000080026b8       0x40 ./Core/Src/decadriver/deca_device.o
                0x00000000080026b8                dwt_writetxfctrl
 .text.dwt_readrxdata
                0x00000000080026f8       0x24 ./Core/Src/decadriver/deca_device.o
                0x00000000080026f8                dwt_readrxdata
 .text.dwt_readtxtimestamp
                0x000000000800271c       0x1c ./Core/Src/decadriver/deca_device.o
                0x000000000800271c                dwt_readtxtimestamp
 .text.dwt_readrxtimestamp
                0x0000000008002738       0x1c ./Core/Src/decadriver/deca_device.o
                0x0000000008002738                dwt_readrxtimestamp
 .text.dwt_writetodevice
                0x0000000008002754       0xae ./Core/Src/decadriver/deca_device.o
                0x0000000008002754                dwt_writetodevice
 .text.dwt_readfromdevice
                0x0000000008002802       0xa8 ./Core/Src/decadriver/deca_device.o
                0x0000000008002802                dwt_readfromdevice
 .text.dwt_read32bitoffsetreg
                0x00000000080028aa       0x4e ./Core/Src/decadriver/deca_device.o
                0x00000000080028aa                dwt_read32bitoffsetreg
 .text.dwt_read16bitoffsetreg
                0x00000000080028f8       0x36 ./Core/Src/decadriver/deca_device.o
                0x00000000080028f8                dwt_read16bitoffsetreg
 .text.dwt_read8bitoffsetreg
                0x000000000800292e       0x26 ./Core/Src/decadriver/deca_device.o
                0x000000000800292e                dwt_read8bitoffsetreg
 .text.dwt_write8bitoffsetreg
                0x0000000008002954       0x26 ./Core/Src/decadriver/deca_device.o
                0x0000000008002954                dwt_write8bitoffsetreg
 .text.dwt_write16bitoffsetreg
                0x000000000800297a       0x38 ./Core/Src/decadriver/deca_device.o
                0x000000000800297a                dwt_write16bitoffsetreg
 .text.dwt_write32bitoffsetreg
                0x00000000080029b2       0x4e ./Core/Src/decadriver/deca_device.o
                0x00000000080029b2                dwt_write32bitoffsetreg
 .text.dwt_enableframefilter
                0x0000000008002a00       0x64 ./Core/Src/decadriver/deca_device.o
                0x0000000008002a00                dwt_enableframefilter
 .text.dwt_setpanid
                0x0000000008002a64       0x1e ./Core/Src/decadriver/deca_device.o
                0x0000000008002a64                dwt_setpanid
 .text.dwt_setaddress16
                0x0000000008002a82       0x1e ./Core/Src/decadriver/deca_device.o
                0x0000000008002a82                dwt_setaddress16
 .text.dwt_seteui
                0x0000000008002aa0       0x1c ./Core/Src/decadriver/deca_device.o
                0x0000000008002aa0                dwt_seteui
 .text._dwt_otpread
                0x0000000008002abc       0x3e ./Core/Src/decadriver/deca_device.o
                0x0000000008002abc                _dwt_otpread
 .text._dwt_aonarrayupload
                0x0000000008002afa       0x1c ./Core/Src/decadriver/deca_device.o
                0x0000000008002afa                _dwt_aonarrayupload
 .text._dwt_configlde
                0x0000000008002b16       0x40 ./Core/Src/decadriver/deca_device.o
                0x0000000008002b16                _dwt_configlde
 .text._dwt_loaducodefromrom
                0x0000000008002b56       0x26 ./Core/Src/decadriver/deca_device.o
                0x0000000008002b56                _dwt_loaducodefromrom
 .text.dwt_setrxaftertxdelay
                0x0000000008002b7c       0x38 ./Core/Src/decadriver/deca_device.o
                0x0000000008002b7c                dwt_setrxaftertxdelay
 .text._dwt_enableclocks
                0x0000000008002bb4      0x134 ./Core/Src/decadriver/deca_device.o
                0x0000000008002bb4                _dwt_enableclocks
 .text._dwt_disablesequencing
                0x0000000008002ce8       0x18 ./Core/Src/decadriver/deca_device.o
                0x0000000008002ce8                _dwt_disablesequencing
 .text.dwt_setdelayedtrxtime
                0x0000000008002d00       0x1a ./Core/Src/decadriver/deca_device.o
                0x0000000008002d00                dwt_setdelayedtrxtime
 *fill*         0x0000000008002d1a        0x2 
 .text.dwt_starttx
                0x0000000008002d1c       0x9c ./Core/Src/decadriver/deca_device.o
                0x0000000008002d1c                dwt_starttx
 .text.dwt_forcetrxoff
                0x0000000008002db8       0x60 ./Core/Src/decadriver/deca_device.o
                0x0000000008002db8                dwt_forcetrxoff
 .text.dwt_syncrxbufptrs
                0x0000000008002e18       0x34 ./Core/Src/decadriver/deca_device.o
                0x0000000008002e18                dwt_syncrxbufptrs
 .text.dwt_rxenable
                0x0000000008002e4c       0x84 ./Core/Src/decadriver/deca_device.o
                0x0000000008002e4c                dwt_rxenable
 .text.dwt_setrxtimeout
                0x0000000008002ed0       0x80 ./Core/Src/decadriver/deca_device.o
                0x0000000008002ed0                dwt_setrxtimeout
 .text.dwt_setpreambledetecttimeout
                0x0000000008002f50       0x1e ./Core/Src/decadriver/deca_device.o
                0x0000000008002f50                dwt_setpreambledetecttimeout
 .text.dwt_rxreset
                0x0000000008002f6e       0x1c ./Core/Src/decadriver/deca_device.o
                0x0000000008002f6e                dwt_rxreset
 *fill*         0x0000000008002f8a        0x2 
 .text.dwt_softreset
                0x0000000008002f8c       0x4c ./Core/Src/decadriver/deca_device.o
                0x0000000008002f8c                dwt_softreset
 .text.dwt_setxtaltrim
                0x0000000008002fd8       0x30 ./Core/Src/decadriver/deca_device.o
                0x0000000008002fd8                dwt_setxtaltrim
 .text.decamutexon
                0x0000000008003008       0x22 ./Core/Src/platform/deca_mutex.o
                0x0000000008003008                decamutexon
 .text.decamutexoff
                0x000000000800302a       0x1a ./Core/Src/platform/deca_mutex.o
                0x000000000800302a                decamutexoff
 .text.deca_sleep
                0x0000000008003044       0x16 ./Core/Src/platform/deca_sleep.o
                0x0000000008003044                deca_sleep
 *fill*         0x000000000800305a        0x2 
 .text.writetospi
                0x000000000800305c       0x68 ./Core/Src/platform/deca_spi.o
                0x000000000800305c                writetospi
 .text.readfromspi
                0x00000000080030c4       0x94 ./Core/Src/platform/deca_spi.o
                0x00000000080030c4                readfromspi
 .text.__NVIC_EnableIRQ
                0x0000000008003158       0x3c ./Core/Src/platform/port.o
 .text.__NVIC_DisableIRQ
                0x0000000008003194       0x48 ./Core/Src/platform/port.o
 .text.usleep   0x00000000080031dc       0x54 ./Core/Src/platform/port.o
                0x00000000080031dc                usleep
 .text.Sleep    0x0000000008003230       0x16 ./Core/Src/platform/port.o
                0x0000000008003230                Sleep
 *fill*         0x0000000008003246        0x2 
 .text.EXTI_GetITEnStatus
                0x0000000008003248       0x3c ./Core/Src/platform/port.o
                0x0000000008003248                EXTI_GetITEnStatus
 .text.reset_DW1000
                0x0000000008003284       0x48 ./Core/Src/platform/port.o
                0x0000000008003284                reset_DW1000
 .text.setup_DW1000RSTnIRQ
                0x00000000080032cc       0x7a ./Core/Src/platform/port.o
                0x00000000080032cc                setup_DW1000RSTnIRQ
 *fill*         0x0000000008003346        0x2 
 .text.port_set_dw1000_slowrate
                0x0000000008003348       0x18 ./Core/Src/platform/port.o
                0x0000000008003348                port_set_dw1000_slowrate
 .text.port_set_dw1000_fastrate
                0x0000000008003360       0x18 ./Core/Src/platform/port.o
                0x0000000008003360                port_set_dw1000_fastrate
 .text.port_DisableEXT_IRQ
                0x0000000008003378        0xe ./Core/Src/platform/port.o
                0x0000000008003378                port_DisableEXT_IRQ
 .text.port_EnableEXT_IRQ
                0x0000000008003386        0xe ./Core/Src/platform/port.o
                0x0000000008003386                port_EnableEXT_IRQ
 .text.port_GetEXT_IRQStatus
                0x0000000008003394       0x10 ./Core/Src/platform/port.o
                0x0000000008003394                port_GetEXT_IRQStatus
 .text.stdio_init
                0x00000000080033a4       0x20 ./Core/Src/platform/stdio_d.o
                0x00000000080033a4                stdio_init
 .text.stdio_write
                0x00000000080033c4       0x3c ./Core/Src/platform/stdio_d.o
                0x00000000080033c4                stdio_write
 .text.Reset_Handler
                0x0000000008003400       0x50 ./Core/Startup/startup_stm32f303retx.o
                0x0000000008003400                Reset_Handler
 .text.Default_Handler
                0x0000000008003450        0x2 ./Core/Startup/startup_stm32f303retx.o
                0x0000000008003450                RTC_Alarm_IRQHandler
                0x0000000008003450                TIM8_TRG_COM_IRQHandler
                0x0000000008003450                TIM8_CC_IRQHandler
                0x0000000008003450                SPI4_IRQHandler
                0x0000000008003450                TIM1_CC_IRQHandler
                0x0000000008003450                USB_HP_IRQHandler
                0x0000000008003450                PVD_IRQHandler
                0x0000000008003450                TAMP_STAMP_IRQHandler
                0x0000000008003450                EXTI3_IRQHandler
                0x0000000008003450                I2C3_ER_IRQHandler
                0x0000000008003450                USB_HP_CAN_TX_IRQHandler
                0x0000000008003450                EXTI0_IRQHandler
                0x0000000008003450                I2C2_EV_IRQHandler
                0x0000000008003450                FPU_IRQHandler
                0x0000000008003450                TIM1_UP_TIM16_IRQHandler
                0x0000000008003450                ADC1_2_IRQHandler
                0x0000000008003450                SPI1_IRQHandler
                0x0000000008003450                CAN_SCE_IRQHandler
                0x0000000008003450                TIM6_DAC_IRQHandler
                0x0000000008003450                TIM8_UP_IRQHandler
                0x0000000008003450                DMA2_Channel2_IRQHandler
                0x0000000008003450                DMA1_Channel4_IRQHandler
                0x0000000008003450                TIM20_TRG_COM_IRQHandler
                0x0000000008003450                USART3_IRQHandler
                0x0000000008003450                DMA1_Channel7_IRQHandler
                0x0000000008003450                UART5_IRQHandler
                0x0000000008003450                ADC3_IRQHandler
                0x0000000008003450                TIM4_IRQHandler
                0x0000000008003450                CAN_RX1_IRQHandler
                0x0000000008003450                DMA2_Channel1_IRQHandler
                0x0000000008003450                I2C1_EV_IRQHandler
                0x0000000008003450                DMA1_Channel6_IRQHandler
                0x0000000008003450                UART4_IRQHandler
                0x0000000008003450                DMA2_Channel4_IRQHandler
                0x0000000008003450                TIM3_IRQHandler
                0x0000000008003450                RCC_IRQHandler
                0x0000000008003450                TIM20_UP_IRQHandler
                0x0000000008003450                DMA1_Channel1_IRQHandler
                0x0000000008003450                Default_Handler
                0x0000000008003450                USBWakeUp_RMP_IRQHandler
                0x0000000008003450                EXTI15_10_IRQHandler
                0x0000000008003450                TIM7_IRQHandler
                0x0000000008003450                I2C3_EV_IRQHandler
                0x0000000008003450                EXTI9_5_IRQHandler
                0x0000000008003450                RTC_WKUP_IRQHandler
                0x0000000008003450                SPI2_IRQHandler
                0x0000000008003450                USB_LP_CAN_RX0_IRQHandler
                0x0000000008003450                DMA2_Channel5_IRQHandler
                0x0000000008003450                DMA1_Channel5_IRQHandler
                0x0000000008003450                USB_LP_IRQHandler
                0x0000000008003450                EXTI4_IRQHandler
                0x0000000008003450                TIM1_TRG_COM_TIM17_IRQHandler
                0x0000000008003450                DMA1_Channel3_IRQHandler
                0x0000000008003450                ADC4_IRQHandler
                0x0000000008003450                WWDG_IRQHandler
                0x0000000008003450                TIM2_IRQHandler
                0x0000000008003450                COMP7_IRQHandler
                0x0000000008003450                COMP1_2_3_IRQHandler
                0x0000000008003450                EXTI1_IRQHandler
                0x0000000008003450                USART2_IRQHandler
                0x0000000008003450                COMP4_5_6_IRQHandler
                0x0000000008003450                TIM20_BRK_IRQHandler
                0x0000000008003450                I2C2_ER_IRQHandler
                0x0000000008003450                DMA1_Channel2_IRQHandler
                0x0000000008003450                TIM8_BRK_IRQHandler
                0x0000000008003450                FLASH_IRQHandler
                0x0000000008003450                TIM20_CC_IRQHandler
                0x0000000008003450                USART1_IRQHandler
                0x0000000008003450                SPI3_IRQHandler
                0x0000000008003450                I2C1_ER_IRQHandler
                0x0000000008003450                FMC_IRQHandler
                0x0000000008003450                USBWakeUp_IRQHandler
                0x0000000008003450                DMA2_Channel3_IRQHandler
                0x0000000008003450                EXTI2_TSC_IRQHandler
                0x0000000008003450                TIM1_BRK_TIM15_IRQHandler
 *fill*         0x0000000008003452        0x2 
 .text.HAL_Init
                0x0000000008003454       0x2c ./Drivers/STM32F3xx_HAL_Driver/Src/stm32f3xx_hal.o
                0x0000000008003454                HAL_Init
 .text.HAL_InitTick
                0x0000000008003480       0x60 ./Drivers/STM32F3xx_HAL_Driver/Src/stm32f3xx_hal.o
                0x0000000008003480                HAL_InitTick
 .text.HAL_IncTick
                0x00000000080034e0       0x28 ./Drivers/STM32F3xx_HAL_Driver/Src/stm32f3xx_hal.o
                0x00000000080034e0                HAL_IncTick
 .text.HAL_GetTick
                0x0000000008003508       0x18 ./Drivers/STM32F3xx_HAL_Driver/Src/stm32f3xx_hal.o
                0x0000000008003508                HAL_GetTick
 .text.HAL_Delay
                0x0000000008003520       0x48 ./Drivers/STM32F3xx_HAL_Driver/Src/stm32f3xx_hal.o
                0x0000000008003520                HAL_Delay
 .text.__NVIC_SetPriorityGrouping
                0x0000000008003568       0x48 ./Drivers/STM32F3xx_HAL_Driver/Src/stm32f3xx_hal_cortex.o
 .text.__NVIC_GetPriorityGrouping
                0x00000000080035b0       0x1c ./Drivers/STM32F3xx_HAL_Driver/Src/stm32f3xx_hal_cortex.o
 .text.__NVIC_EnableIRQ
                0x00000000080035cc       0x3c ./Drivers/STM32F3xx_HAL_Driver/Src/stm32f3xx_hal_cortex.o
 .text.__NVIC_DisableIRQ
                0x0000000008003608       0x48 ./Drivers/STM32F3xx_HAL_Driver/Src/stm32f3xx_hal_cortex.o
 .text.__NVIC_SetPriority
                0x0000000008003650       0x54 ./Drivers/STM32F3xx_HAL_Driver/Src/stm32f3xx_hal_cortex.o
 .text.NVIC_EncodePriority
                0x00000000080036a4       0x66 ./Drivers/STM32F3xx_HAL_Driver/Src/stm32f3xx_hal_cortex.o
 *fill*         0x000000000800370a        0x2 
 .text.SysTick_Config
                0x000000000800370c       0x44 ./Drivers/STM32F3xx_HAL_Driver/Src/stm32f3xx_hal_cortex.o
 .text.HAL_NVIC_SetPriorityGrouping
                0x0000000008003750       0x16 ./Drivers/STM32F3xx_HAL_Driver/Src/stm32f3xx_hal_cortex.o
                0x0000000008003750                HAL_NVIC_SetPriorityGrouping
 .text.HAL_NVIC_SetPriority
                0x0000000008003766       0x38 ./Drivers/STM32F3xx_HAL_Driver/Src/stm32f3xx_hal_cortex.o
                0x0000000008003766                HAL_NVIC_SetPriority
 .text.HAL_NVIC_EnableIRQ
                0x000000000800379e       0x1c ./Drivers/STM32F3xx_HAL_Driver/Src/stm32f3xx_hal_cortex.o
                0x000000000800379e                HAL_NVIC_EnableIRQ
 .text.HAL_NVIC_DisableIRQ
                0x00000000080037ba       0x1c ./Drivers/STM32F3xx_HAL_Driver/Src/stm32f3xx_hal_cortex.o
                0x00000000080037ba                HAL_NVIC_DisableIRQ
 .text.HAL_SYSTICK_Config
                0x00000000080037d6       0x18 ./Drivers/STM32F3xx_HAL_Driver/Src/stm32f3xx_hal_cortex.o
                0x00000000080037d6                HAL_SYSTICK_Config
 *fill*         0x00000000080037ee        0x2 
 .text.HAL_GPIO_Init
                0x00000000080037f0      0x314 ./Drivers/STM32F3xx_HAL_Driver/Src/stm32f3xx_hal_gpio.o
                0x00000000080037f0                HAL_GPIO_Init
 .text.HAL_GPIO_WritePin
                0x0000000008003b04       0x30 ./Drivers/STM32F3xx_HAL_Driver/Src/stm32f3xx_hal_gpio.o
                0x0000000008003b04                HAL_GPIO_WritePin
 .text.HAL_RCC_OscConfig
                0x0000000008003b34     0x10a8 ./Drivers/STM32F3xx_HAL_Driver/Src/stm32f3xx_hal_rcc.o
                0x0000000008003b34                HAL_RCC_OscConfig
 .text.HAL_RCC_ClockConfig
                0x0000000008004bdc      0x2f8 ./Drivers/STM32F3xx_HAL_Driver/Src/stm32f3xx_hal_rcc.o
                0x0000000008004bdc                HAL_RCC_ClockConfig
 .text.HAL_RCC_GetSysClockFreq
                0x0000000008004ed4       0xd4 ./Drivers/STM32F3xx_HAL_Driver/Src/stm32f3xx_hal_rcc.o
                0x0000000008004ed4                HAL_RCC_GetSysClockFreq
 .text.HAL_RCC_GetHCLKFreq
                0x0000000008004fa8       0x18 ./Drivers/STM32F3xx_HAL_Driver/Src/stm32f3xx_hal_rcc.o
                0x0000000008004fa8                HAL_RCC_GetHCLKFreq
 .text.HAL_RCC_GetPCLK1Freq
                0x0000000008004fc0       0x44 ./Drivers/STM32F3xx_HAL_Driver/Src/stm32f3xx_hal_rcc.o
                0x0000000008004fc0                HAL_RCC_GetPCLK1Freq
 .text.HAL_RCC_GetPCLK2Freq
                0x0000000008005004       0x44 ./Drivers/STM32F3xx_HAL_Driver/Src/stm32f3xx_hal_rcc.o
                0x0000000008005004                HAL_RCC_GetPCLK2Freq
 .text.HAL_RCCEx_PeriphCLKConfig
                0x0000000008005048      0x43c ./Drivers/STM32F3xx_HAL_Driver/Src/stm32f3xx_hal_rcc_ex.o
                0x0000000008005048                HAL_RCCEx_PeriphCLKConfig
 .text.HAL_SPI_Init
                0x0000000008005484      0x156 ./Drivers/STM32F3xx_HAL_Driver/Src/stm32f3xx_hal_spi.o
                0x0000000008005484                HAL_SPI_Init
 .text.HAL_SPI_Transmit
                0x00000000080055da      0x2dc ./Drivers/STM32F3xx_HAL_Driver/Src/stm32f3xx_hal_spi.o
                0x00000000080055da                HAL_SPI_Transmit
 .text.HAL_SPI_GetState
                0x00000000080058b6       0x1c ./Drivers/STM32F3xx_HAL_Driver/Src/stm32f3xx_hal_spi.o
                0x00000000080058b6                HAL_SPI_GetState
 *fill*         0x00000000080058d2        0x2 
 .text.SPI_WaitFlagStateUntilTimeout
                0x00000000080058d4      0x110 ./Drivers/STM32F3xx_HAL_Driver/Src/stm32f3xx_hal_spi.o
 .text.SPI_WaitFifoStateUntilTimeout
                0x00000000080059e4      0x12c ./Drivers/STM32F3xx_HAL_Driver/Src/stm32f3xx_hal_spi.o
 .text.SPI_EndRxTxTransaction
                0x0000000008005b10       0x8c ./Drivers/STM32F3xx_HAL_Driver/Src/stm32f3xx_hal_spi.o
 .text.HAL_UART_Init
                0x0000000008005b9c       0x9c ./Drivers/STM32F3xx_HAL_Driver/Src/stm32f3xx_hal_uart.o
                0x0000000008005b9c                HAL_UART_Init
 .text.HAL_UART_Transmit
                0x0000000008005c38      0x126 ./Drivers/STM32F3xx_HAL_Driver/Src/stm32f3xx_hal_uart.o
                0x0000000008005c38                HAL_UART_Transmit
 *fill*         0x0000000008005d5e        0x2 
 .text.UART_SetConfig
                0x0000000008005d60      0x3ac ./Drivers/STM32F3xx_HAL_Driver/Src/stm32f3xx_hal_uart.o
                0x0000000008005d60                UART_SetConfig
 .text.UART_AdvFeatureConfig
                0x000000000800610c      0x144 ./Drivers/STM32F3xx_HAL_Driver/Src/stm32f3xx_hal_uart.o
                0x000000000800610c                UART_AdvFeatureConfig
 .text.UART_CheckIdleState
                0x0000000008006250       0x92 ./Drivers/STM32F3xx_HAL_Driver/Src/stm32f3xx_hal_uart.o
                0x0000000008006250                UART_CheckIdleState
 .text.UART_WaitOnFlagUntilTimeout
                0x00000000080062e2      0x188 ./Drivers/STM32F3xx_HAL_Driver/Src/stm32f3xx_hal_uart.o
                0x00000000080062e2                UART_WaitOnFlagUntilTimeout
 *fill*         0x000000000800646a        0x2 
 .text.__libc_init_array
                0x000000000800646c       0x48 /usr/lib/gcc/arm-none-eabi/12.2.0/../../../../arm-none-eabi/lib/thumb/v7e-m+fp/hard/libc_nano.a(lib_a-init.o)
                0x000000000800646c                __libc_init_array
 .text.memcmp   0x00000000080064b4       0x20 /usr/lib/gcc/arm-none-eabi/12.2.0/../../../../arm-none-eabi/lib/thumb/v7e-m+fp/hard/libc_nano.a(lib_a-memcmp.o)
                0x00000000080064b4                memcmp
 .text.memcpy   0x00000000080064d4       0x1c /usr/lib/gcc/arm-none-eabi/12.2.0/../../../../arm-none-eabi/lib/thumb/v7e-m+fp/hard/libc_nano.a(lib_a-memcpy-stub.o)
                0x00000000080064d4                memcpy
 .text.memset   0x00000000080064f0       0x10 /usr/lib/gcc/arm-none-eabi/12.2.0/../../../../arm-none-eabi/lib/thumb/v7e-m+fp/hard/libc_nano.a(lib_a-memset.o)
                0x00000000080064f0                memset
 *(.glue_7)
 .glue_7        0x0000000008006500        0x0 linker stubs
 *(.glue_7t)
 .glue_7t       0x0000000008006500        0x0 linker stubs
 *(.eh_frame)
 .eh_frame      0x0000000008006500        0x0 /usr/lib/gcc/arm-none-eabi/12.2.0/thumb/v7e-m+fp/hard/crtbegin.o
 *(.init)
 .init          0x0000000008006500        0x4 /usr/lib/gcc/arm-none-eabi/12.2.0/thumb/v7e-m+fp/hard/crti.o
                0x0000000008006500                _init
 .init          0x0000000008006504        0x8 /usr/lib/gcc/arm-none-eabi/12.2.0/thumb/v7e-m+fp/hard/crtn.o
 *(.fini)
 .fini          0x000000000800650c        0x4 /usr/lib/gcc/arm-none-eabi/12.2.0/thumb/v7e-m+fp/hard/crti.o
                0x000000000800650c                _fini
 .fini          0x0000000008006510        0x8 /usr/lib/gcc/arm-none-eabi/12.2.0/thumb/v7e-m+fp/hard/crtn.o
                0x0000000008006518                . = ALIGN (0x4)
                0x0000000008006518                _etext = .

.vfp11_veneer   0x0000000008006518        0x0
 .vfp11_veneer  0x0000000008006518        0x0 linker stubs

.v4_bx          0x0000000008006518        0x0
 .v4_bx         0x0000000008006518        0x0 linker stubs

.iplt           0x0000000008006518        0x0
 .iplt          0x0000000008006518        0x0 /usr/lib/gcc/arm-none-eabi/12.2.0/thumb/v7e-m+fp/hard/crtbegin.o

.rodata         0x0000000008006518      0x688
                0x0000000008006518                . = ALIGN (0x4)
 *(.rodata)
 .rodata        0x0000000008006518      0x171 ./Core/Src/dw_helpers.o
 *fill*         0x0000000008006689        0x3 
 .rodata        0x000000000800668c       0x19 ./Core/Src/ranging.o
 *fill*         0x00000000080066a5        0x3 
 .rodata        0x00000000080066a8      0x174 ./Core/Src/rid.o
 .rodata        0x000000000800681c       0x8b ./Core/Src/rid_auth.o
 *(.rodata*)
 *fill*         0x00000000080068a7        0x1 
 .rodata.sbox   0x00000000080068a8      0x100 ./Core/Src/aes.o
 .rodata.rsbox  0x00000000080069a8      0x100 ./Core/Src/aes.o
 .rodata.Rcon   0x0000000008006aa8        0xb ./Core/Src/aes.o
 *fill*         0x0000000008006ab3        0x1 
 .rodata.AHBPrescTable
                0x0000000008006ab4       0x10 ./Core/Src/system_stm32f3xx.o
                0x0000000008006ab4                AHBPrescTable
 .rodata.APBPrescTable
                0x0000000008006ac4        0x8 ./Core/Src/system_stm32f3xx.o
                0x0000000008006ac4                APBPrescTable
 .rodata.chan_idx
                0x0000000008006acc        0x8 ./Core/Src/decadriver/deca_params_init.o
                0x0000000008006acc                chan_idx
 .rodata.tx_config
                0x0000000008006ad4       0x18 ./Core/Src/decadriver/deca_params_init.o
                0x0000000008006ad4                tx_config
 .rodata.fs_pll_cfg
                0x0000000008006aec       0x18 ./Core/Src/decadriver/deca_params_init.o
                0x0000000008006aec                fs_pll_cfg
 .rodata.fs_pll_tune
                0x0000000008006b04        0x6 ./Core/Src/decadriver/deca_params_init.o
                0x0000000008006b04                fs_pll_tune
 *fill*         0x0000000008006b0a        0x2 
 .rodata.rx_config
                0x0000000008006b0c        0x2 ./Core/Src/decadriver/deca_params_init.o
                0x0000000008006b0c                rx_config
 *fill*         0x0000000008006b0e        0x2 
 .rodata.agc_config
                0x0000000008006b10        0x8 ./Core/Src/decadriver/deca_params_init.o
                0x0000000008006b10                agc_config
 .rodata.dwnsSFDlen
                0x0000000008006b18        0x3 ./Core/Src/decadriver/deca_params_init.o
                0x0000000008006b18                dwnsSFDlen
 *fill*         0x0000000008006b1b        0x1 
 .rodata.sftsh  0x0000000008006b1c        0xc ./Core/Src/decadriver/deca_params_init.o
                0x0000000008006b1c                sftsh
 .rodata.dtune1
                0x0000000008006b28        0x4 ./Core/Src/decadriver/deca_params_init.o
                0x0000000008006b28                dtune1
 .rodata.digital_bb_config
                0x0000000008006b2c       0x20 ./Core/Src/decadriver/deca_params_init.o
                0x0000000008006b2c                digital_bb_config
 .rodata.lde_replicaCoeff
                0x0000000008006b4c       0x32 ./Core/Src/decadriver/deca_params_init.o
                0x0000000008006b4c                lde_replicaCoeff
 *fill*         0x0000000008006b7e        0x2 
 .rodata.aPLLMULFactorTable
                0x0000000008006b80       0x10 ./Drivers/STM32F3xx_HAL_Driver/Src/stm32f3xx_hal_rcc.o
                0x0000000008006b80                aPLLMULFactorTable
 .rodata.aPredivFactorTable
                0x0000000008006b90       0x10 ./Drivers/STM32F3xx_HAL_Driver/Src/stm32f3xx_hal_rcc.o
                0x0000000008006b90                aPredivFactorTable
                0x0000000008006ba0                . = ALIGN (0x4)

.rel.dyn        0x0000000008006ba0        0x0
 .rel.iplt      0x0000000008006ba0        0x0 /usr/lib/gcc/arm-none-eabi/12.2.0/thumb/v7e-m+fp/hard/crtbegin.o

.ARM.extab      0x0000000008006ba0        0x0
                0x0000000008006ba0                . = ALIGN (0x4)
 *(.ARM.extab* .gnu.linkonce.armextab.*)
                0x0000000008006ba0                . = ALIGN (0x4)

.ARM            0x0000000008006ba0        0x0
                0x0000000008006ba0                . = ALIGN (0x4)
                0x0000000008006ba0                __exidx_start = .
 *(.ARM.exidx*)
                0x0000000008006ba0                __exidx_end = .
                0x0000000008006ba0                . = ALIGN (0x4)

.preinit_array  0x0000000008006ba0        0x0
                0x0000000008006ba0                . = ALIGN (0x4)
                0x0000000008006ba0                PROVIDE (__preinit_array_start = .)
 *(.preinit_array*)
                0x0000000008006ba0                PROVIDE (__preinit_array_end = .)
                0x0000000008006ba0                . = ALIGN (0x4)

.init_array     0x0000000008006ba0        0x4
                0x0000000008006ba0                . = ALIGN (0x4)
                0x0000000008006ba0                PROVIDE (__init_array_start = .)
 *(SORT_BY_NAME(.init_array.*))
 *(.init_array*)
 .init_array    0x0000000008006ba0        0x4 /usr/lib/gcc/arm-none-eabi/12.2.0/thumb/v7e-m+fp/hard/crtbegin.o
                0x0000000008006ba4                PROVIDE (__init_array_end = .)
                0x0000000008006ba4                . = ALIGN (0x4)

.fini_array     0x0000000008006ba4        0x4
                0x0000000008006ba4                . = ALIGN (0x4)
                0x0000000008006ba4                PROVIDE (__fini_array_start = .)
 *(SORT_BY_NAME(.fini_array.*))
 *(.fini_array*)
 .fini_array    0x0000000008006ba4        0x4 /usr/lib/gcc/arm-none-eabi/12.2.0/thumb/v7e-m+fp/hard/crtbegin.o
                0x0000000008006ba8                PROVIDE (__fini_array_end = .)
                0x0000000008006ba8                . = ALIGN (0x4)
                0x0000000008006ba8                _sidata = LOADADDR (.data)

.data           0x0000000020000000      0x110 load address 0x0000000008006ba8
                0x0000000020000000                . = ALIGN (0x4)
                0x0000000020000000                _sdata = .
 *(.data)
 *(.data*)
 .data.dw1000_config
                0x0000000020000000        0xc ./Core/Src/dw_config.o
                0x0000000020000000                dw1000_config
 .data.tx_poll_msg
                0x000000002000000c        0xc ./Core/Src/dw_config.o
                0x000000002000000c                tx_poll_msg
 .data.tx_final_msg
                0x0000000020000018       0x18 ./Core/Src/dw_config.o
                0x0000000020000018                tx_final_msg
 .data.ranging_init_msg
                0x0000000020000030       0x12 ./Core/Src/ranging.o
 *fill*         0x0000000020000042        0x2 
 .data.symmetric_key
                0x0000000020000044       0x10 ./Core/Src/rid.o
 *fill*         0x0000000020000054        0x4 
 .data.rolling_code
                0x0000000020000058        0x8 ./Core/Src/rid.o
 .data.blink_msg
                0x0000000020000060       0x18 ./Core/Src/rid.o
                0x0000000020000060                blink_msg
 .data.auth_request_msg
                0x0000000020000078       0x18 ./Core/Src/rid_auth.o
                0x0000000020000078                auth_request_msg
 .data.auth_reply_msg
                0x0000000020000090       0x38 ./Core/Src/rid_auth.o
                0x0000000020000090                auth_reply_msg
 .data.auth_ack_msg
                0x00000000200000c8       0x38 ./Core/Src/rid_auth.o
                0x00000000200000c8                auth_ack_msg
 .data.SystemCoreClock
                0x0000000020000100        0x4 ./Core/Src/system_stm32f3xx.o
                0x0000000020000100                SystemCoreClock
 .data.pdw1000local
                0x0000000020000104        0x4 ./Core/Src/decadriver/deca_device.o
 .data.uwTickPrio
                0x0000000020000108        0x4 ./Drivers/STM32F3xx_HAL_Driver/Src/stm32f3xx_hal.o
                0x0000000020000108                uwTickPrio
 .data.uwTickFreq
                0x000000002000010c        0x1 ./Drivers/STM32F3xx_HAL_Driver/Src/stm32f3xx_hal.o
                0x000000002000010c                uwTickFreq
 *(.RamFunc)
 *(.RamFunc*)
                0x0000000020000110                . = ALIGN (0x4)
 *fill*         0x000000002000010d        0x3 
                0x0000000020000110                _edata = .
                0x0000000008006cb8                _siccmram = LOADADDR (.ccmram)

.igot.plt       0x0000000020000110        0x0 load address 0x0000000008006cb8
 .igot.plt      0x0000000020000110        0x0 /usr/lib/gcc/arm-none-eabi/12.2.0/thumb/v7e-m+fp/hard/crtbegin.o

.ccmram         0x0000000010000000        0x0 load address 0x0000000008006cb8
                0x0000000010000000                . = ALIGN (0x4)
                0x0000000010000000                _sccmram = .
 *(.ccmram)
 *(.ccmram*)
                0x0000000010000000                . = ALIGN (0x4)
                0x0000000010000000                _eccmram = .
                0x0000000010000000                . = ALIGN (0x4)

.bss            0x0000000020000110      0x2cc
                0x0000000020000110                _sbss = .
                0x0000000020000110                __bss_start__ = _sbss
 *(.bss)
 *(.bss*)
 .bss.completed.1
                0x0000000020000110        0x1 /usr/lib/gcc/arm-none-eabi/12.2.0/thumb/v7e-m+fp/hard/crtbegin.o
 *fill*         0x0000000020000111        0x3 
 .bss.object.0  0x0000000020000114       0x18 /usr/lib/gcc/arm-none-eabi/12.2.0/thumb/v7e-m+fp/hard/crtbegin.o
 .bss.hspi1     0x000000002000012c       0x64 ./Core/Src/main.o
                0x000000002000012c                hspi1
 .bss.huart1    0x0000000020000190       0x84 ./Core/Src/main.o
                0x0000000020000190                huart1
 .bss.frame_seq_nb
                0x0000000020000214        0x1 ./Core/Src/ranging.o
 *fill*         0x0000000020000215        0x3 
 .bss.poll_tx_ts
                0x0000000020000218        0x8 ./Core/Src/ranging.o
 .bss.resp_rx_ts
                0x0000000020000220        0x8 ./Core/Src/ranging.o
 .bss.final_tx_ts
                0x0000000020000228        0x8 ./Core/Src/ranging.o
 .bss.numTimeouts
                0x0000000020000230        0x1 ./Core/Src/ranging.o
                0x0000000020000230                numTimeouts
 *fill*         0x0000000020000231        0x3 
 .bss.state     0x0000000020000234        0x2 ./Core/Src/rid.o
 *fill*         0x0000000020000236        0x2 
 .bss.rid_rx_buffer
                0x0000000020000238       0x80 ./Core/Src/rid.o
 .bss.aes_context
                0x00000000200002b8       0xc0 ./Core/Src/rid.o
 .bss.data      0x0000000020000378       0x10 ./Core/Src/rid.o
 .bss.iv        0x0000000020000388       0x10 ./Core/Src/rid.o
 .bss.frame_seq_nb
                0x0000000020000398        0x1 ./Core/Src/rid_auth.o
 *fill*         0x0000000020000399        0x3 
 .bss.dw1000local
                0x000000002000039c       0x38 ./Core/Src/decadriver/deca_device.o
 .bss.uart      0x00000000200003d4        0x4 ./Core/Src/platform/stdio_d.o
 .bss.uwTick    0x00000000200003d8        0x4 ./Drivers/STM32F3xx_HAL_Driver/Src/stm32f3xx_hal.o
                0x00000000200003d8                uwTick
 *(COMMON)
                0x00000000200003dc                . = ALIGN (0x4)
                0x00000000200003dc                _ebss = .
                0x00000000200003dc                __bss_end__ = _ebss

._user_heap_stack
                0x00000000200003dc      0x604
                0x00000000200003e0                . = ALIGN (0x8)
 *fill*         0x00000000200003dc        0x4 
                [!provide]                        PROVIDE (end = .)
                0x00000000200003e0                PROVIDE (_end = .)
                0x00000000200005e0                . = (. + _Min_Heap_Size)
 *fill*         0x00000000200003e0      0x200 
                0x00000000200009e0                . = (. + _Min_Stack_Size)
 *fill*         0x00000000200005e0      0x400 
                0x00000000200009e0                . = ALIGN (0x8)

/DISCARD/
 libc.a(*)
 libm.a(*)
 libgcc.a(*)

.ARM.attributes
                0x0000000000000000       0x30
 *(.ARM.attributes)
 .ARM.attributes
                0x0000000000000000       0x22 /usr/lib/gcc/arm-none-eabi/12.2.0/thumb/v7e-m+fp/hard/crti.o
 .ARM.attributes
                0x0000000000000022       0x34 /usr/lib/gcc/arm-none-eabi/12.2.0/thumb/v7e-m+fp/hard/crtbegin.o
 .ARM.attributes
                0x0000000000000056       0x34 ./Core/Src/aes.o
 .ARM.attributes
                0x000000000000008a       0x34 ./Core/Src/dw_config.o
 .ARM.attributes
                0x00000000000000be       0x34 ./Core/Src/dw_helpers.o
 .ARM.attributes
                0x00000000000000f2       0x34 ./Core/Src/main.o
 .ARM.attributes
                0x0000000000000126       0x34 ./Core/Src/ranging.o
 .ARM.attributes
                0x000000000000015a       0x34 ./Core/Src/rid.o
 .ARM.attributes
                0x000000000000018e       0x34 ./Core/Src/rid_auth.o
 .ARM.attributes
                0x00000000000001c2       0x34 ./Core/Src/stm32f3xx_hal_msp.o
 .ARM.attributes
                0x00000000000001f6       0x34 ./Core/Src/stm32f3xx_it.o
 .ARM.attributes
                0x000000000000022a       0x34 ./Core/Src/system_stm32f3xx.o
 .ARM.attributes
                0x000000000000025e       0x34 ./Core/Src/decadriver/deca_device.o
 .ARM.attributes
                0x0000000000000292       0x34 ./Core/Src/decadriver/deca_params_init.o
 .ARM.attributes
                0x00000000000002c6       0x34 ./Core/Src/platform/deca_mutex.o
 .ARM.attributes
                0x00000000000002fa       0x34 ./Core/Src/platform/deca_sleep.o
 .ARM.attributes
                0x000000000000032e       0x34 ./Core/Src/platform/deca_spi.o
 .ARM.attributes
                0x0000000000000362       0x34 ./Core/Src/platform/port.o
 .ARM.attributes
                0x0000000000000396       0x34 ./Core/Src/platform/stdio_d.o
 .ARM.attributes
                0x00000000000003ca       0x21 ./Core/Startup/startup_stm32f303retx.o
 .ARM.attributes
                0x00000000000003eb       0x34 ./Drivers/STM32F3xx_HAL_Driver/Src/stm32f3xx_hal.o
 .ARM.attributes
                0x000000000000041f       0x34 ./Drivers/STM32F3xx_HAL_Driver/Src/stm32f3xx_hal_cortex.o
 .ARM.attributes
                0x0000000000000453       0x34 ./Drivers/STM32F3xx_HAL_Driver/Src/stm32f3xx_hal_gpio.o
 .ARM.attributes
                0x0000000000000487       0x34 ./Drivers/STM32F3xx_HAL_Driver/Src/stm32f3xx_hal_rcc.o
 .ARM.attributes
                0x00000000000004bb       0x34 ./Drivers/STM32F3xx_HAL_Driver/Src/stm32f3xx_hal_rcc_ex.o
 .ARM.attributes
                0x00000000000004ef       0x34 ./Drivers/STM32F3xx_HAL_Driver/Src/stm32f3xx_hal_spi.o
 .ARM.attributes
                0x0000000000000523       0x34 ./Drivers/STM32F3xx_HAL_Driver/Src/stm32f3xx_hal_uart.o
 .ARM.attributes
                0x0000000000000557       0x34 /usr/lib/gcc/arm-none-eabi/12.2.0/../../../../arm-none-eabi/lib/thumb/v7e-m+fp/hard/libc_nano.a(lib_a-init.o)
 .ARM.attributes
                0x000000000000058b       0x34 /usr/lib/gcc/arm-none-eabi/12.2.0/../../../../arm-none-eabi/lib/thumb/v7e-m+fp/hard/libc_nano.a(lib_a-memcmp.o)
 .ARM.attributes
                0x00000000000005bf       0x34 /usr/lib/gcc/arm-none-eabi/12.2.0/../../../../arm-none-eabi/lib/thumb/v7e-m+fp/hard/libc_nano.a(lib_a-memcpy-stub.o)
 .ARM.attributes
                0x00000000000005f3       0x34 /usr/lib/gcc/arm-none-eabi/12.2.0/../../../../arm-none-eabi/lib/thumb/v7e-m+fp/hard/libc_nano.a(lib_a-memset.o)
 .ARM.attributes
                0x0000000000000627       0x17 /usr/lib/gcc/arm-none-eabi/12.2.0/../../../../arm-none-eabi/lib/thumb/v7e-m+fp/hard/libc_nano.a(lib_a-strlen.o)
 .ARM.attributes
                0x000000000000063e       0x22 /usr/lib/gcc/arm-none-eabi/12.2.0/thumb/v7e-m+fp/hard/crtn.o
OUTPUT(rid-f303re.elf elf32-littlearm)
LOAD linker stubs
LOAD /usr/lib/gcc/arm-none-eabi/12.2.0/../../../../arm-none-eabi/lib/thumb/v7e-m+fp/hard/libc.a
LOAD /usr/lib/gcc/arm-none-eabi/12.2.0/../../../../arm-none-eabi/lib/thumb/v7e-m+fp/hard/libm.a
LOAD /usr/lib/gcc/arm-none-eabi/12.2.0/thumb/v7e-m+fp/hard/libgcc.a

.debug_info     0x0000000000000000    0x10c5a
 .debug_info    0x0000000000000000      0x750 ./Core/Src/aes.o
 .debug_info    0x0000000000000750      0x1b8 ./Core/Src/dw_config.o
 .debug_info    0x0000000000000908      0x428 ./Core/Src/dw_helpers.o
 .debug_info    0x0000000000000d30      0xf96 ./Core/Src/main.o
 .debug_info    0x0000000000001cc6      0x5f5 ./Core/Src/ranging.o
 .debug_info    0x00000000000022bb      0x8bc ./Core/Src/rid.o
 .debug_info    0x0000000000002b77      0x4ee ./Core/Src/rid_auth.o
 .debug_info    0x0000000000003065      0xbdf ./Core/Src/stm32f3xx_hal_msp.o
 .debug_info    0x0000000000003c44      0x113 ./Core/Src/stm32f3xx_it.o
 .debug_info    0x0000000000003d57      0x407 ./Core/Src/system_stm32f3xx.o
 .debug_info    0x000000000000415e     0x1d39 ./Core/Src/decadriver/deca_device.o
 .debug_info    0x0000000000005e97      0x2bc ./Core/Src/decadriver/deca_params_init.o
 .debug_info    0x0000000000006153      0x112 ./Core/Src/platform/deca_mutex.o
 .debug_info    0x0000000000006265       0xd9 ./Core/Src/platform/deca_sleep.o
 .debug_info    0x000000000000633e      0x989 ./Core/Src/platform/deca_spi.o
 .debug_info    0x0000000000006cc7      0xeae ./Core/Src/platform/port.o
 .debug_info    0x0000000000007b75      0x6f2 ./Core/Src/platform/stdio_d.o
 .debug_info    0x0000000000008267       0x2e ./Core/Startup/startup_stm32f303retx.o
 .debug_info    0x0000000000008295      0x804 ./Drivers/STM32F3xx_HAL_Driver/Src/stm32f3xx_hal.o
 .debug_info    0x0000000000008a99      0xcdf ./Drivers/STM32F3xx_HAL_Driver/Src/stm32f3xx_hal_cortex.o
 .debug_info    0x0000000000009778      0x6a6 ./Drivers/STM32F3xx_HAL_Driver/Src/stm32f3xx_hal_gpio.o
 .debug_info    0x0000000000009e1e     0x1502 ./Drivers/STM32F3xx_HAL_Driver/Src/stm32f3xx_hal_rcc.o
 .debug_info    0x000000000000b320      0x658 ./Drivers/STM32F3xx_HAL_Driver/Src/stm32f3xx_hal_rcc_ex.o
 .debug_info    0x000000000000b978     0x1622 ./Drivers/STM32F3xx_HAL_Driver/Src/stm32f3xx_hal_spi.o
 .debug_info    0x000000000000cf9a     0x388c ./Drivers/STM32F3xx_HAL_Driver/Src/stm32f3xx_hal_uart.o
 .debug_info    0x0000000000010826      0x10b /usr/lib/gcc/arm-none-eabi/12.2.0/../../../../arm-none-eabi/lib/thumb/v7e-m+fp/hard/libc_nano.a(lib_a-init.o)
 .debug_info    0x0000000000010931      0x104 /usr/lib/gcc/arm-none-eabi/12.2.0/../../../../arm-none-eabi/lib/thumb/v7e-m+fp/hard/libc_nano.a(lib_a-memcmp.o)
 .debug_info    0x0000000000010a35      0x121 /usr/lib/gcc/arm-none-eabi/12.2.0/../../../../arm-none-eabi/lib/thumb/v7e-m+fp/hard/libc_nano.a(lib_a-memcpy-stub.o)
 .debug_info    0x0000000000010b56       0xe0 /usr/lib/gcc/arm-none-eabi/12.2.0/../../../../arm-none-eabi/lib/thumb/v7e-m+fp/hard/libc_nano.a(lib_a-memset.o)
 .debug_info    0x0000000000010c36       0x24 /usr/lib/gcc/arm-none-eabi/12.2.0/../../../../arm-none-eabi/lib/thumb/v7e-m+fp/hard/libc_nano.a(lib_a-strlen.o)

.debug_abbrev   0x0000000000000000     0x3121
 .debug_abbrev  0x0000000000000000      0x202 ./Core/Src/aes.o
 .debug_abbrev  0x0000000000000202       0x9f ./Core/Src/dw_config.o
 .debug_abbrev  0x00000000000002a1      0x19a ./Core/Src/dw_helpers.o
 .debug_abbrev  0x000000000000043b      0x26a ./Core/Src/main.o
 .debug_abbrev  0x00000000000006a5      0x236 ./Core/Src/ranging.o
 .debug_abbrev  0x00000000000008db      0x2ae ./Core/Src/rid.o
 .debug_abbrev  0x0000000000000b89      0x1d2 ./Core/Src/rid_auth.o
 .debug_abbrev  0x0000000000000d5b      0x1a3 ./Core/Src/stm32f3xx_hal_msp.o
 .debug_abbrev  0x0000000000000efe       0x73 ./Core/Src/stm32f3xx_it.o
 .debug_abbrev  0x0000000000000f71      0x11a ./Core/Src/system_stm32f3xx.o
 .debug_abbrev  0x000000000000108b      0x2d0 ./Core/Src/decadriver/deca_device.o
 .debug_abbrev  0x000000000000135b       0x96 ./Core/Src/decadriver/deca_params_init.o
 .debug_abbrev  0x00000000000013f1       0xcc ./Core/Src/platform/deca_mutex.o
 .debug_abbrev  0x00000000000014bd       0x81 ./Core/Src/platform/deca_sleep.o
 .debug_abbrev  0x000000000000153e      0x21b ./Core/Src/platform/deca_spi.o
 .debug_abbrev  0x0000000000001759      0x3b1 ./Core/Src/platform/port.o
 .debug_abbrev  0x0000000000001b0a      0x19a ./Core/Src/platform/stdio_d.o
 .debug_abbrev  0x0000000000001ca4       0x1d ./Core/Startup/startup_stm32f303retx.o
 .debug_abbrev  0x0000000000001cc1      0x215 ./Drivers/STM32F3xx_HAL_Driver/Src/stm32f3xx_hal.o
 .debug_abbrev  0x0000000000001ed6      0x329 ./Drivers/STM32F3xx_HAL_Driver/Src/stm32f3xx_hal_cortex.o
 .debug_abbrev  0x00000000000021ff      0x1ca ./Drivers/STM32F3xx_HAL_Driver/Src/stm32f3xx_hal_gpio.o
 .debug_abbrev  0x00000000000023c9      0x314 ./Drivers/STM32F3xx_HAL_Driver/Src/stm32f3xx_hal_rcc.o
 .debug_abbrev  0x00000000000026dd      0x23e ./Drivers/STM32F3xx_HAL_Driver/Src/stm32f3xx_hal_rcc_ex.o
 .debug_abbrev  0x000000000000291b      0x269 ./Drivers/STM32F3xx_HAL_Driver/Src/stm32f3xx_hal_spi.o
 .debug_abbrev  0x0000000000002b84      0x2d1 ./Drivers/STM32F3xx_HAL_Driver/Src/stm32f3xx_hal_uart.o
 .debug_abbrev  0x0000000000002e55       0xc9 /usr/lib/gcc/arm-none-eabi/12.2.0/../../../../arm-none-eabi/lib/thumb/v7e-m+fp/hard/libc_nano.a(lib_a-init.o)
 .debug_abbrev  0x0000000000002f1e       0x90 /usr/lib/gcc/arm-none-eabi/12.2.0/../../../../arm-none-eabi/lib/thumb/v7e-m+fp/hard/libc_nano.a(lib_a-memcmp.o)
 .debug_abbrev  0x0000000000002fae       0xc1 /usr/lib/gcc/arm-none-eabi/12.2.0/../../../../arm-none-eabi/lib/thumb/v7e-m+fp/hard/libc_nano.a(lib_a-memcpy-stub.o)
 .debug_abbrev  0x000000000000306f       0x9e /usr/lib/gcc/arm-none-eabi/12.2.0/../../../../arm-none-eabi/lib/thumb/v7e-m+fp/hard/libc_nano.a(lib_a-memset.o)
 .debug_abbrev  0x000000000000310d       0x14 /usr/lib/gcc/arm-none-eabi/12.2.0/../../../../arm-none-eabi/lib/thumb/v7e-m+fp/hard/libc_nano.a(lib_a-strlen.o)

.debug_aranges  0x0000000000000000     0x1000
 .debug_aranges
                0x0000000000000000       0xb8 ./Core/Src/aes.o
 .debug_aranges
                0x00000000000000b8       0x18 ./Core/Src/dw_config.o
 .debug_aranges
                0x00000000000000d0       0x48 ./Core/Src/dw_helpers.o
 .debug_aranges
                0x0000000000000118       0x48 ./Core/Src/main.o
 .debug_aranges
                0x0000000000000160       0x60 ./Core/Src/ranging.o
 .debug_aranges
                0x00000000000001c0       0x68 ./Core/Src/rid.o
 .debug_aranges
                0x0000000000000228       0x48 ./Core/Src/rid_auth.o
 .debug_aranges
                0x0000000000000270       0x40 ./Core/Src/stm32f3xx_hal_msp.o
 .debug_aranges
                0x00000000000002b0       0x60 ./Core/Src/stm32f3xx_it.o
 .debug_aranges
                0x0000000000000310       0x28 ./Core/Src/system_stm32f3xx.o
 .debug_aranges
                0x0000000000000338      0x358 ./Core/Src/decadriver/deca_device.o
 .debug_aranges
                0x0000000000000690       0x18 ./Core/Src/decadriver/deca_params_init.o
 .debug_aranges
                0x00000000000006a8       0x28 ./Core/Src/platform/deca_mutex.o
 .debug_aranges
                0x00000000000006d0       0x20 ./Core/Src/platform/deca_sleep.o
 .debug_aranges
                0x00000000000006f0       0x38 ./Core/Src/platform/deca_spi.o
 .debug_aranges
                0x0000000000000728       0xd8 ./Core/Src/platform/port.o
 .debug_aranges
                0x0000000000000800       0x28 ./Core/Src/platform/stdio_d.o
 .debug_aranges
                0x0000000000000828       0x28 ./Core/Startup/startup_stm32f303retx.o
 .debug_aranges
                0x0000000000000850       0xe0 ./Drivers/STM32F3xx_HAL_Driver/Src/stm32f3xx_hal.o
 .debug_aranges
                0x0000000000000930      0x118 ./Drivers/STM32F3xx_HAL_Driver/Src/stm32f3xx_hal_cortex.o
 .debug_aranges
                0x0000000000000a48       0x58 ./Drivers/STM32F3xx_HAL_Driver/Src/stm32f3xx_hal_gpio.o
 .debug_aranges
                0x0000000000000aa0       0x88 ./Drivers/STM32F3xx_HAL_Driver/Src/stm32f3xx_hal_rcc.o
 .debug_aranges
                0x0000000000000b28       0x38 ./Drivers/STM32F3xx_HAL_Driver/Src/stm32f3xx_hal_rcc_ex.o
 .debug_aranges
                0x0000000000000b60      0x1d8 ./Drivers/STM32F3xx_HAL_Driver/Src/stm32f3xx_hal_spi.o
 .debug_aranges
                0x0000000000000d38      0x228 ./Drivers/STM32F3xx_HAL_Driver/Src/stm32f3xx_hal_uart.o
 .debug_aranges
                0x0000000000000f60       0x20 /usr/lib/gcc/arm-none-eabi/12.2.0/../../../../arm-none-eabi/lib/thumb/v7e-m+fp/hard/libc_nano.a(lib_a-init.o)
 .debug_aranges
                0x0000000000000f80       0x20 /usr/lib/gcc/arm-none-eabi/12.2.0/../../../../arm-none-eabi/lib/thumb/v7e-m+fp/hard/libc_nano.a(lib_a-memcmp.o)
 .debug_aranges
                0x0000000000000fa0       0x20 /usr/lib/gcc/arm-none-eabi/12.2.0/../../../../arm-none-eabi/lib/thumb/v7e-m+fp/hard/libc_nano.a(lib_a-memcpy-stub.o)
 .debug_aranges
                0x0000000000000fc0       0x20 /usr/lib/gcc/arm-none-eabi/12.2.0/../../../../arm-none-eabi/lib/thumb/v7e-m+fp/hard/libc_nano.a(lib_a-memset.o)
 .debug_aranges
                0x0000000000000fe0       0x20 /usr/lib/gcc/arm-none-eabi/12.2.0/../../../../arm-none-eabi/lib/thumb/v7e-m+fp/hard/libc_nano.a(lib_a-strlen.o)

.debug_rnglists
                0x0000000000000000      0xbd3
 .debug_rnglists
                0x0000000000000000       0x8b ./Core/Src/aes.o
 .debug_rnglists
                0x000000000000008b       0x34 ./Core/Src/dw_helpers.o
 .debug_rnglists
                0x00000000000000bf       0x33 ./Core/Src/main.o
 .debug_rnglists
                0x00000000000000f2       0x46 ./Core/Src/ranging.o
 .debug_rnglists
                0x0000000000000138       0x4c ./Core/Src/rid.o
 .debug_rnglists
                0x0000000000000184       0x34 ./Core/Src/rid_auth.o
 .debug_rnglists
                0x00000000000001b8       0x2d ./Core/Src/stm32f3xx_hal_msp.o
 .debug_rnglists
                0x00000000000001e5       0x43 ./Core/Src/stm32f3xx_it.o
 .debug_rnglists
                0x0000000000000228       0x1a ./Core/Src/system_stm32f3xx.o
 .debug_rnglists
                0x0000000000000242      0x293 ./Core/Src/decadriver/deca_device.o
 .debug_rnglists
                0x00000000000004d5       0x19 ./Core/Src/platform/deca_mutex.o
 .debug_rnglists
                0x00000000000004ee       0x13 ./Core/Src/platform/deca_sleep.o
 .debug_rnglists
                0x0000000000000501       0x26 ./Core/Src/platform/deca_spi.o
 .debug_rnglists
                0x0000000000000527       0x9d ./Core/Src/platform/port.o
 .debug_rnglists
                0x00000000000005c4       0x19 ./Core/Src/platform/stdio_d.o
 .debug_rnglists
                0x00000000000005dd       0x19 ./Core/Startup/startup_stm32f303retx.o
 .debug_rnglists
                0x00000000000005f6       0xa3 ./Drivers/STM32F3xx_HAL_Driver/Src/stm32f3xx_hal.o
 .debug_rnglists
                0x0000000000000699       0xce ./Drivers/STM32F3xx_HAL_Driver/Src/stm32f3xx_hal_cortex.o
 .debug_rnglists
                0x0000000000000767       0x3f ./Drivers/STM32F3xx_HAL_Driver/Src/stm32f3xx_hal_gpio.o
 .debug_rnglists
                0x00000000000007a6       0x66 ./Drivers/STM32F3xx_HAL_Driver/Src/stm32f3xx_hal_rcc.o
 .debug_rnglists
                0x000000000000080c       0x29 ./Drivers/STM32F3xx_HAL_Driver/Src/stm32f3xx_hal_rcc_ex.o
 .debug_rnglists
                0x0000000000000835      0x178 ./Drivers/STM32F3xx_HAL_Driver/Src/stm32f3xx_hal_spi.o
 .debug_rnglists
                0x00000000000009ad      0x1da ./Drivers/STM32F3xx_HAL_Driver/Src/stm32f3xx_hal_uart.o
 .debug_rnglists
                0x0000000000000b87       0x13 /usr/lib/gcc/arm-none-eabi/12.2.0/../../../../arm-none-eabi/lib/thumb/v7e-m+fp/hard/libc_nano.a(lib_a-init.o)
 .debug_rnglists
                0x0000000000000b9a       0x13 /usr/lib/gcc/arm-none-eabi/12.2.0/../../../../arm-none-eabi/lib/thumb/v7e-m+fp/hard/libc_nano.a(lib_a-memcmp.o)
 .debug_rnglists
                0x0000000000000bad       0x13 /usr/lib/gcc/arm-none-eabi/12.2.0/../../../../arm-none-eabi/lib/thumb/v7e-m+fp/hard/libc_nano.a(lib_a-memcpy-stub.o)
 .debug_rnglists
                0x0000000000000bc0       0x13 /usr/lib/gcc/arm-none-eabi/12.2.0/../../../../arm-none-eabi/lib/thumb/v7e-m+fp/hard/libc_nano.a(lib_a-memset.o)

.debug_macro    0x0000000000000000    0x24e35
 .debug_macro   0x0000000000000000      0x16b ./Core/Src/aes.o
 .debug_macro   0x000000000000016b      0xab4 ./Core/Src/aes.o
 .debug_macro   0x0000000000000c1f       0x22 ./Core/Src/aes.o
 .debug_macro   0x0000000000000c41       0x52 ./Core/Src/aes.o
 .debug_macro   0x0000000000000c93       0x1e ./Core/Src/aes.o
 .debug_macro   0x0000000000000cb1       0x94 ./Core/Src/aes.o
 .debug_macro   0x0000000000000d45       0x43 ./Core/Src/aes.o
 .debug_macro   0x0000000000000d88       0x34 ./Core/Src/aes.o
 .debug_macro   0x0000000000000dbc      0x189 ./Core/Src/aes.o
 .debug_macro   0x0000000000000f45       0x16 ./Core/Src/aes.o
 .debug_macro   0x0000000000000f5b       0x43 ./Core/Src/aes.o
 .debug_macro   0x0000000000000f9e       0x57 ./Core/Src/aes.o
 .debug_macro   0x0000000000000ff5       0x34 ./Core/Src/aes.o
 .debug_macro   0x0000000000001029       0x10 ./Core/Src/aes.o
 .debug_macro   0x0000000000001039       0x58 ./Core/Src/aes.o
 .debug_macro   0x0000000000001091       0x71 ./Core/Src/aes.o
 .debug_macro   0x0000000000001102       0x1c ./Core/Src/aes.o
 .debug_macro   0x000000000000111e      0x12a ./Core/Src/aes.o
 .debug_macro   0x0000000000001248      0x341 ./Core/Src/aes.o
 .debug_macro   0x0000000000001589       0x10 ./Core/Src/aes.o
 .debug_macro   0x0000000000001599       0x35 ./Core/Src/aes.o
 .debug_macro   0x00000000000015ce      0x103 ./Core/Src/aes.o
 .debug_macro   0x00000000000016d1       0x6a ./Core/Src/aes.o
 .debug_macro   0x000000000000173b      0x1df ./Core/Src/aes.o
 .debug_macro   0x000000000000191a       0x2e ./Core/Src/aes.o
 .debug_macro   0x0000000000001948       0x7b ./Core/Src/dw_config.o
 .debug_macro   0x00000000000019c3       0x8e ./Core/Src/dw_config.o
 .debug_macro   0x0000000000001a51       0x51 ./Core/Src/dw_config.o
 .debug_macro   0x0000000000001aa2      0x2f6 ./Core/Src/dw_config.o
 .debug_macro   0x0000000000001d98       0xca ./Core/Src/dw_config.o
 .debug_macro   0x0000000000001e62      0x3aa ./Core/Src/dw_helpers.o
 .debug_macro   0x000000000000220c       0x58 ./Core/Src/dw_helpers.o
 .debug_macro   0x0000000000002264       0x16 ./Core/Src/dw_helpers.o
 .debug_macro   0x000000000000227a       0x10 ./Core/Src/dw_helpers.o
 .debug_macro   0x000000000000228a       0x10 ./Core/Src/dw_helpers.o
 .debug_macro   0x000000000000229a       0x1c ./Core/Src/dw_helpers.o
 .debug_macro   0x00000000000022b6       0x52 ./Core/Src/dw_helpers.o
 .debug_macro   0x0000000000002308       0x22 ./Core/Src/dw_helpers.o
 .debug_macro   0x000000000000232a       0x10 ./Core/Src/dw_helpers.o
 .debug_macro   0x000000000000233a       0x52 ./Core/Src/dw_helpers.o
 .debug_macro   0x000000000000238c       0xd5 ./Core/Src/dw_helpers.o
 .debug_macro   0x0000000000002461       0x1c ./Core/Src/dw_helpers.o
 .debug_macro   0x000000000000247d       0x3d ./Core/Src/dw_helpers.o
 .debug_macro   0x00000000000024ba       0x16 ./Core/Src/dw_helpers.o
 .debug_macro   0x00000000000024d0      0x145 ./Core/Src/dw_helpers.o
 .debug_macro   0x0000000000002615       0x16 ./Core/Src/dw_helpers.o
 .debug_macro   0x000000000000262b       0x16 ./Core/Src/dw_helpers.o
 .debug_macro   0x0000000000002641     0x1863 ./Core/Src/dw_helpers.o
 .debug_macro   0x0000000000003ea4      0x157 ./Core/Src/dw_helpers.o
 .debug_macro   0x0000000000003ffb       0x2e ./Core/Src/dw_helpers.o
 .debug_macro   0x0000000000004029       0x28 ./Core/Src/dw_helpers.o
 .debug_macro   0x0000000000004051       0x1c ./Core/Src/dw_helpers.o
 .debug_macro   0x000000000000406d       0x22 ./Core/Src/dw_helpers.o
 .debug_macro   0x000000000000408f       0xd9 ./Core/Src/dw_helpers.o
 .debug_macro   0x0000000000004168     0x102d ./Core/Src/dw_helpers.o
 .debug_macro   0x0000000000005195      0x11f ./Core/Src/dw_helpers.o
 .debug_macro   0x00000000000052b4    0x1535a ./Core/Src/dw_helpers.o
 .debug_macro   0x000000000001a60e       0x6d ./Core/Src/dw_helpers.o
 .debug_macro   0x000000000001a67b     0x3540 ./Core/Src/dw_helpers.o
 .debug_macro   0x000000000001dbbb       0x4f ./Core/Src/dw_helpers.o
 .debug_macro   0x000000000001dc0a      0x954 ./Core/Src/dw_helpers.o
 .debug_macro   0x000000000001e55e      0x84a ./Core/Src/dw_helpers.o
 .debug_macro   0x000000000001eda8      0x1b6 ./Core/Src/dw_helpers.o
 .debug_macro   0x000000000001ef5e      0x23a ./Core/Src/dw_helpers.o
 .debug_macro   0x000000000001f198      0x1ea ./Core/Src/dw_helpers.o
 .debug_macro   0x000000000001f382      0x1bc ./Core/Src/dw_helpers.o
 .debug_macro   0x000000000001f53e       0x30 ./Core/Src/dw_helpers.o
 .debug_macro   0x000000000001f56e       0x3c ./Core/Src/dw_helpers.o
 .debug_macro   0x000000000001f5aa      0x236 ./Core/Src/dw_helpers.o
 .debug_macro   0x000000000001f7e0       0xc5 ./Core/Src/dw_helpers.o
 .debug_macro   0x000000000001f8a5      0x21d ./Core/Src/dw_helpers.o
 .debug_macro   0x000000000001fac2      0x22c ./Core/Src/dw_helpers.o
 .debug_macro   0x000000000001fcee       0x5b ./Core/Src/dw_helpers.o
 .debug_macro   0x000000000001fd49       0xa5 ./Core/Src/dw_helpers.o
 .debug_macro   0x000000000001fdee       0x81 ./Core/Src/dw_helpers.o
 .debug_macro   0x000000000001fe6f       0xd3 ./Core/Src/dw_helpers.o
 .debug_macro   0x000000000001ff42      0x2fe ./Core/Src/dw_helpers.o
 .debug_macro   0x0000000000020240      0x5a5 ./Core/Src/dw_helpers.o
 .debug_macro   0x00000000000207e5       0x44 ./Core/Src/dw_helpers.o
 .debug_macro   0x0000000000020829      0x347 ./Core/Src/dw_helpers.o
 .debug_macro   0x0000000000020b70      0x20a ./Core/Src/main.o
 .debug_macro   0x0000000000020d7a       0x55 ./Core/Src/main.o
 .debug_macro   0x0000000000020dcf       0x28 ./Core/Src/main.o
 .debug_macro   0x0000000000020df7      0x45f ./Core/Src/ranging.o
 .debug_macro   0x0000000000021256       0x10 ./Core/Src/ranging.o
 .debug_macro   0x0000000000021266       0x1c ./Core/Src/ranging.o
 .debug_macro   0x0000000000021282       0x10 ./Core/Src/ranging.o
 .debug_macro   0x0000000000021292      0x499 ./Core/Src/rid.o
 .debug_macro   0x000000000002172b       0x10 ./Core/Src/rid.o
 .debug_macro   0x000000000002173b       0x10 ./Core/Src/rid.o
 .debug_macro   0x000000000002174b       0x10 ./Core/Src/rid.o
 .debug_macro   0x000000000002175b       0x35 ./Core/Src/rid.o
 .debug_macro   0x0000000000021790       0x10 ./Core/Src/rid.o
 .debug_macro   0x00000000000217a0       0x16 ./Core/Src/rid.o
 .debug_macro   0x00000000000217b6       0x16 ./Core/Src/rid.o
 .debug_macro   0x00000000000217cc       0x34 ./Core/Src/rid.o
 .debug_macro   0x0000000000021800      0x3cc ./Core/Src/rid_auth.o
 .debug_macro   0x0000000000021bcc       0x2e ./Core/Src/rid_auth.o
 .debug_macro   0x0000000000021bfa      0x1e7 ./Core/Src/stm32f3xx_hal_msp.o
 .debug_macro   0x0000000000021de1      0x1f1 ./Core/Src/stm32f3xx_it.o
 .debug_macro   0x0000000000021fd2      0x1d8 ./Core/Src/system_stm32f3xx.o
 .debug_macro   0x00000000000221aa      0x371 ./Core/Src/decadriver/deca_device.o
 .debug_macro   0x000000000002251b      0x11c ./Core/Src/decadriver/deca_device.o
 .debug_macro   0x0000000000022637       0x94 ./Core/Src/decadriver/deca_device.o
 .debug_macro   0x00000000000226cb       0x2e ./Core/Src/decadriver/deca_device.o
 .debug_macro   0x00000000000226f9       0x94 ./Core/Src/decadriver/deca_device.o
 .debug_macro   0x000000000002278d      0x2d2 ./Core/Src/decadriver/deca_device.o
 .debug_macro   0x0000000000022a5f      0x20d ./Core/Src/decadriver/deca_params_init.o
 .debug_macro   0x0000000000022c6c       0x9e ./Core/Src/decadriver/deca_params_init.o
 .debug_macro   0x0000000000022d0a      0x10b ./Core/Src/decadriver/deca_params_init.o
 .debug_macro   0x0000000000022e15       0x8e ./Core/Src/decadriver/deca_params_init.o
 .debug_macro   0x0000000000022ea3      0x3b5 ./Core/Src/platform/deca_mutex.o
 .debug_macro   0x0000000000023258      0x3bf ./Core/Src/platform/deca_sleep.o
 .debug_macro   0x0000000000023617      0x3e7 ./Core/Src/platform/deca_spi.o
 .debug_macro   0x00000000000239fe       0x34 ./Core/Src/platform/deca_spi.o
 .debug_macro   0x0000000000023a32       0x2e ./Core/Src/platform/deca_spi.o
 .debug_macro   0x0000000000023a60      0x3c5 ./Core/Src/platform/port.o
 .debug_macro   0x0000000000023e25      0x2b4 ./Core/Src/platform/stdio_d.o
 .debug_macro   0x00000000000240d9      0x1fc ./Drivers/STM32F3xx_HAL_Driver/Src/stm32f3xx_hal.o
 .debug_macro   0x00000000000242d5      0x1d8 ./Drivers/STM32F3xx_HAL_Driver/Src/stm32f3xx_hal_cortex.o
 .debug_macro   0x00000000000244ad      0x1df ./Drivers/STM32F3xx_HAL_Driver/Src/stm32f3xx_hal_gpio.o
 .debug_macro   0x000000000002468c      0x1fc ./Drivers/STM32F3xx_HAL_Driver/Src/stm32f3xx_hal_rcc.o
 .debug_macro   0x0000000000024888      0x1d8 ./Drivers/STM32F3xx_HAL_Driver/Src/stm32f3xx_hal_rcc_ex.o
 .debug_macro   0x0000000000024a60      0x1e0 ./Drivers/STM32F3xx_HAL_Driver/Src/stm32f3xx_hal_spi.o
 .debug_macro   0x0000000000024c40      0x1f5 ./Drivers/STM32F3xx_HAL_Driver/Src/stm32f3xx_hal_uart.o

.debug_line     0x0000000000000000    0x116fa
 .debug_line    0x0000000000000000      0xb3d ./Core/Src/aes.o
 .debug_line    0x0000000000000b3d      0x16f ./Core/Src/dw_config.o
 .debug_line    0x0000000000000cac      0xa0e ./Core/Src/dw_helpers.o
 .debug_line    0x00000000000016ba      0x626 ./Core/Src/main.o
 .debug_line    0x0000000000001ce0      0x9c3 ./Core/Src/ranging.o
 .debug_line    0x00000000000026a3      0x9b2 ./Core/Src/rid.o
 .debug_line    0x0000000000003055      0x838 ./Core/Src/rid_auth.o
 .debug_line    0x000000000000388d      0x53c ./Core/Src/stm32f3xx_hal_msp.o
 .debug_line    0x0000000000003dc9      0x565 ./Core/Src/stm32f3xx_it.o
 .debug_line    0x000000000000432e      0x521 ./Core/Src/system_stm32f3xx.o
 .debug_line    0x000000000000484f     0x1cf9 ./Core/Src/decadriver/deca_device.o
 .debug_line    0x0000000000006548      0x2ee ./Core/Src/decadriver/deca_params_init.o
 .debug_line    0x0000000000006836      0x6be ./Core/Src/platform/deca_mutex.o
 .debug_line    0x0000000000006ef4      0x6a2 ./Core/Src/platform/deca_sleep.o
 .debug_line    0x0000000000007596      0x800 ./Core/Src/platform/deca_spi.o
 .debug_line    0x0000000000007d96      0x9dc ./Core/Src/platform/port.o
 .debug_line    0x0000000000008772      0x59f ./Core/Src/platform/stdio_d.o
 .debug_line    0x0000000000008d11       0x7a ./Core/Startup/startup_stm32f303retx.o
 .debug_line    0x0000000000008d8b      0x754 ./Drivers/STM32F3xx_HAL_Driver/Src/stm32f3xx_hal.o
 .debug_line    0x00000000000094df      0xa17 ./Drivers/STM32F3xx_HAL_Driver/Src/stm32f3xx_hal_cortex.o
 .debug_line    0x0000000000009ef6      0x8f5 ./Drivers/STM32F3xx_HAL_Driver/Src/stm32f3xx_hal_gpio.o
 .debug_line    0x000000000000a7eb     0x1140 ./Drivers/STM32F3xx_HAL_Driver/Src/stm32f3xx_hal_rcc.o
 .debug_line    0x000000000000b92b      0xc94 ./Drivers/STM32F3xx_HAL_Driver/Src/stm32f3xx_hal_rcc_ex.o
 .debug_line    0x000000000000c5bf     0x1d0c ./Drivers/STM32F3xx_HAL_Driver/Src/stm32f3xx_hal_spi.o
 .debug_line    0x000000000000e2cb     0x2eed ./Drivers/STM32F3xx_HAL_Driver/Src/stm32f3xx_hal_uart.o
 .debug_line    0x00000000000111b8      0x13b /usr/lib/gcc/arm-none-eabi/12.2.0/../../../../arm-none-eabi/lib/thumb/v7e-m+fp/hard/libc_nano.a(lib_a-init.o)
 .debug_line    0x00000000000112f3      0x148 /usr/lib/gcc/arm-none-eabi/12.2.0/../../../../arm-none-eabi/lib/thumb/v7e-m+fp/hard/libc_nano.a(lib_a-memcmp.o)
 .debug_line    0x000000000001143b      0x147 /usr/lib/gcc/arm-none-eabi/12.2.0/../../../../arm-none-eabi/lib/thumb/v7e-m+fp/hard/libc_nano.a(lib_a-memcpy-stub.o)
 .debug_line    0x0000000000011582      0x129 /usr/lib/gcc/arm-none-eabi/12.2.0/../../../../arm-none-eabi/lib/thumb/v7e-m+fp/hard/libc_nano.a(lib_a-memset.o)
 .debug_line    0x00000000000116ab       0x4f /usr/lib/gcc/arm-none-eabi/12.2.0/../../../../arm-none-eabi/lib/thumb/v7e-m+fp/hard/libc_nano.a(lib_a-strlen.o)

.debug_str      0x0000000000000000    0xcb7b3
 .debug_str     0x0000000000000000     0x6f03 ./Core/Src/aes.o
                                       0x7159 (size before relaxing)
 .debug_str     0x0000000000006f03      0xe01 ./Core/Src/dw_config.o
                                       0x4af9 (size before relaxing)
 .debug_str     0x0000000000007d04    0xbe247 ./Core/Src/dw_helpers.o
                                      0xc6442 (size before relaxing)
 .debug_str     0x00000000000c5f4b      0xb1b ./Core/Src/main.o
                                      0xbca90 (size before relaxing)
 .debug_str     0x00000000000c6a66     0x11a0 ./Core/Src/ranging.o
                                      0xc7475 (size before relaxing)
 .debug_str     0x00000000000c7c06      0x4cb ./Core/Src/rid.o
                                      0xc790e (size before relaxing)
 .debug_str     0x00000000000c80d1       0x86 ./Core/Src/rid_auth.o
                                      0xc651c (size before relaxing)
 .debug_str     0x00000000000c8157       0x8d ./Core/Src/stm32f3xx_hal_msp.o
                                      0xbc655 (size before relaxing)
 .debug_str     0x00000000000c81e4       0xc9 ./Core/Src/stm32f3xx_it.o
                                      0xbc002 (size before relaxing)
 .debug_str     0x00000000000c82ad       0xe9 ./Core/Src/system_stm32f3xx.o
                                      0xbc004 (size before relaxing)
 .debug_str     0x00000000000c8396      0xff4 ./Core/Src/decadriver/deca_device.o
                                      0xc62ac (size before relaxing)
 .debug_str     0x00000000000c938a       0x2a ./Core/Src/decadriver/deca_params_init.o
                                       0xd97d (size before relaxing)
 .debug_str     0x00000000000c93b4       0x5f ./Core/Src/platform/deca_mutex.o
                                      0xc0fc9 (size before relaxing)
 .debug_str     0x00000000000c9413       0x3b ./Core/Src/platform/deca_sleep.o
                                      0xc0f87 (size before relaxing)
 .debug_str     0x00000000000c944e       0xbb ./Core/Src/platform/deca_spi.o
                                      0xc15bb (size before relaxing)
 .debug_str     0x00000000000c9509      0x5b2 ./Core/Src/platform/port.o
                                      0xc1cc0 (size before relaxing)
 .debug_str     0x00000000000c9abb       0x38 ./Core/Src/platform/stdio_d.o
                                      0xbf209 (size before relaxing)
 .debug_str     0x00000000000c9af3       0x42 ./Core/Startup/startup_stm32f303retx.o
                                         0x81 (size before relaxing)
 .debug_str     0x00000000000c9b35      0x37c ./Drivers/STM32F3xx_HAL_Driver/Src/stm32f3xx_hal.o
                                      0xbc8ad (size before relaxing)
 .debug_str     0x00000000000c9eb1      0x2d9 ./Drivers/STM32F3xx_HAL_Driver/Src/stm32f3xx_hal_cortex.o
                                      0xbc8ff (size before relaxing)
 .debug_str     0x00000000000ca18a      0x154 ./Drivers/STM32F3xx_HAL_Driver/Src/stm32f3xx_hal_gpio.o
                                      0xbc1e9 (size before relaxing)
 .debug_str     0x00000000000ca2de      0x2cb ./Drivers/STM32F3xx_HAL_Driver/Src/stm32f3xx_hal_rcc.o
                                      0xbc4a8 (size before relaxing)
 .debug_str     0x00000000000ca5a9       0xbe ./Drivers/STM32F3xx_HAL_Driver/Src/stm32f3xx_hal_rcc_ex.o
                                      0xbc2f2 (size before relaxing)
 .debug_str     0x00000000000ca667      0x59b ./Drivers/STM32F3xx_HAL_Driver/Src/stm32f3xx_hal_spi.o
                                      0xbc92a (size before relaxing)
 .debug_str     0x00000000000cac02      0x846 ./Drivers/STM32F3xx_HAL_Driver/Src/stm32f3xx_hal_uart.o
                                      0xbccff (size before relaxing)
 .debug_str     0x00000000000cb448      0x188 /usr/lib/gcc/arm-none-eabi/12.2.0/../../../../arm-none-eabi/lib/thumb/v7e-m+fp/hard/libc_nano.a(lib_a-init.o)
                                        0x230 (size before relaxing)
 .debug_str     0x00000000000cb5d0       0xaa /usr/lib/gcc/arm-none-eabi/12.2.0/../../../../arm-none-eabi/lib/thumb/v7e-m+fp/hard/libc_nano.a(lib_a-memcmp.o)
                                        0x1d1 (size before relaxing)
 .debug_str     0x00000000000cb67a       0xd0 /usr/lib/gcc/arm-none-eabi/12.2.0/../../../../arm-none-eabi/lib/thumb/v7e-m+fp/hard/libc_nano.a(lib_a-memcpy-stub.o)
                                        0x1f7 (size before relaxing)
 .debug_str     0x00000000000cb74a       0x4a /usr/lib/gcc/arm-none-eabi/12.2.0/../../../../arm-none-eabi/lib/thumb/v7e-m+fp/hard/libc_nano.a(lib_a-memset.o)
                                        0x1d1 (size before relaxing)
 .debug_str     0x00000000000cb794       0x1f /usr/lib/gcc/arm-none-eabi/12.2.0/../../../../arm-none-eabi/lib/thumb/v7e-m+fp/hard/libc_nano.a(lib_a-strlen.o)
                                         0x84 (size before relaxing)

.comment        0x0000000000000000       0x3c
 .comment       0x0000000000000000       0x1e ./Core/Src/aes.o
                                         0x1f (size before relaxing)
 .comment       0x000000000000001e       0x1f ./Core/Src/dw_config.o
 .comment       0x000000000000001e       0x1f ./Core/Src/dw_helpers.o
 .comment       0x000000000000001e       0x1f ./Core/Src/main.o
 .comment       0x000000000000001e       0x1f ./Core/Src/ranging.o
 .comment       0x000000000000001e       0x1f ./Core/Src/rid.o
 .comment       0x000000000000001e       0x1f ./Core/Src/rid_auth.o
 .comment       0x000000000000001e       0x1f ./Core/Src/stm32f3xx_hal_msp.o
 .comment       0x000000000000001e       0x1f ./Core/Src/stm32f3xx_it.o
 .comment       0x000000000000001e       0x1f ./Core/Src/system_stm32f3xx.o
 .comment       0x000000000000001e       0x1f ./Core/Src/decadriver/deca_device.o
 .comment       0x000000000000001e       0x1f ./Core/Src/decadriver/deca_params_init.o
 .comment       0x000000000000001e       0x1f ./Core/Src/platform/deca_mutex.o
 .comment       0x000000000000001e       0x1f ./Core/Src/platform/deca_sleep.o
 .comment       0x000000000000001e       0x1f ./Core/Src/platform/deca_spi.o
 .comment       0x000000000000001e       0x1f ./Core/Src/platform/port.o
 .comment       0x000000000000001e       0x1f ./Core/Src/platform/stdio_d.o
 .comment       0x000000000000001e       0x1f ./Drivers/STM32F3xx_HAL_Driver/Src/stm32f3xx_hal.o
 .comment       0x000000000000001e       0x1f ./Drivers/STM32F3xx_HAL_Driver/Src/stm32f3xx_hal_cortex.o
 .comment       0x000000000000001e       0x1f ./Drivers/STM32F3xx_HAL_Driver/Src/stm32f3xx_hal_gpio.o
 .comment       0x000000000000001e       0x1f ./Drivers/STM32F3xx_HAL_Driver/Src/stm32f3xx_hal_rcc.o
 .comment       0x000000000000001e       0x1f ./Drivers/STM32F3xx_HAL_Driver/Src/stm32f3xx_hal_rcc_ex.o
 .comment       0x000000000000001e       0x1f ./Drivers/STM32F3xx_HAL_Driver/Src/stm32f3xx_hal_spi.o
 .comment       0x000000000000001e       0x1f ./Drivers/STM32F3xx_HAL_Driver/Src/stm32f3xx_hal_uart.o
 .comment       0x000000000000001e       0x1e /usr/lib/gcc/arm-none-eabi/12.2.0/../../../../arm-none-eabi/lib/thumb/v7e-m+fp/hard/libc_nano.a(lib_a-init.o)
                                         0x1f (size before relaxing)
 .comment       0x000000000000003c       0x1f /usr/lib/gcc/arm-none-eabi/12.2.0/../../../../arm-none-eabi/lib/thumb/v7e-m+fp/hard/libc_nano.a(lib_a-memcmp.o)
 .comment       0x000000000000003c       0x1f /usr/lib/gcc/arm-none-eabi/12.2.0/../../../../arm-none-eabi/lib/thumb/v7e-m+fp/hard/libc_nano.a(lib_a-memcpy-stub.o)
 .comment       0x000000000000003c       0x1f /usr/lib/gcc/arm-none-eabi/12.2.0/../../../../arm-none-eabi/lib/thumb/v7e-m+fp/hard/libc_nano.a(lib_a-memset.o)

.debug_frame    0x0000000000000000     0x3c58
 .debug_frame   0x0000000000000000      0x310 ./Core/Src/aes.o
 .debug_frame   0x0000000000000310       0xf0 ./Core/Src/dw_helpers.o
 .debug_frame   0x0000000000000400       0xc8 ./Core/Src/main.o
 .debug_frame   0x00000000000004c8      0x16c ./Core/Src/ranging.o
 .debug_frame   0x0000000000000634      0x168 ./Core/Src/rid.o
 .debug_frame   0x000000000000079c       0xec ./Core/Src/rid_auth.o
 .debug_frame   0x0000000000000888       0xc8 ./Core/Src/stm32f3xx_hal_msp.o
 .debug_frame   0x0000000000000950      0x104 ./Core/Src/stm32f3xx_it.o
 .debug_frame   0x0000000000000a54       0x58 ./Core/Src/system_stm32f3xx.o
 .debug_frame   0x0000000000000aac      0xe40 ./Core/Src/decadriver/deca_device.o
 .debug_frame   0x00000000000018ec       0x58 ./Core/Src/platform/deca_mutex.o
 .debug_frame   0x0000000000001944       0x34 ./Core/Src/platform/deca_sleep.o
 .debug_frame   0x0000000000001978       0x98 ./Core/Src/platform/deca_spi.o
 .debug_frame   0x0000000000001a10      0x328 ./Core/Src/platform/port.o
 .debug_frame   0x0000000000001d38       0x5c ./Core/Src/platform/stdio_d.o
 .debug_frame   0x0000000000001d94      0x334 ./Drivers/STM32F3xx_HAL_Driver/Src/stm32f3xx_hal.o
 .debug_frame   0x00000000000020c8      0x498 ./Drivers/STM32F3xx_HAL_Driver/Src/stm32f3xx_hal_cortex.o
 .debug_frame   0x0000000000002560      0x14c ./Drivers/STM32F3xx_HAL_Driver/Src/stm32f3xx_hal_gpio.o
 .debug_frame   0x00000000000026ac      0x214 ./Drivers/STM32F3xx_HAL_Driver/Src/stm32f3xx_hal_rcc.o
 .debug_frame   0x00000000000028c0       0xb4 ./Drivers/STM32F3xx_HAL_Driver/Src/stm32f3xx_hal_rcc_ex.o
 .debug_frame   0x0000000000002974      0x860 ./Drivers/STM32F3xx_HAL_Driver/Src/stm32f3xx_hal_spi.o
 .debug_frame   0x00000000000031d4      0x9e8 ./Drivers/STM32F3xx_HAL_Driver/Src/stm32f3xx_hal_uart.o
 .debug_frame   0x0000000000003bbc       0x2c /usr/lib/gcc/arm-none-eabi/12.2.0/../../../../arm-none-eabi/lib/thumb/v7e-m+fp/hard/libc_nano.a(lib_a-init.o)
 .debug_frame   0x0000000000003be8       0x28 /usr/lib/gcc/arm-none-eabi/12.2.0/../../../../arm-none-eabi/lib/thumb/v7e-m+fp/hard/libc_nano.a(lib_a-memcmp.o)
 .debug_frame   0x0000000000003c10       0x28 /usr/lib/gcc/arm-none-eabi/12.2.0/../../../../arm-none-eabi/lib/thumb/v7e-m+fp/hard/libc_nano.a(lib_a-memcpy-stub.o)
 .debug_frame   0x0000000000003c38       0x20 /usr/lib/gcc/arm-none-eabi/12.2.0/../../../../arm-none-eabi/lib/thumb/v7e-m+fp/hard/libc_nano.a(lib_a-memset.o)

.debug_loclists
                0x0000000000000000      0x2c3
 .debug_loclists
                0x0000000000000000      0x108 ./Core/Src/platform/deca_spi.o
 .debug_loclists
                0x0000000000000108       0x44 /usr/lib/gcc/arm-none-eabi/12.2.0/../../../../arm-none-eabi/lib/thumb/v7e-m+fp/hard/libc_nano.a(lib_a-init.o)
 .debug_loclists
                0x000000000000014c       0xa1 /usr/lib/gcc/arm-none-eabi/12.2.0/../../../../arm-none-eabi/lib/thumb/v7e-m+fp/hard/libc_nano.a(lib_a-memcmp.o)
 .debug_loclists
                0x00000000000001ed       0x8f /usr/lib/gcc/arm-none-eabi/12.2.0/../../../../arm-none-eabi/lib/thumb/v7e-m+fp/hard/libc_nano.a(lib_a-memcpy-stub.o)
 .debug_loclists
                0x000000000000027c       0x47 /usr/lib/gcc/arm-none-eabi/12.2.0/../../../../arm-none-eabi/lib/thumb/v7e-m+fp/hard/libc_nano.a(lib_a-memset.o)

.debug_line_str
                0x0000000000000000       0xc3
 .debug_line_str
                0x0000000000000000       0x67 ./Core/Startup/startup_stm32f303retx.o
 .debug_line_str
                0x0000000000000067       0x5c /usr/lib/gcc/arm-none-eabi/12.2.0/../../../../arm-none-eabi/lib/thumb/v7e-m+fp/hard/libc_nano.a(lib_a-strlen.o)
                                         0xb8 (size before relaxing)
