../Core/Src/decadriver/deca_device.c:105:7:dwt_apiversion	4	static
../Core/Src/decadriver/deca_device.c:122:5:dwt_setlocaldataptr	16	static
../Core/Src/decadriver/deca_device.c:177:5:dwt_initialise	40	static
../Core/Src/decadriver/deca_device.c:348:7:dwt_otprevision	4	static
../Core/Src/decadriver/deca_device.c:365:6:dwt_setfinegraintxseq	16	static
../Core/Src/decadriver/deca_device.c:393:6:dwt_setlnapamode	24	static
../Core/Src/decadriver/deca_device.c:419:6:dwt_enablegpioclocks	16	static
../Core/Src/decadriver/deca_device.c:438:6:dwt_setgpiodirection	24	static
../Core/Src/decadriver/deca_device.c:463:6:dwt_setgpiovalue	24	static
../Core/Src/decadriver/deca_device.c:488:5:dwt_getgpiovalue	16	static
../Core/Src/decadriver/deca_device.c:507:7:dwt_geticrefvolt	4	static
../Core/Src/decadriver/deca_device.c:528:7:dwt_geticreftemp	4	static
../Core/Src/decadriver/deca_device.c:549:8:dwt_getpartid	4	static
../Core/Src/decadriver/deca_device.c:571:8:dwt_getlotid	4	static
../Core/Src/decadriver/deca_device.c:591:8:dwt_readdevid	8	static
../Core/Src/decadriver/deca_device.c:610:6:dwt_configuretxrf	16	static
../Core/Src/decadriver/deca_device.c:636:6:dwt_configurefor64plen	16	static
../Core/Src/decadriver/deca_device.c:666:6:dwt_configure	32	static
../Core/Src/decadriver/deca_device.c:805:6:dwt_setrxantennadelay	16	static
../Core/Src/decadriver/deca_device.c:824:6:dwt_settxantennadelay	16	static
../Core/Src/decadriver/deca_device.c:850:5:dwt_writetxdata	16	static
../Core/Src/decadriver/deca_device.c:887:6:dwt_writetxfctrl	24	static
../Core/Src/decadriver/deca_device.c:917:6:dwt_readrxdata	16	static
../Core/Src/decadriver/deca_device.c:939:6:dwt_readaccdata	16	static
../Core/Src/decadriver/deca_device.c:966:7:dwt_readcarrierintegrator	24	static
../Core/Src/decadriver/deca_device.c:999:6:dwt_readdiagnostics	16	static
../Core/Src/decadriver/deca_device.c:1027:6:dwt_readtxtimestamp	16	static
../Core/Src/decadriver/deca_device.c:1043:8:dwt_readtxtimestamphi32	8	static
../Core/Src/decadriver/deca_device.c:1059:8:dwt_readtxtimestamplo32	8	static
../Core/Src/decadriver/deca_device.c:1076:6:dwt_readrxtimestamp	16	static
../Core/Src/decadriver/deca_device.c:1092:8:dwt_readrxtimestamphi32	8	static
../Core/Src/decadriver/deca_device.c:1108:8:dwt_readrxtimestamplo32	8	static
../Core/Src/decadriver/deca_device.c:1124:8:dwt_readsystimestamphi32	8	static
../Core/Src/decadriver/deca_device.c:1142:6:dwt_readsystime	16	static
../Core/Src/decadriver/deca_device.c:1170:6:dwt_writetodevice	32	static
../Core/Src/decadriver/deca_device.c:1234:6:dwt_readfromdevice	32	static
../Core/Src/decadriver/deca_device.c:1290:8:dwt_read32bitoffsetreg	32	static
../Core/Src/decadriver/deca_device.c:1319:8:dwt_read16bitoffsetreg	24	static
../Core/Src/decadriver/deca_device.c:1344:7:dwt_read8bitoffsetreg	24	static
../Core/Src/decadriver/deca_device.c:1367:6:dwt_write8bitoffsetreg	24	static
../Core/Src/decadriver/deca_device.c:1386:6:dwt_write16bitoffsetreg	32	static
../Core/Src/decadriver/deca_device.c:1410:6:dwt_write32bitoffsetreg	32	static
../Core/Src/decadriver/deca_device.c:1444:6:dwt_enableframefilter	24	static
../Core/Src/decadriver/deca_device.c:1475:6:dwt_setpanid	16	static
../Core/Src/decadriver/deca_device.c:1493:6:dwt_setaddress16	16	static
../Core/Src/decadriver/deca_device.c:1511:6:dwt_seteui	16	static
../Core/Src/decadriver/deca_device.c:1528:6:dwt_geteui	16	static
../Core/Src/decadriver/deca_device.c:1547:6:dwt_otpread	32	static
../Core/Src/decadriver/deca_device.c:1575:8:_dwt_otpread	24	static
../Core/Src/decadriver/deca_device.c:1613:8:_dwt_otpsetmrregs	32	static
../Core/Src/decadriver/deca_device.c:1754:8:_dwt_otpprogword32	24	static
../Core/Src/decadriver/deca_device.c:1807:5:dwt_otpwriteandverify	24	static
../Core/Src/decadriver/deca_device.c:1862:6:_dwt_aonconfigupload	8	static
../Core/Src/decadriver/deca_device.c:1880:6:_dwt_aonarrayupload	8	static
../Core/Src/decadriver/deca_device.c:1898:6:dwt_entersleep	8	static
../Core/Src/decadriver/deca_device.c:1918:6:dwt_configuresleepcnt	16	static
../Core/Src/decadriver/deca_device.c:1956:8:dwt_calibratesleepcnt	16	static
../Core/Src/decadriver/deca_device.c:2043:6:dwt_configuresleep	16	static
../Core/Src/decadriver/deca_device.c:2068:6:dwt_entersleepaftertx	24	static
../Core/Src/decadriver/deca_device.c:2107:5:dwt_spicswakeup	16	static
../Core/Src/decadriver/deca_device.c:2143:6:_dwt_configlde	16	static
../Core/Src/decadriver/deca_device.c:2169:6:_dwt_loaducodefromrom	8	static
../Core/Src/decadriver/deca_device.c:2198:6:dwt_loadopsettabfromotp	24	static
../Core/Src/decadriver/deca_device.c:2224:6:dwt_setsmarttxpower	24	static
../Core/Src/decadriver/deca_device.c:2257:6:dwt_enableautoack	16	static
../Core/Src/decadriver/deca_device.c:2278:6:dwt_setdblrxbuffmode	16	static
../Core/Src/decadriver/deca_device.c:2308:6:dwt_setrxaftertxdelay	24	static
../Core/Src/decadriver/deca_device.c:2337:6:dwt_setcallbacks	24	static
../Core/Src/decadriver/deca_device.c:2356:7:dwt_checkirq	8	static
../Core/Src/decadriver/deca_device.c:2385:6:dwt_isr	32	static
../Core/Src/decadriver/deca_device.c:2522:6:dwt_lowpowerlistenisr	32	static
../Core/Src/decadriver/deca_device.c:2592:6:dwt_setleds	24	static
../Core/Src/decadriver/deca_device.c:2645:6:_dwt_enableclocks	24	static
../Core/Src/decadriver/deca_device.c:2729:6:_dwt_disablesequencing	8	static
../Core/Src/decadriver/deca_device.c:2749:6:dwt_setdelayedtrxtime	16	static
../Core/Src/decadriver/deca_device.c:2771:5:dwt_starttx	24	static
../Core/Src/decadriver/deca_device.c:2822:6:dwt_forcetrxoff	16	static
../Core/Src/decadriver/deca_device.c:2864:6:dwt_syncrxbufptrs	16	static
../Core/Src/decadriver/deca_device.c:2896:6:dwt_setsniffmode	24	static
../Core/Src/decadriver/deca_device.c:2948:6:dwt_setlowpowerlistening	24	static
../Core/Src/decadriver/deca_device.c:2978:6:dwt_setsnoozetime	16	static
../Core/Src/decadriver/deca_device.c:3002:5:dwt_rxenable	24	static
../Core/Src/decadriver/deca_device.c:3053:6:dwt_setrxtimeout	24	static
../Core/Src/decadriver/deca_device.c:3095:6:dwt_setpreambledetecttimeout	16	static
../Core/Src/decadriver/deca_device.c:3125:6:dwt_setinterrupt	24	static
../Core/Src/decadriver/deca_device.c:3165:6:dwt_configeventcounters	16	static
../Core/Src/decadriver/deca_device.c:3188:6:dwt_readeventcounters	24	static
../Core/Src/decadriver/deca_device.c:3229:6:dwt_rxreset	8	static
../Core/Src/decadriver/deca_device.c:3249:6:dwt_softreset	8	static
../Core/Src/decadriver/deca_device.c:3285:6:dwt_setxtaltrim	24	static
../Core/Src/decadriver/deca_device.c:3304:7:dwt_getxtaltrim	8	static
../Core/Src/decadriver/deca_device.c:3321:6:dwt_configcwmode	16	static
../Core/Src/decadriver/deca_device.c:3373:6:dwt_configcontinuousframemode	16	static
../Core/Src/decadriver/deca_device.c:3422:8:dwt_readtempvbat	24	static
../Core/Src/decadriver/deca_device.c:3488:7:dwt_convertrawtemperature	24	static
../Core/Src/decadriver/deca_device.c:3514:7:dwt_convertdegtemptoraw	24	static
../Core/Src/decadriver/deca_device.c:3549:7:dwt_convertrawvoltage	24	static
../Core/Src/decadriver/deca_device.c:3576:7:dwt_convertvoltstoraw	32	static
../Core/Src/decadriver/deca_device.c:3601:7:dwt_readwakeuptemp	8	static
../Core/Src/decadriver/deca_device.c:3619:7:dwt_readwakeupvbat	8	static
../Core/Src/decadriver/deca_device.c:3640:8:dwt_calcbandwidthtempadj	48	static
../Core/Src/decadriver/deca_device.c:3741:8:_dwt_computetxpowersetting	32	static
../Core/Src/decadriver/deca_device.c:3814:9:dwt_calcpowertempadj	32	static
../Core/Src/decadriver/deca_device.c:3866:8:dwt_calcpgcount	40	static
