../Drivers/CMSIS/Include/core_cm4.h:1688:22:__NVIC_EnableIRQ	16	static
../Drivers/CMSIS/Include/core_cm4.h:1724:22:__NVIC_DisableIRQ	16	static
../Core/Src/platform/port.c:45:1:portGetTickCnt	8	static
../Core/Src/platform/port.c:55:6:usleep	24	static
../Core/Src/platform/port.c:75:1:Sleep	16	static
../Core/Src/platform/port.c:94:5:peripherals_init	4	static
../Core/Src/platform/port.c:103:6:spi_peripheral_init	4	static
../Core/Src/platform/port.c:119:10:EXTI_GetITEnStatus	16	static
../Core/Src/platform/port.c:142:6:reset_DW1000	32	static
../Core/Src/platform/port.c:170:6:setup_DW1000RSTnIRQ	40	static
../Core/Src/platform/port.c:206:5:port_is_boot1_low	8	static
../Core/Src/platform/port.c:215:5:port_is_boot1_on	16	static
../Core/Src/platform/port.c:225:5:port_is_switch_on	16	static
../Core/Src/platform/port.c:233:6:port_wakeup_dw1000	8	static
../Core/Src/platform/port.c:246:6:port_wakeup_dw1000_fast	16	static
../Core/Src/platform/port.c:278:6:port_set_dw1000_slowrate	8	static
../Core/Src/platform/port.c:288:6:port_set_dw1000_fastrate	8	static
../Core/Src/platform/port.c:312:6:HAL_GPIO_EXTI_Callback	16	static
../Core/Src/platform/port.c:332:15:process_deca_irq	8	static
../Core/Src/platform/port.c:347:15:port_DisableEXT_IRQ	8	static
../Core/Src/platform/port.c:356:15:port_EnableEXT_IRQ	8	static
../Core/Src/platform/port.c:365:19:port_GetEXT_IRQStatus	8	static
../Core/Src/platform/port.c:374:19:port_CheckEXT_IRQ	8	static
../Core/Src/platform/port.c:403:6:port_set_deca_isr	24	static
