deca_device.c:102:7:dwt_apiversion	4	static
deca_device.c:119:5:dwt_setlocaldataptr	16	static
deca_device.c:174:5:dwt_initialise	40	static
deca_device.c:345:7:dwt_otprevision	4	static
deca_device.c:362:6:dwt_setfinegraintxseq	16	static
deca_device.c:390:6:dwt_setlnapamode	24	static
deca_device.c:416:6:dwt_enablegpioclocks	16	static
deca_device.c:435:6:dwt_setgpiodirection	24	static
deca_device.c:460:6:dwt_setgpiovalue	24	static
deca_device.c:485:5:dwt_getgpiovalue	16	static
deca_device.c:504:7:dwt_geticrefvolt	4	static
deca_device.c:525:7:dwt_geticreftemp	4	static
deca_device.c:546:8:dwt_getpartid	4	static
deca_device.c:568:8:dwt_getlotid	4	static
deca_device.c:588:8:dwt_readdevid	8	static
deca_device.c:607:6:dwt_configuretxrf	16	static
deca_device.c:633:6:dwt_configurefor64plen	16	static
deca_device.c:663:6:dwt_configure	32	static
deca_device.c:802:6:dwt_setrxantennadelay	16	static
deca_device.c:821:6:dwt_settxantennadelay	16	static
deca_device.c:847:5:dwt_writetxdata	16	static
deca_device.c:884:6:dwt_writetxfctrl	24	static
deca_device.c:914:6:dwt_readrxdata	16	static
deca_device.c:936:6:dwt_readaccdata	16	static
deca_device.c:963:7:dwt_readcarrierintegrator	24	static
deca_device.c:996:6:dwt_readdiagnostics	16	static
deca_device.c:1024:6:dwt_readtxtimestamp	16	static
deca_device.c:1040:8:dwt_readtxtimestamphi32	8	static
deca_device.c:1056:8:dwt_readtxtimestamplo32	8	static
deca_device.c:1073:6:dwt_readrxtimestamp	16	static
deca_device.c:1089:8:dwt_readrxtimestamphi32	8	static
deca_device.c:1105:8:dwt_readrxtimestamplo32	8	static
deca_device.c:1121:8:dwt_readsystimestamphi32	8	static
deca_device.c:1139:6:dwt_readsystime	16	static
deca_device.c:1167:6:dwt_writetodevice	32	static
deca_device.c:1231:6:dwt_readfromdevice	32	static
deca_device.c:1287:8:dwt_read32bitoffsetreg	32	static
deca_device.c:1316:8:dwt_read16bitoffsetreg	24	static
deca_device.c:1341:7:dwt_read8bitoffsetreg	24	static
deca_device.c:1364:6:dwt_write8bitoffsetreg	24	static
deca_device.c:1383:6:dwt_write16bitoffsetreg	32	static
deca_device.c:1407:6:dwt_write32bitoffsetreg	32	static
deca_device.c:1441:6:dwt_enableframefilter	24	static
deca_device.c:1472:6:dwt_setpanid	16	static
deca_device.c:1490:6:dwt_setaddress16	16	static
deca_device.c:1508:6:dwt_seteui	16	static
deca_device.c:1525:6:dwt_geteui	16	static
deca_device.c:1544:6:dwt_otpread	32	static
deca_device.c:1572:8:_dwt_otpread	24	static
deca_device.c:1610:8:_dwt_otpsetmrregs	32	static
deca_device.c:1751:8:_dwt_otpprogword32	24	static
deca_device.c:1804:5:dwt_otpwriteandverify	24	static
deca_device.c:1859:6:_dwt_aonconfigupload	8	static
deca_device.c:1877:6:_dwt_aonarrayupload	8	static
deca_device.c:1895:6:dwt_entersleep	8	static
deca_device.c:1915:6:dwt_configuresleepcnt	16	static
deca_device.c:1953:8:dwt_calibratesleepcnt	16	static
deca_device.c:2040:6:dwt_configuresleep	16	static
deca_device.c:2065:6:dwt_entersleepaftertx	24	static
deca_device.c:2104:5:dwt_spicswakeup	16	static
deca_device.c:2140:6:_dwt_configlde	16	static
deca_device.c:2166:6:_dwt_loaducodefromrom	8	static
deca_device.c:2195:6:dwt_loadopsettabfromotp	24	static
deca_device.c:2221:6:dwt_setsmarttxpower	24	static
deca_device.c:2254:6:dwt_enableautoack	16	static
deca_device.c:2275:6:dwt_setdblrxbuffmode	16	static
deca_device.c:2305:6:dwt_setrxaftertxdelay	24	static
deca_device.c:2334:6:dwt_setcallbacks	24	static
deca_device.c:2353:7:dwt_checkirq	8	static
deca_device.c:2382:6:dwt_isr	32	static
deca_device.c:2519:6:dwt_lowpowerlistenisr	32	static
deca_device.c:2589:6:dwt_setleds	24	static
deca_device.c:2642:6:_dwt_enableclocks	24	static
deca_device.c:2722:6:_dwt_disablesequencing	8	static
deca_device.c:2742:6:dwt_setdelayedtrxtime	16	static
deca_device.c:2764:5:dwt_starttx	24	static
deca_device.c:2815:6:dwt_forcetrxoff	16	static
deca_device.c:2857:6:dwt_syncrxbufptrs	16	static
deca_device.c:2889:6:dwt_setsniffmode	24	static
deca_device.c:2941:6:dwt_setlowpowerlistening	24	static
deca_device.c:2971:6:dwt_setsnoozetime	16	static
deca_device.c:2995:5:dwt_rxenable	24	static
deca_device.c:3046:6:dwt_setrxtimeout	24	static
deca_device.c:3088:6:dwt_setpreambledetecttimeout	16	static
deca_device.c:3118:6:dwt_setinterrupt	24	static
deca_device.c:3158:6:dwt_configeventcounters	16	static
deca_device.c:3181:6:dwt_readeventcounters	24	static
deca_device.c:3222:6:dwt_rxreset	8	static
deca_device.c:3242:6:dwt_softreset	8	static
deca_device.c:3278:6:dwt_setxtaltrim	24	static
deca_device.c:3297:7:dwt_getxtaltrim	8	static
deca_device.c:3314:6:dwt_configcwmode	16	static
deca_device.c:3366:6:dwt_configcontinuousframemode	16	static
deca_device.c:3415:8:dwt_readtempvbat	24	static
deca_device.c:3481:7:dwt_convertrawtemperature	24	static
deca_device.c:3507:7:dwt_convertdegtemptoraw	24	static
deca_device.c:3542:7:dwt_convertrawvoltage	24	static
deca_device.c:3569:7:dwt_convertvoltstoraw	32	static
deca_device.c:3594:7:dwt_readwakeuptemp	8	static
deca_device.c:3612:7:dwt_readwakeupvbat	8	static
deca_device.c:3633:8:dwt_calcbandwidthtempadj	48	static
deca_device.c:3734:8:_dwt_computetxpowersetting	32	static
deca_device.c:3807:9:dwt_calcpowertempadj	32	static
deca_device.c:3859:8:dwt_calcpgcount	40	static
